Archive member included because of file (symbol)

libs/gcc/app_start.lib(fileSys.o)
                              build\gcc\obj/custom/fota/src/fota_ftp.o (Ql_FS_Open)
libs/gcc/app_start.lib(fota.o)
                              build\gcc\obj/custom/fota/src/fota_main.o (Ql_FOTA_Init)
libs/gcc/app_start.lib(gprs.o)
                              build\gcc\obj/custom/fota/src/fota_main.o (Ql_GPRS_GetPDPContextId)
libs/gcc/app_start.lib(iic.o)
                              build\gcc\obj/example/nema_pro.o (Ql_IIC_Write)
libs/gcc/app_start.lib(lib_ril_sms.o)
                              build\gcc\obj/ril/src/ril_sms.o (LIB_SMS_IsValidHexStr)
libs/gcc/app_start.lib(memory.o)
                              build\gcc\obj/ril/src/ril_bluetooth.o (Ql_MEM_Alloc)
libs/gcc/app_start.lib(power.o)
                              build\gcc\obj/custom/main.o (Ql_GetPowerSupply)
libs/gcc/app_start.lib(ql_func.o)
                              libs/gcc/app_start.lib(memory.o) (api_notsup)
libs/gcc/app_start.lib(ql_main.o)
                              build\gcc\obj/ril/src/ril_bluetooth.o (Ql_Debug_Trace)
libs/gcc/app_start.lib(ril_aux.o)
                              build\gcc\obj/custom/config/sys_config.o (proc_reserved2)
libs/gcc/app_start.lib(ril_main.o)
                              build\gcc\obj/custom/config/sys_config.o (proc_reserved1)
libs/gcc/app_start.lib(stdlib_func.o)
                              build\gcc\obj/ril/src/Ril_dtmf.o (Ql_atof)
libs/gcc/app_start.lib(system.o)
                              build\gcc\obj/ril/src/ril_ftp.o (Ql_Sleep)
libs/gcc/app_start.lib(taskMngt.o)
                              build\gcc\obj/custom/main.o (Ql_OS_GetMessage)
libs/gcc/app_start.lib(timer.o)
                              build\gcc\obj/custom/main.o (Ql_Timer_Register)
libs/gcc/app_start.lib(uart.o)
                              build\gcc\obj/custom/main.o (Ql_UART_Register)
libs/gcc/app_start.lib(ocpu_init.o)
                              libs/gcc/app_start.lib(ql_main.o) (_OCPU_InitUserMem)
C:\Users\admin\CodeSourcery\Sourcery_CodeBench_Lite_for_ARM_EABI/arm-none-eabi/lib/thumb/libm.a(lib_a-s_cos.o)
                              build\gcc\obj/custom/main.o (cos)
C:\Users\admin\CodeSourcery\Sourcery_CodeBench_Lite_for_ARM_EABI/arm-none-eabi/lib/thumb/libm.a(lib_a-s_sin.o)
                              build\gcc\obj/custom/main.o (sin)
C:\Users\admin\CodeSourcery\Sourcery_CodeBench_Lite_for_ARM_EABI/arm-none-eabi/lib/thumb/libm.a(lib_a-w_atan2.o)
                              build\gcc\obj/custom/main.o (atan2)
C:\Users\admin\CodeSourcery\Sourcery_CodeBench_Lite_for_ARM_EABI/arm-none-eabi/lib/thumb/libm.a(lib_a-w_sqrt.o)
                              build\gcc\obj/custom/main.o (sqrt)
C:\Users\admin\CodeSourcery\Sourcery_CodeBench_Lite_for_ARM_EABI/arm-none-eabi/lib/thumb/libm.a(lib_a-e_atan2.o)
                              C:\Users\admin\CodeSourcery\Sourcery_CodeBench_Lite_for_ARM_EABI/arm-none-eabi/lib/thumb/libm.a(lib_a-w_atan2.o) (__ieee754_atan2)
C:\Users\admin\CodeSourcery\Sourcery_CodeBench_Lite_for_ARM_EABI/arm-none-eabi/lib/thumb/libm.a(lib_a-e_rem_pio2.o)
                              C:\Users\admin\CodeSourcery\Sourcery_CodeBench_Lite_for_ARM_EABI/arm-none-eabi/lib/thumb/libm.a(lib_a-s_cos.o) (__ieee754_rem_pio2)
C:\Users\admin\CodeSourcery\Sourcery_CodeBench_Lite_for_ARM_EABI/arm-none-eabi/lib/thumb/libm.a(lib_a-e_sqrt.o)
                              C:\Users\admin\CodeSourcery\Sourcery_CodeBench_Lite_for_ARM_EABI/arm-none-eabi/lib/thumb/libm.a(lib_a-w_sqrt.o) (__ieee754_sqrt)
C:\Users\admin\CodeSourcery\Sourcery_CodeBench_Lite_for_ARM_EABI/arm-none-eabi/lib/thumb/libm.a(lib_a-k_cos.o)
                              C:\Users\admin\CodeSourcery\Sourcery_CodeBench_Lite_for_ARM_EABI/arm-none-eabi/lib/thumb/libm.a(lib_a-s_cos.o) (__kernel_cos)
C:\Users\admin\CodeSourcery\Sourcery_CodeBench_Lite_for_ARM_EABI/arm-none-eabi/lib/thumb/libm.a(lib_a-k_rem_pio2.o)
                              C:\Users\admin\CodeSourcery\Sourcery_CodeBench_Lite_for_ARM_EABI/arm-none-eabi/lib/thumb/libm.a(lib_a-e_rem_pio2.o) (__kernel_rem_pio2)
C:\Users\admin\CodeSourcery\Sourcery_CodeBench_Lite_for_ARM_EABI/arm-none-eabi/lib/thumb/libm.a(lib_a-k_sin.o)
                              C:\Users\admin\CodeSourcery\Sourcery_CodeBench_Lite_for_ARM_EABI/arm-none-eabi/lib/thumb/libm.a(lib_a-s_cos.o) (__kernel_sin)
C:\Users\admin\CodeSourcery\Sourcery_CodeBench_Lite_for_ARM_EABI/arm-none-eabi/lib/thumb/libm.a(lib_a-s_atan.o)
                              C:\Users\admin\CodeSourcery\Sourcery_CodeBench_Lite_for_ARM_EABI/arm-none-eabi/lib/thumb/libm.a(lib_a-e_atan2.o) (atan)
C:\Users\admin\CodeSourcery\Sourcery_CodeBench_Lite_for_ARM_EABI/arm-none-eabi/lib/thumb/libm.a(lib_a-s_fabs.o)
                              C:\Users\admin\CodeSourcery\Sourcery_CodeBench_Lite_for_ARM_EABI/arm-none-eabi/lib/thumb/libm.a(lib_a-e_atan2.o) (fabs)
C:\Users\admin\CodeSourcery\Sourcery_CodeBench_Lite_for_ARM_EABI/arm-none-eabi/lib/thumb/libm.a(lib_a-s_floor.o)
[...]
Memory Configuration

Name             Origin             Length             Attributes
ROM              0x102db040         0x00050000         xr
RAM              0xf03d2000         0x00019000         xrw
*default*        0x00000000         0xffffffff

Linker script and memory map

                0x102db040                . = 0x102db040

.initdata       0x102db040       0x2c
 *(.initdata)
 .initdata      0x102db040       0x2c libs/gcc/app_start.lib(ql_main.o)
                0x102db040                GADLENTRY

text            0x102db070     0x33a0
 *(.text)
 .text          0x102db070       0x4c libs/gcc/app_start.lib(ocpu_init.o)
                0x102db070                _OCPU_InitUserMem
 *fill*         0x102db0bc        0x4 
 .text          0x102db0c0       0xb0 C:\Users\admin\CodeSourcery\Sourcery_CodeBench_Lite_for_ARM_EABI/arm-none-eabi/lib/thumb/libm.a(lib_a-s_cos.o)
                0x102db0c0                cos
 .text          0x102db170       0xb0 C:\Users\admin\CodeSourcery\Sourcery_CodeBench_Lite_for_ARM_EABI/arm-none-eabi/lib/thumb/libm.a(lib_a-s_sin.o)
                0x102db170                sin
 .text          0x102db220        0xc C:\Users\admin\CodeSourcery\Sourcery_CodeBench_Lite_for_ARM_EABI/arm-none-eabi/lib/thumb/libm.a(lib_a-w_atan2.o)
                0x102db220                atan2
 *fill*         0x102db22c        0x4 
 .text          0x102db230       0xc0 C:\Users\admin\CodeSourcery\Sourcery_CodeBench_Lite_for_ARM_EABI/arm-none-eabi/lib/thumb/libm.a(lib_a-w_sqrt.o)
                0x102db230                sqrt
 .text          0x102db2f0      0x1e8 C:\Users\admin\CodeSourcery\Sourcery_CodeBench_Lite_for_ARM_EABI/arm-none-eabi/lib/thumb/libm.a(lib_a-e_atan2.o)
                0x102db2f0                __ieee754_atan2
 .text          0x102db4d8      0x498 C:\Users\admin\CodeSourcery\Sourcery_CodeBench_Lite_for_ARM_EABI/arm-none-eabi/lib/thumb/libm.a(lib_a-e_rem_pio2.o)
                0x102db4d8                __ieee754_rem_pio2
 .text          0x102db970      0x1c4 C:\Users\admin\CodeSourcery\Sourcery_CodeBench_Lite_for_ARM_EABI/arm-none-eabi/lib/thumb/libm.a(lib_a-e_sqrt.o)
                0x102db970                __ieee754_sqrt
 *fill*         0x102dbb34        0x4 
 .text          0x102dbb38      0x250 C:\Users\admin\CodeSourcery\Sourcery_CodeBench_Lite_for_ARM_EABI/arm-none-eabi/lib/thumb/libm.a(lib_a-k_cos.o)
                0x102dbb38                __kernel_cos
 .text          0x102dbd88      0x858 C:\Users\admin\CodeSourcery\Sourcery_CodeBench_Lite_for_ARM_EABI/arm-none-eabi/lib/thumb/libm.a(lib_a-k_rem_pio2.o)
                0x102dbd88                __kernel_rem_pio2
 .text          0x102dc5e0      0x168 C:\Users\admin\CodeSourcery\Sourcery_CodeBench_Lite_for_ARM_EABI/arm-none-eabi/lib/thumb/libm.a(lib_a-k_sin.o)
                0x102dc5e0                __kernel_sin
 .text          0x102dc748      0x358 C:\Users\admin\CodeSourcery\Sourcery_CodeBench_Lite_for_ARM_EABI/arm-none-eabi/lib/thumb/libm.a(lib_a-s_atan.o)
                0x102dc748                atan
 .text          0x102dcaa0        0x8 C:\Users\admin\CodeSourcery\Sourcery_CodeBench_Lite_for_ARM_EABI/arm-none-eabi/lib/thumb/libm.a(lib_a-s_fabs.o)
                0x102dcaa0                fabs
 .text          0x102dcaa8      0x140 C:\Users\admin\CodeSourcery\Sourcery_CodeBench_Lite_for_ARM_EABI/arm-none-eabi/lib/thumb/libm.a(lib_a-s_floor.o)
                0x102dcaa8                floor
 .text          0x102dcbe8       0x5c C:\Users\admin\CodeSourcery\Sourcery_CodeBench_Lite_for_ARM_EABI/arm-none-eabi/lib/thumb/libm.a(lib_a-s_fpclassify.o)
                0x102dcbe8                __fpclassifyd
 .text          0x102dcc44        0x4 C:\Users\admin\CodeSourcery\Sourcery_CodeBench_Lite_for_ARM_EABI/arm-none-eabi/lib/thumb/libm.a(lib_a-s_matherr.o)
                0x102dcc44                matherr
 .text          0x102dcc48      0x118 C:\Users\admin\CodeSourcery\Sourcery_CodeBench_Lite_for_ARM_EABI/arm-none-eabi/lib/thumb/libm.a(lib_a-s_scalbn.o)
                0x102dcc48                scalbn
 .text          0x102dcd60       0x14 C:\Users\admin\CodeSourcery\Sourcery_CodeBench_Lite_for_ARM_EABI/arm-none-eabi/lib/thumb/libm.a(lib_a-s_copysign.o)
                0x102dcd60                copysign
 .text          0x102dcd74        0xc C:\Users\admin\CodeSourcery\Sourcery_CodeBench_Lite_for_ARM_EABI/arm-none-eabi/lib/thumb/libc.a(lib_a-errno.o)
                0x102dcd74                __errno
 .text          0x102dcd80      0x10c C:\Users\admin\CodeSourcery\Sourcery_CodeBench_Lite_for_ARM_EABI/arm-none-eabi/lib/thumb/libc.a(lib_a-memcpy.o)
                0x102dcd80                memcpy
 .text          0x102dce8c       0x9c C:\Users\admin\CodeSourcery\Sourcery_CodeBench_Lite_for_ARM_EABI/arm-none-eabi/lib/thumb/libc.a(lib_a-memset.o)
                0x102dce8c                memset
 .text          0x102dcf28      0x11c C:\Users\admin\CodeSourcery\Sourcery_CodeBench_Lite_for_ARM_EABI/lib/gcc/arm-none-eabi/4.7.2/thumb/libgcc.a(_udivsi3.o)
                0x102dcf28                __aeabi_uidiv
                0x102dcf28                __udivsi3
                0x102dd024                __aeabi_uidivmod
 .text          0x102dd044      0x150 C:\Users\admin\CodeSourcery\Sourcery_CodeBench_Lite_for_ARM_EABI/lib/gcc/arm-none-eabi/4.7.2/thumb/libgcc.a(_divsi3.o)
                0x102dd044                __divsi3
                0x102dd044                __aeabi_idiv
                0x102dd174                __aeabi_idivmod
 .text          0x102dd194        0x4 C:\Users\admin\CodeSourcery\Sourcery_CodeBench_Lite_for_ARM_EABI/lib/gcc/arm-none-eabi/4.7.2/thumb/libgcc.a(_dvmd_tls.o)
                0x102dd194                __aeabi_idiv0
                0x102dd194                __aeabi_ldiv0
 .text          0x102dd198      0x41c C:\Users\admin\CodeSourcery\Sourcery_CodeBench_Lite_for_ARM_EABI/lib/gcc/arm-none-eabi/4.7.2/thumb/libgcc.a(_arm_addsubdf3.o)
                0x102dd198                __aeabi_drsub
                0x102dd1a0                __aeabi_dsub
                0x102dd1a0                __subdf3
                0x102dd1a4                __aeabi_dadd
                0x102dd1a4                __adddf3
                0x102dd4b4                __floatunsidf
                0x102dd4b4                __aeabi_ui2d
                0x102dd4d8                __floatsidf
                0x102dd4d8                __aeabi_i2d
                0x102dd500                __aeabi_f2d
                0x102dd500                __extendsfdf2
                0x102dd540                __floatundidf
                0x102dd540                __aeabi_ul2d
                0x102dd554                __floatdidf
                0x102dd554                __aeabi_l2d
 .text          0x102dd5b4      0x49c C:\Users\admin\CodeSourcery\Sourcery_CodeBench_Lite_for_ARM_EABI/lib/gcc/arm-none-eabi/4.7.2/thumb/libgcc.a(_arm_muldivdf3.o)
                0x102dd5b4                __aeabi_dmul
                0x102dd5b4                __muldf3
                0x102dd844                __divdf3
                0x102dd844                __aeabi_ddiv
 .text          0x102dda50      0x144 C:\Users\admin\CodeSourcery\Sourcery_CodeBench_Lite_for_ARM_EABI/lib/gcc/arm-none-eabi/4.7.2/thumb/libgcc.a(_arm_cmpdf2.o)
                0x102dda50                __gtdf2
                0x102dda50                __gedf2
                0x102dda58                __ltdf2
                0x102dda58                __ledf2
                0x102dda60                __nedf2
                0x102dda60                __eqdf2
                0x102dda60                __cmpdf2
                0x102ddae8                __aeabi_cdrcmple
                0x102ddb04                __aeabi_cdcmpeq
                0x102ddb04                __aeabi_cdcmple
                0x102ddb1c                __aeabi_dcmpeq
                0x102ddb34                __aeabi_dcmplt
                0x102ddb4c                __aeabi_dcmple
                0x102ddb64                __aeabi_dcmpge
                0x102ddb7c                __aeabi_dcmpgt
 .text          0x102ddb94       0x5c C:\Users\admin\CodeSourcery\Sourcery_CodeBench_Lite_for_ARM_EABI/lib/gcc/arm-none-eabi/4.7.2/thumb/libgcc.a(_arm_fixdfsi.o)
                0x102ddb94                __aeabi_d2iz
                0x102ddb94                __fixdfsi
 .text          0x102ddbf0       0xa0 C:\Users\admin\CodeSourcery\Sourcery_CodeBench_Lite_for_ARM_EABI/lib/gcc/arm-none-eabi/4.7.2/thumb/libgcc.a(_arm_truncdfsf2.o)
                0x102ddbf0                __truncdfsf2
                0x102ddbf0                __aeabi_d2f
 .text          0x102ddc90      0x2ac C:\Users\admin\CodeSourcery\Sourcery_CodeBench_Lite_for_ARM_EABI/lib/gcc/arm-none-eabi/4.7.2/thumb/libgcc.a(_arm_addsubsf3.o)
                0x102ddc90                __aeabi_frsub
                0x102ddc98                __subsf3
                0x102ddc98                __aeabi_fsub
                0x102ddc9c                __aeabi_fadd
                0x102ddc9c                __addsf3
                0x102dde58                __aeabi_ui2f
                0x102dde58                __floatunsisf
                0x102dde60                __aeabi_i2f
                0x102dde60                __floatsisf
                0x102dde80                __aeabi_ul2f
                0x102dde80                __floatundisf
                0x102dde90                __aeabi_l2f
                0x102dde90                __floatdisf
 .text          0x102ddf3c      0x2f8 C:\Users\admin\CodeSourcery\Sourcery_CodeBench_Lite_for_ARM_EABI/lib/gcc/arm-none-eabi/4.7.2/thumb/libgcc.a(_arm_muldivsf3.o)
                0x102ddf3c                __mulsf3
                0x102ddf3c                __aeabi_fmul
                0x102de0d4                __aeabi_fdiv
                0x102de0d4                __divsf3
 .text          0x102de234      0x114 C:\Users\admin\CodeSourcery\Sourcery_CodeBench_Lite_for_ARM_EABI/lib/gcc/arm-none-eabi/4.7.2/thumb/libgcc.a(_arm_cmpsf2.o)
                0x102de234                __gesf2
                0x102de234                __gtsf2
                0x102de23c                __lesf2
                0x102de23c                __ltsf2
                0x102de244                __nesf2
                0x102de244                __eqsf2
                0x102de244                __cmpsf2
                0x102de2a8                __aeabi_cfrcmple
                0x102de2b8                __aeabi_cfcmpeq
                0x102de2b8                __aeabi_cfcmple
                0x102de2d0                __aeabi_fcmpeq
                0x102de2e8                __aeabi_fcmplt
                0x102de300                __aeabi_fcmple
                0x102de318                __aeabi_fcmpge
                0x102de330                __aeabi_fcmpgt
 .text          0x102de348       0x5c C:\Users\admin\CodeSourcery\Sourcery_CodeBench_Lite_for_ARM_EABI/lib/gcc/arm-none-eabi/4.7.2/thumb/libgcc.a(_arm_fixsfsi.o)
                0x102de348                __aeabi_f2iz
                0x102de348                __fixsfsi
 *fill*         0x102de3a4        0x4 
 .text.__stub   0x102de3a8       0x64 linker stubs

.glue_7         0x102de410        0x0
 .glue_7        0x00000000        0x0 linker stubs

.glue_7t        0x102de410        0x0
 .glue_7t       0x00000000        0x0 linker stubs

.vfp11_veneer   0x102de410        0x0
 .vfp11_veneer  0x00000000        0x0 linker stubs

.v4_bx          0x102de410        0x0
 .v4_bx         0x00000000        0x0 linker stubs

.iplt           0x102de410        0x0
 .iplt          0x00000000        0x0 build\gcc\obj/custom/config/custom_sys_cfg.o

.text.Ql_RIL_AT_SetErrCode
                0x102de410       0x10
 .text.Ql_RIL_AT_SetErrCode
                0x102de410       0x10 build\gcc\obj/ril/src/ril_atResponse.o
                0x102de410                Ql_RIL_AT_SetErrCode

.text.Default_atRsp_callback
                0x102de420       0xcc
 .text.Default_atRsp_callback
                0x102de420       0xcc build\gcc\obj/ril/src/ril_atResponse.o
                0x102de420                Default_atRsp_callback

.text.OnURCHandler_BTGatscon
                0x102de4ec      0x118
 .text.OnURCHandler_BTGatscon
                0x102de4ec      0x118 build\gcc\obj/ril/src/ril_ble.o
                0x102de4ec                OnURCHandler_BTGatscon

.text.OnURCHandler_BTGatwreq
                0x102de604       0xf8
 .text.OnURCHandler_BTGatwreq
                0x102de604       0xf8 build\gcc\obj/ril/src/ril_ble.o
                0x102de604                OnURCHandler_BTGatwreq

.text.OnURCHandler_BTGatewreq
                0x102de6fc       0xe0
 .text.OnURCHandler_BTGatewreq
                0x102de6fc       0xe0 build\gcc\obj/ril/src/ril_ble.o
                0x102de6fc                OnURCHandler_BTGatewreq

.text.OnURCHandler_BTGatrreq
                0x102de7dc       0xc8
 .text.OnURCHandler_BTGatrreq
                0x102de7dc       0xc8 build\gcc\obj/ril/src/ril_ble.o
                0x102de7dc                OnURCHandler_BTGatrreq

.text.OnURCHandler_BTpxpscon
                0x102de8a4       0xa8
 .text.OnURCHandler_BTpxpscon
                0x102de8a4       0xa8 build\gcc\obj/ril/src/ril_ble.o
                0x102de8a4                OnURCHandler_BTpxpscon

.text.OnURCHandler_BTfmpscon
                0x102de94c       0x9c
 .text.OnURCHandler_BTfmpscon
                0x102de94c       0x9c build\gcc\obj/ril/src/ril_ble.o
                0x102de94c                OnURCHandler_BTfmpscon

.text.OnURCHandler_BTGatcscan
                0x102de9e8      0x194
 .text.OnURCHandler_BTGatcscan
                0x102de9e8      0x194 build\gcc\obj/ril/src/ril_ble_clinet.o
                0x102de9e8                OnURCHandler_BTGatcscan

.text.OnURCHandler_BTGatccon
                0x102deb7c      0x178
 .text.OnURCHandler_BTGatccon
                0x102deb7c      0x178 build\gcc\obj/ril/src/ril_ble_clinet.o
                0x102deb7c                OnURCHandler_BTGatccon

.text.OnURCHandler_BTGatcss
                0x102decf4      0x150
 .text.OnURCHandler_BTGatcss
                0x102decf4      0x150 build\gcc\obj/ril/src/ril_ble_clinet.o
                0x102decf4                OnURCHandler_BTGatcss

.text.OnURCHandler_BTGatcgc
                0x102dee44      0x1f0
 .text.OnURCHandler_BTGatcgc
                0x102dee44      0x1f0 build\gcc\obj/ril/src/ril_ble_clinet.o
                0x102dee44                OnURCHandler_BTGatcgc

.text.OnURCHandler_BTGatcgd
                0x102df034      0x218
 .text.OnURCHandler_BTGatcgd
                0x102df034      0x218 build\gcc\obj/ril/src/ril_ble_clinet.o
                0x102df034                OnURCHandler_BTGatcgd

.text.OnURCHandler_BTGatcrc
                0x102df24c      0x100
 .text.OnURCHandler_BTGatcrc
                0x102df24c      0x100 build\gcc\obj/ril/src/ril_ble_clinet.o
                0x102df24c                OnURCHandler_BTGatcrc

.text.OnURCHandler_BTGatcrd
                0x102df34c      0x100
 .text.OnURCHandler_BTGatcrd
                0x102df34c      0x100 build\gcc\obj/ril/src/ril_ble_clinet.o
                0x102df34c                OnURCHandler_BTGatcrd

.text.OnURCHandler_BTGatcn
                0x102df44c      0x1a0
 .text.OnURCHandler_BTGatcn
                0x102df44c      0x1a0 build\gcc\obj/ril/src/ril_ble_clinet.o
                0x102df44c                OnURCHandler_BTGatcn

.text.BT_DevMngmt_Append
                0x102df5ec       0x34
 .text.BT_DevMngmt_Append
                0x102df5ec       0x34 build\gcc\obj/ril/src/ril_bluetooth.o

.text.BT_DevMngmt_isFull
                0x102df620       0x40
 .text.BT_DevMngmt_isFull
                0x102df620       0x40 build\gcc\obj/ril/src/ril_bluetooth.o

.text.ATRsp_QBTSTATE_Hdlr
                0x102df660      0x444
 .text.ATRsp_QBTSTATE_Hdlr
                0x102df660      0x444 build\gcc\obj/ril/src/ril_bluetooth.o

.text.BT_DevMngmt_UpdateProfileId.constprop.7
                0x102dfaa4       0x38
 .text.BT_DevMngmt_UpdateProfileId.constprop.7
                0x102dfaa4       0x38 build\gcc\obj/ril/src/ril_bluetooth.o

.text.BT_DevMngmt_UpdateConnId.constprop.8
                0x102dfadc       0x38
 .text.BT_DevMngmt_UpdateConnId.constprop.8
                0x102dfadc       0x38 build\gcc\obj/ril/src/ril_bluetooth.o

.text.OnURCHandler_BTVisible
                0x102dfb14       0xe4
 .text.OnURCHandler_BTVisible
                0x102dfb14       0xe4 build\gcc\obj/ril/src/ril_bluetooth.o
                0x102dfb14                OnURCHandler_BTVisible

.text.OnURCHandler_BTScan
                0x102dfbf8      0x26c
 .text.OnURCHandler_BTScan
                0x102dfbf8      0x26c build\gcc\obj/ril/src/ril_bluetooth.o
                0x102dfbf8                OnURCHandler_BTScan

.text.RIL_BT_QueryState
                0x102dfe64       0x68
 .text.RIL_BT_QueryState
                0x102dfe64       0x68 build\gcc\obj/ril/src/ril_bluetooth.o
                0x102dfe64                RIL_BT_QueryState

.text.OnURCHandler_BTPair
                0x102dfecc      0x208
 .text.OnURCHandler_BTPair
                0x102dfecc      0x208 build\gcc\obj/ril/src/ril_bluetooth.o
                0x102dfecc                OnURCHandler_BTPair

.text.OnURCHandler_BTPairCnf
                0x102e00d4      0x22c
 .text.OnURCHandler_BTPairCnf
                0x102e00d4      0x22c build\gcc\obj/ril/src/ril_bluetooth.o
                0x102e00d4                OnURCHandler_BTPairCnf

.text.OnURCHandler_BTConn
                0x102e0300      0x234
 .text.OnURCHandler_BTConn
                0x102e0300      0x234 build\gcc\obj/ril/src/ril_bluetooth.o
                0x102e0300                OnURCHandler_BTConn

.text.OnURCHandler_BTConnCnf
                0x102e0534      0x2bc
 .text.OnURCHandler_BTConnCnf
                0x102e0534      0x2bc build\gcc\obj/ril/src/ril_bluetooth.o
                0x102e0534                OnURCHandler_BTConnCnf

.text.OnURCHandler_BTDisconn
                0x102e07f0      0x1b8
 .text.OnURCHandler_BTDisconn
                0x102e07f0      0x1b8 build\gcc\obj/ril/src/ril_bluetooth.o
                0x102e07f0                OnURCHandler_BTDisconn

.text.OnURCHandler_BTIndication
                0x102e09a8      0x35c
 .text.OnURCHandler_BTIndication
                0x102e09a8      0x35c build\gcc\obj/ril/src/ril_bluetooth.o
                0x102e09a8                OnURCHandler_BTIndication

.text.Ql_RIL_RcvDataFrmCore
                0x102e0d04       0x20
 .text.Ql_RIL_RcvDataFrmCore
                0x102e0d04       0x20 build\gcc\obj/ril/src/ril_custom.o
                0x102e0d04                Ql_RIL_RcvDataFrmCore

.text.OnURCHandler_QToneDet
                0x102e0d24       0xf4
 .text.OnURCHandler_QToneDet
                0x102e0d24       0xf4 build\gcc\obj/ril/src/Ril_dtmf.o
                0x102e0d24                OnURCHandler_QToneDet

.text.OnURCHandler_QWDTMF
                0x102e0e18       0xa0
 .text.OnURCHandler_QWDTMF
                0x102e0e18       0xa0 build\gcc\obj/ril/src/Ril_dtmf.o
                0x102e0e18                OnURCHandler_QWDTMF

.text.ATResponse_GPSRead_Hdlr
                0x102e0eb8      0x3c8
 .text.ATResponse_GPSRead_Hdlr
                0x102e0eb8      0x3c8 build\gcc\obj/ril/src/ril_gps.o

.text.RIL_GPS_Open
                0x102e1280       0xb4
 .text.RIL_GPS_Open
                0x102e1280       0xb4 build\gcc\obj/ril/src/ril_gps.o
                0x102e1280                RIL_GPS_Open

.text.RIL_GPS_Read
                0x102e1334      0x12c
 .text.RIL_GPS_Read
                0x102e1334      0x12c build\gcc\obj/ril/src/ril_gps.o
                0x102e1334                RIL_GPS_Read

.text.OnURCHandler_GPSCMD
                0x102e1460       0x6c
 .text.OnURCHandler_GPSCMD
                0x102e1460       0x6c build\gcc\obj/ril/src/ril_gps.o
                0x102e1460                OnURCHandler_GPSCMD

.text.RIL_GetInitCmdCnt
                0x102e14cc        0x8
 .text.RIL_GetInitCmdCnt
                0x102e14cc        0x8 build\gcc\obj/ril/src/ril_init.o
                0x102e14cc                RIL_GetInitCmdCnt

.text.RIL_GetLimitedCmdCnt
                0x102e14d4        0x8
 .text.RIL_GetLimitedCmdCnt
                0x102e14d4        0x8 build\gcc\obj/ril/src/ril_init.o
                0x102e14d4                RIL_GetLimitedCmdCnt

.text.OnURCHandler_QCELLLocation
                0x102e14dc      0x148
 .text.OnURCHandler_QCELLLocation
                0x102e14dc      0x148 build\gcc\obj/ril/src/ril_location.o
                0x102e14dc                OnURCHandler_QCELLLocation

.text.ATResponse_QMTPUB_handler
                0x102e1624       0xb4
 .text.ATResponse_QMTPUB_handler
                0x102e1624       0xb4 build\gcc\obj/ril/src/ril_mqtt.o

.text.ATResponse_Handler
                0x102e16d8       0x9c
 .text.ATResponse_Handler
                0x102e16d8       0x9c build\gcc\obj/ril/src/ril_mqtt.o

.text.RIL_MQTT_QMTCFG_Showrecvlen
                0x102e1774       0x88
 .text.RIL_MQTT_QMTCFG_Showrecvlen
                0x102e1774       0x88 build\gcc\obj/ril/src/ril_mqtt.o
                0x102e1774                RIL_MQTT_QMTCFG_Showrecvlen

.text.RIL_MQTT_QMTCFG_Version_Select
                0x102e17fc       0x88
 .text.RIL_MQTT_QMTCFG_Version_Select
                0x102e17fc       0x88 build\gcc\obj/ril/src/ril_mqtt.o
                0x102e17fc                RIL_MQTT_QMTCFG_Version_Select

.text.RIL_MQTT_QMTOPEN
                0x102e1884       0x90
 .text.RIL_MQTT_QMTOPEN
                0x102e1884       0x90 build\gcc\obj/ril/src/ril_mqtt.o
                0x102e1884                RIL_MQTT_QMTOPEN

.text.RIL_MQTT_QMTCONN
                0x102e1914       0xc0
 .text.RIL_MQTT_QMTCONN
                0x102e1914       0xc0 build\gcc\obj/ril/src/ril_mqtt.o
                0x102e1914                RIL_MQTT_QMTCONN

.text.RIL_MQTT_QMTSUB
                0x102e19d4      0x194
 .text.RIL_MQTT_QMTSUB
                0x102e19d4      0x194 build\gcc\obj/ril/src/ril_mqtt.o
                0x102e19d4                RIL_MQTT_QMTSUB

.text.RIL_MQTT_QMTPUB
                0x102e1b68      0x108
 .text.RIL_MQTT_QMTPUB
                0x102e1b68      0x108 build\gcc\obj/ril/src/ril_mqtt.o
                0x102e1b68                RIL_MQTT_QMTPUB

.text.ATResponse_CGREG_Handler
                0x102e1c70       0xcc
 .text.ATResponse_CGREG_Handler
                0x102e1c70       0xcc build\gcc\obj/ril/src/ril_network.o

.text.RIL_NW_GetGPRSState
                0x102e1d3c       0x78
 .text.RIL_NW_GetGPRSState
                0x102e1d3c       0x78 build\gcc\obj/ril/src/ril_network.o
                0x102e1d3c                RIL_NW_GetGPRSState

.text.RIL_NW_SetGPRSContext
                0x102e1db4       0x7c
 .text.RIL_NW_SetGPRSContext
                0x102e1db4       0x7c build\gcc\obj/ril/src/ril_network.o
                0x102e1db4                RIL_NW_SetGPRSContext

.text.RIL_NW_SetAPN
                0x102e1e30      0x10c
 .text.RIL_NW_SetAPN
                0x102e1e30      0x10c build\gcc\obj/ril/src/ril_network.o
                0x102e1e30                RIL_NW_SetAPN

.text.RIL_NW_OpenPDPContext
                0x102e1f3c       0xb0
 .text.RIL_NW_OpenPDPContext
                0x102e1f3c       0xb0 build\gcc\obj/ril/src/ril_network.o
                0x102e1f3c                RIL_NW_OpenPDPContext

.text.OnURCHandler_NTPCMD
                0x102e1fec       0x6c
 .text.OnURCHandler_NTPCMD
                0x102e1fec       0x6c build\gcc\obj/ril/src/ril_ntp.o
                0x102e1fec                OnURCHandler_NTPCMD

.text.RIL_SIM_GetSimStateByName
                0x102e2058      0x170
 .text.RIL_SIM_GetSimStateByName
                0x102e2058      0x170 build\gcc\obj/ril/src/ril_sim.o
                0x102e2058                RIL_SIM_GetSimStateByName

.text.QSDK_Get_Str
                0x102e21c8       0xd0
 .text.QSDK_Get_Str
                0x102e21c8       0xd0 build\gcc\obj/ril/src/ril_system.o
                0x102e21c8                QSDK_Get_Str

.text.QSDK_Get_Strlen
                0x102e2298       0x68
 .text.QSDK_Get_Strlen
                0x102e2298       0x68 build\gcc\obj/ril/src/ril_system.o
                0x102e2298                QSDK_Get_Strlen

.text.OnURCHandler_HTTP
                0x102e2300       0x6c
 .text.OnURCHandler_HTTP
                0x102e2300       0x6c build\gcc\obj/ril/src/ril_urc.o

.text.OnURCHandler_AudPlayInd
                0x102e236c       0x50
 .text.OnURCHandler_AudPlayInd
                0x102e236c       0x50 build\gcc\obj/ril/src/ril_urc.o

.text.OnURCHandler_MQTT_DISC
                0x102e23bc      0x124
 .text.OnURCHandler_MQTT_DISC
                0x102e23bc      0x124 build\gcc\obj/ril/src/ril_urc.o

.text.OnURCHandler_MQTT_CLOSE
                0x102e24e0      0x124
 .text.OnURCHandler_MQTT_CLOSE
                0x102e24e0      0x124 build\gcc\obj/ril/src/ril_urc.o

.text.OnURCHandler_MQTT_STATE
                0x102e2604       0xf8
 .text.OnURCHandler_MQTT_STATE
                0x102e2604       0xf8 build\gcc\obj/ril/src/ril_urc.o

.text.OnURCHandler_MQTT_TUNS
                0x102e26fc      0x124
 .text.OnURCHandler_MQTT_TUNS
                0x102e26fc      0x124 build\gcc\obj/ril/src/ril_urc.o

.text.OnURCHandler_MQTT_PUB
                0x102e2820      0x164
 .text.OnURCHandler_MQTT_PUB
                0x102e2820      0x164 build\gcc\obj/ril/src/ril_urc.o

.text.OnURCHandler_MQTT_SUB
                0x102e2984      0x184
 .text.OnURCHandler_MQTT_SUB
                0x102e2984      0x184 build\gcc\obj/ril/src/ril_urc.o

.text.OnURCHandler_MQTT_CONN
                0x102e2b08      0x138
 .text.OnURCHandler_MQTT_CONN
                0x102e2b08      0x138 build\gcc\obj/ril/src/ril_urc.o

.text.OnURCHandler_MQTT_OPEN
                0x102e2c40       0xf8
 .text.OnURCHandler_MQTT_OPEN
                0x102e2c40       0xf8 build\gcc\obj/ril/src/ril_urc.o

.text.OnURCHandler_AlarmRing
                0x102e2d38       0x28
 .text.OnURCHandler_AlarmRing
                0x102e2d38       0x28 build\gcc\obj/ril/src/ril_urc.o

.text.OnURCHandler_InitStat
                0x102e2d60       0x68
 .text.OnURCHandler_InitStat
                0x102e2d60       0x68 build\gcc\obj/ril/src/ril_urc.o

.text.OnURCHandler_FTP
                0x102e2dc8      0x178
 .text.OnURCHandler_FTP
                0x102e2dc8      0x178 build\gcc\obj/ril/src/ril_urc.o

.text.OnURCHandler_CFUN
                0x102e2f40       0xc0
 .text.OnURCHandler_CFUN
                0x102e2f40       0xc0 build\gcc\obj/ril/src/ril_urc.o

.text.OnURCHandler_Voltage
                0x102e3000       0xa4
 .text.OnURCHandler_Voltage
                0x102e3000       0xa4 build\gcc\obj/ril/src/ril_urc.o

.text.OnURCHandler_Network
                0x102e30a4      0x178
 .text.OnURCHandler_Network
                0x102e30a4      0x178 build\gcc\obj/ril/src/ril_urc.o

.text.OnURCHandler_Call
                0x102e321c      0x28c
 .text.OnURCHandler_Call
                0x102e321c      0x28c build\gcc\obj/ril/src/ril_urc.o

.text.OnURCHandler_SIM
                0x102e34a8      0x100
 .text.OnURCHandler_SIM
                0x102e34a8      0x100 build\gcc\obj/ril/src/ril_urc.o

.text.OnURCHandler_SMS
                0x102e35a8      0x138
 .text.OnURCHandler_SMS
                0x102e35a8      0x138 build\gcc\obj/ril/src/ril_urc.o

.text.OnURCHandler
                0x102e36e0       0xc0
 .text.OnURCHandler
                0x102e36e0       0xc0 build\gcc\obj/ril/src/ril_urc.o
                0x102e36e0                OnURCHandler

.text.Ql_RIL_IsURCStr
                0x102e37a0       0x80
 .text.Ql_RIL_IsURCStr
                0x102e37a0       0x80 build\gcc\obj/ril/src/ril_urc.o
                0x102e37a0                Ql_RIL_IsURCStr

.text.Ql_StrPrefixMatch
                0x102e3820       0x48
 .text.Ql_StrPrefixMatch
                0x102e3820       0x48 build\gcc\obj/ril/src/ril_util.o
                0x102e3820                Ql_StrPrefixMatch

.text.Ql_StrToUpper
                0x102e3868       0x44
 .text.Ql_StrToUpper
                0x102e3868       0x44 build\gcc\obj/ril/src/ril_util.o
                0x102e3868                Ql_StrToUpper

.text.Ql_RIL_FindString
                0x102e38ac       0x90
 .text.Ql_RIL_FindString
                0x102e38ac       0x90 build\gcc\obj/ril/src/ril_util.o
                0x102e38ac                Ql_RIL_FindString

.text.Ql_RIL_FindLine
                0x102e393c      0x278
 .text.Ql_RIL_FindLine
                0x102e393c      0x278 build\gcc\obj/ril/src/ril_util.o
                0x102e393c                Ql_RIL_FindLine

.text.Ql_GenHash
                0x102e3bb4       0x4c
 .text.Ql_GenHash
                0x102e3bb4       0x4c build\gcc\obj/ril/src/ril_util.o
                0x102e3bb4                Ql_GenHash

.text.CallBack_UART_Hdlr
                0x102e3c00        0x4
 .text.CallBack_UART_Hdlr
                0x102e3c00        0x4 build\gcc\obj/custom/main.o

.text.mqtt_recv
                0x102e3c04      0x29c
 .text.mqtt_recv
                0x102e3c04      0x29c build\gcc\obj/custom/main.o

.text.Callback_Timer
                0x102e3ea0      0xb54
 .text.Callback_Timer
                0x102e3ea0      0xb54 build\gcc\obj/custom/main.o

.text.proc_main_task
                0x102e49f4      0x3dc
 .text.proc_main_task
                0x102e49f4      0x3dc build\gcc\obj/custom/main.o
                0x102e49f4                proc_main_task

.text.Ql_MEM_Alloc
                0x102e4dd0       0x78
 .text.Ql_MEM_Alloc
                0x102e4dd0       0x78 libs/gcc/app_start.lib(memory.o)
                0x102e4dd0                Ql_MEM_Alloc

.text.Ql_MEM_Free
                0x102e4e48       0x74
 .text.Ql_MEM_Free
                0x102e4e48       0x74 libs/gcc/app_start.lib(memory.o)
                0x102e4e48                Ql_MEM_Free

.text.Ql_GetPowerSupply
                0x102e4ebc       0x70
 .text.Ql_GetPowerSupply
                0x102e4ebc       0x70 libs/gcc/app_start.lib(power.o)
                0x102e4ebc                Ql_GetPowerSupply

.text.ql_InitVFunc
                0x102e4f2c      0x104
 .text.ql_InitVFunc
                0x102e4f2c      0x104 libs/gcc/app_start.lib(ql_main.o)
                0x102e4f2c                ql_InitVFunc

.text.ocpu_main
                0x102e5030       0xf0
 .text.ocpu_main
                0x102e5030       0xf0 libs/gcc/app_start.lib(ql_main.o)
                0x102e5030                ocpu_main

.text.proc_reserved2
                0x102e5120       0x70
 .text.proc_reserved2
                0x102e5120       0x70 libs/gcc/app_start.lib(ril_aux.o)
                0x102e5120                proc_reserved2

.text.ril_StopATTimer
                0x102e5190       0x34
 .text.ril_StopATTimer
                0x102e5190       0x34 libs/gcc/app_start.lib(ril_main.o)

.text.Callback_OnATTimer
                0x102e51c4       0x4c
 .text.Callback_OnATTimer
                0x102e51c4       0x4c libs/gcc/app_start.lib(ril_main.o)

.text.CallBack_SerialPort_Hdlr
                0x102e5210      0x438
 .text.CallBack_SerialPort_Hdlr
                0x102e5210      0x438 libs/gcc/app_start.lib(ril_main.o)

.text.proc_reserved1
                0x102e5648      0x200
 .text.proc_reserved1
                0x102e5648      0x200 libs/gcc/app_start.lib(ril_main.o)
                0x102e5648                proc_reserved1

.text.Ql_RIL_Initialize
                0x102e5848       0xd4
 .text.Ql_RIL_Initialize
                0x102e5848       0xd4 libs/gcc/app_start.lib(ril_main.o)
                0x102e5848                Ql_RIL_Initialize

.text.Ql_RIL_SendATCmd
                0x102e591c      0x260
 .text.Ql_RIL_SendATCmd
                0x102e591c      0x260 libs/gcc/app_start.lib(ril_main.o)
                0x102e591c                Ql_RIL_SendATCmd

.text.Ql_RIL_WriteDataToCore
                0x102e5b7c       0x24
 .text.Ql_RIL_WriteDataToCore
                0x102e5b7c       0x24 libs/gcc/app_start.lib(ril_main.o)
                0x102e5b7c                Ql_RIL_WriteDataToCore

.text.Ql_Mqtt_Recv_Register
                0x102e5ba0       0x1c
 .text.Ql_Mqtt_Recv_Register
                0x102e5ba0       0x1c libs/gcc/app_start.lib(ril_main.o)
                0x102e5ba0                Ql_Mqtt_Recv_Register

.text.Ql_atof   0x102e5bbc       0x98
 .text.Ql_atof  0x102e5bbc       0x98 libs/gcc/app_start.lib(stdlib_func.o)
                0x102e5bbc                Ql_atof

.text.Ql_strcpy
                0x102e5c54       0xa0
 .text.Ql_strcpy
                0x102e5c54       0xa0 libs/gcc/app_start.lib(stdlib_func.o)
                0x102e5c54                Ql_strcpy

.text.Ql_strncpy
                0x102e5cf4       0x88
 .text.Ql_strncpy
                0x102e5cf4       0x88 libs/gcc/app_start.lib(stdlib_func.o)
                0x102e5cf4                Ql_strncpy

.text.Ql_strncat
                0x102e5d7c       0x88
 .text.Ql_strncat
                0x102e5d7c       0x88 libs/gcc/app_start.lib(stdlib_func.o)
                0x102e5d7c                Ql_strncat

.text.Ql_strlen
                0x102e5e04       0x78
 .text.Ql_strlen
                0x102e5e04       0x78 libs/gcc/app_start.lib(stdlib_func.o)
                0x102e5e04                Ql_strlen

.text.Ql_strcmp
                0x102e5e7c       0x68
 .text.Ql_strcmp
                0x102e5e7c       0x68 libs/gcc/app_start.lib(stdlib_func.o)
                0x102e5e7c                Ql_strcmp

.text.Ql_strncmp
                0x102e5ee4       0x70
 .text.Ql_strncmp
                0x102e5ee4       0x70 libs/gcc/app_start.lib(stdlib_func.o)
                0x102e5ee4                Ql_strncmp

.text.Ql_memset
                0x102e5f54       0x88
 .text.Ql_memset
                0x102e5f54       0x88 libs/gcc/app_start.lib(stdlib_func.o)
                0x102e5f54                Ql_memset

.text.Ql_memcpy
                0x102e5fdc       0x88
 .text.Ql_memcpy
                0x102e5fdc       0x88 libs/gcc/app_start.lib(stdlib_func.o)
                0x102e5fdc                Ql_memcpy

.text.Ql_strstr
                0x102e6064       0x80
 .text.Ql_strstr
                0x102e6064       0x80 libs/gcc/app_start.lib(stdlib_func.o)
                0x102e6064                Ql_strstr

.text.Ql_toupper
                0x102e60e4        0x8
 .text.Ql_toupper
                0x102e60e4        0x8 libs/gcc/app_start.lib(stdlib_func.o)
                0x102e60e4                Ql_toupper

.text.Ql_atoi   0x102e60ec       0x84
 .text.Ql_atoi  0x102e60ec       0x84 libs/gcc/app_start.lib(stdlib_func.o)
                0x102e60ec                Ql_atoi

.text.Ql_Sleep  0x102e6170       0x74
 .text.Ql_Sleep
                0x102e6170       0x74 libs/gcc/app_start.lib(system.o)
                0x102e6170                Ql_Sleep

.text.Ql_GetSDKVer
                0x102e61e4       0x64
 .text.Ql_GetSDKVer
                0x102e61e4       0x64 libs/gcc/app_start.lib(system.o)
                0x102e61e4                Ql_GetSDKVer

.text.Ql_OS_GetMessage
                0x102e6248       0x60
 .text.Ql_OS_GetMessage
                0x102e6248       0x60 libs/gcc/app_start.lib(taskMngt.o)
                0x102e6248                Ql_OS_GetMessage

.text.Ql_OS_SendMessage
                0x102e62a8       0x78
 .text.Ql_OS_SendMessage
                0x102e62a8       0x78 libs/gcc/app_start.lib(taskMngt.o)
                0x102e62a8                Ql_OS_SendMessage

.text.Ql_OS_CreateMutex
                0x102e6320       0x54
 .text.Ql_OS_CreateMutex
                0x102e6320       0x54 libs/gcc/app_start.lib(taskMngt.o)
                0x102e6320                Ql_OS_CreateMutex

.text.Ql_OS_TakeMutex
                0x102e6374       0x54
 .text.Ql_OS_TakeMutex
                0x102e6374       0x54 libs/gcc/app_start.lib(taskMngt.o)
                0x102e6374                Ql_OS_TakeMutex

.text.Ql_OS_GiveMutex
                0x102e63c8       0x54
 .text.Ql_OS_GiveMutex
                0x102e63c8       0x54 libs/gcc/app_start.lib(taskMngt.o)
                0x102e63c8                Ql_OS_GiveMutex

.text.Ql_OS_CreateEvent
                0x102e641c       0x54
 .text.Ql_OS_CreateEvent
                0x102e641c       0x54 libs/gcc/app_start.lib(taskMngt.o)
                0x102e641c                Ql_OS_CreateEvent

.text.Ql_OS_WaitEvent
                0x102e6470       0x68
 .text.Ql_OS_WaitEvent
                0x102e6470       0x68 libs/gcc/app_start.lib(taskMngt.o)
                0x102e6470                Ql_OS_WaitEvent

.text.Ql_OS_SetEvent
                0x102e64d8       0x68
 .text.Ql_OS_SetEvent
                0x102e64d8       0x68 libs/gcc/app_start.lib(taskMngt.o)
                0x102e64d8                Ql_OS_SetEvent

.text.Ql_Timer_Register
                0x102e6540       0x70
 .text.Ql_Timer_Register
                0x102e6540       0x70 libs/gcc/app_start.lib(timer.o)
                0x102e6540                Ql_Timer_Register

.text.Ql_Timer_Start
                0x102e65b0       0x70
 .text.Ql_Timer_Start
                0x102e65b0       0x70 libs/gcc/app_start.lib(timer.o)
                0x102e65b0                Ql_Timer_Start

.text.Ql_Timer_Stop
                0x102e6620       0x60
 .text.Ql_Timer_Stop
                0x102e6620       0x60 libs/gcc/app_start.lib(timer.o)
                0x102e6620                Ql_Timer_Stop

.text.Ql_UART_Register
                0x102e6680       0x70
 .text.Ql_UART_Register
                0x102e6680       0x70 libs/gcc/app_start.lib(uart.o)
                0x102e6680                Ql_UART_Register

.text.Ql_UART_Open
                0x102e66f0       0x70
 .text.Ql_UART_Open
                0x102e66f0       0x70 libs/gcc/app_start.lib(uart.o)
                0x102e66f0                Ql_UART_Open

.text.Ql_UART_Write
                0x102e6760       0x70
 .text.Ql_UART_Write
                0x102e6760       0x70 libs/gcc/app_start.lib(uart.o)
                0x102e6760                Ql_UART_Write

.text.Ql_UART_Read
                0x102e67d0       0x70
 .text.Ql_UART_Read
                0x102e67d0       0x70 libs/gcc/app_start.lib(uart.o)
                0x102e67d0                Ql_UART_Read

.text.Ql_UART_GetPinStatus
                0x102e6840       0x68
 .text.Ql_UART_GetPinStatus
                0x102e6840       0x68 libs/gcc/app_start.lib(uart.o)
                0x102e6840                Ql_UART_GetPinStatus

.text.Ql_UART_SendEscap
                0x102e68a8       0x60
 .text.Ql_UART_SendEscap
                0x102e68a8       0x60 libs/gcc/app_start.lib(uart.o)
                0x102e68a8                Ql_UART_SendEscap

.rodata         0x102e6908     0x1290
 *(.rodata)
 .rodata        0x102e6908       0x48 build\gcc\obj/custom/config/custom_sys_cfg.o
                0x102e690c                SystemCfg
 .rodata        0x102e6950       0x54 build\gcc\obj/custom/config/sys_config.o
                0x102e6950                GpioConfigTbl
                0x102e6954                TaskConfig
 .rodata        0x102e69a4      0x100 build\gcc\obj/ril/src/ril_bluetooth.o
 .rodata        0x102e6aa4       0x1a build\gcc\obj/ril/src/Ril_dtmf.o
 .rodata        0x102e6abe       0x4c build\gcc\obj/ril/src/ril_gps.o
 .rodata        0x102e6b0a        0xe build\gcc\obj/ril/src/ril_location.o
 .rodata        0x102e6b18       0x5d build\gcc\obj/ril/src/ril_network.o
 .rodata        0x102e6b75        0xa build\gcc\obj/ril/src/ril_ntp.o
 *fill*         0x102e6b7f        0x1 
 .rodata        0x102e6b80      0xd90 build\gcc\obj/ril/src/ril_urc.o
 .rodata        0x102e7910       0x3b build\gcc\obj/custom/main.o
 .rodata        0x102e794b       0x16 libs/gcc/app_start.lib(ql_main.o)
 .rodata        0x102e7961        0x4 libs/gcc/app_start.lib(ril_main.o)
 .rodata        0x102e7965       0x1b libs/gcc/app_start.lib(system.o)
 .rodata        0x102e7980      0x188 C:\Users\admin\CodeSourcery\Sourcery_CodeBench_Lite_for_ARM_EABI/arm-none-eabi/lib/thumb/libm.a(lib_a-e_rem_pio2.o)
 .rodata        0x102e7b08       0x50 C:\Users\admin\CodeSourcery\Sourcery_CodeBench_Lite_for_ARM_EABI/arm-none-eabi/lib/thumb/libm.a(lib_a-k_rem_pio2.o)
 .rodata        0x102e7b58       0x40 C:\Users\admin\CodeSourcery\Sourcery_CodeBench_Lite_for_ARM_EABI/arm-none-eabi/lib/thumb/libm.a(lib_a-s_atan.o)

.rodata.str1.1  0x102e7b98     0x1b2b
 .rodata.str1.1
                0x102e7b98       0x25 build\gcc\obj/ril/src/ril_atResponse.o
                                 0x2e (size before relaxing)
 .rodata.str1.1
                0x102e7bbd      0x470 build\gcc\obj/ril/src/ril_ble.o
                                0x53e (size before relaxing)
 .rodata.str1.1
                0x102e802d      0x58d build\gcc\obj/ril/src/ril_ble_clinet.o
                                0x852 (size before relaxing)
 .rodata.str1.1
                0x102e85ba      0x3ad build\gcc\obj/ril/src/ril_bluetooth.o
                                0x4e3 (size before relaxing)
 .rodata.str1.1
                0x102e8967       0xb7 build\gcc\obj/ril/src/Ril_dtmf.o
                                 0xcc (size before relaxing)
 .rodata.str1.1
                0x102e8a1e      0x11a build\gcc\obj/ril/src/ril_gps.o
                                0x14c (size before relaxing)
 .rodata.str1.1
                0x102e8b38       0x52 build\gcc\obj/ril/src/ril_init.o
 .rodata.str1.1
                0x102e8b8a       0x8a build\gcc\obj/ril/src/ril_location.o
                                 0xca (size before relaxing)
 .rodata.str1.1
                0x102e8c14      0x11f build\gcc\obj/ril/src/ril_mqtt.o
                                0x15b (size before relaxing)
 .rodata.str1.1
                0x102e8d33       0xf8 build\gcc\obj/ril/src/ril_network.o
                                0x112 (size before relaxing)
 .rodata.str1.1
                0x102e8e2b       0x79 build\gcc\obj/ril/src/ril_sim.o
                                 0xaf (size before relaxing)
 .rodata.str1.1
                0x102e8ea4      0x1b2 build\gcc\obj/ril/src/ril_urc.o
                                0x1b9 (size before relaxing)
 .rodata.str1.1
                0x102e9056        0xa build\gcc\obj/ril/src/ril_util.o
                                 0x16 (size before relaxing)
 .rodata.str1.1
                0x102e9060      0x1e1 build\gcc\obj/custom/main.o
                                0x1e8 (size before relaxing)
 .rodata.str1.1
                0x102e9241       0x19 libs/gcc/app_start.lib(memory.o)
 .rodata.str1.1
                0x102e925a       0x82 libs/gcc/app_start.lib(power.o)
 .rodata.str1.1
                0x102e92dc       0x51 libs/gcc/app_start.lib(ql_main.o)
                                 0x56 (size before relaxing)
 .rodata.str1.1
                0x102e932d       0x2b libs/gcc/app_start.lib(ril_main.o)
                                 0x32 (size before relaxing)
 .rodata.str1.1
                0x102e9358       0xa1 libs/gcc/app_start.lib(stdlib_func.o)
 .rodata.str1.1
                0x102e93f9       0x3d libs/gcc/app_start.lib(system.o)
 .rodata.str1.1
                0x102e9436      0x140 libs/gcc/app_start.lib(taskMngt.o)
 .rodata.str1.1
                0x102e9576       0x45 libs/gcc/app_start.lib(timer.o)
 .rodata.str1.1
                0x102e95bb      0x108 libs/gcc/app_start.lib(uart.o)

.rodata.str1.4  0x102e96c4        0xc
 .rodata.str1.4
                0x102e96c4        0x5 C:\Users\admin\CodeSourcery\Sourcery_CodeBench_Lite_for_ARM_EABI/arm-none-eabi/lib/thumb/libm.a(lib_a-w_sqrt.o)
                                  0x8 (size before relaxing)
 *fill*         0x102e96c9        0x3 
 .rodata.str1.4
                0x102e96cc        0x4 C:\Users\admin\CodeSourcery\Sourcery_CodeBench_Lite_for_ARM_EABI/arm-none-eabi/lib/thumb/libc.a(lib_a-impure.o)

.rel.dyn        0x102e96d0        0x0
 .rel.iplt      0x00000000        0x0 build\gcc\obj/custom/config/custom_sys_cfg.o

.data           0xf03d2000      0x4f0 load address 0x102e96d0
                0x102e96d0                PROVIDE (__data_load, LOADADDR (.data))
                0xf03d2000                PROVIDE (__data_start, .)
 *(.data)
 .data          0xf03d2000        0x1 build\gcc\obj/ril/src/ril_bluetooth.o
 *fill*         0xf03d2001        0x3 
 .data          0xf03d2004       0x20 build\gcc\obj/ril/src/ril_init.o
                0xf03d2004                g_LimitedCmds
                0xf03d200c                g_InitCmds
 .data          0xf03d2024       0x38 build\gcc\obj/ril/src/ril_urc.o
                0xf03d2024                mqtt_urc_param
 .data          0xf03d205c       0x30 build\gcc\obj/custom/main.o
                0xf03d205c                g_pet_weight
                0xf03d2060                g_cot_c
                0xf03d2064                g_mode
                0xf03d2068                clientID
                0xf03d2076                username
                0xf03d208b                g_is_first_fix
 .data          0xf03d208c       0x18 libs/gcc/app_start.lib(ql_func.o)
                0xf03d208c                api_notsup
 .data          0xf03d20a4        0x4 libs/gcc/app_start.lib(ril_aux.o)
                0xf03d20a4                g_ril_auxTaskId
 .data          0xf03d20a8       0x10 libs/gcc/app_start.lib(ril_main.o)
 .data          0xf03d20b8        0x1 C:\Users\admin\CodeSourcery\Sourcery_CodeBench_Lite_for_ARM_EABI/arm-none-eabi/lib/thumb/libm.a(lib_a-s_lib_ver.o)
                0xf03d20b8                __fdlib_version
 *fill*         0xf03d20b9        0x7 
 .data          0xf03d20c0      0x430 C:\Users\admin\CodeSourcery\Sourcery_CodeBench_Lite_for_ARM_EABI/arm-none-eabi/lib/thumb/libc.a(lib_a-impure.o)
                0xf03d20c0                _impure_ptr
                0xf03d24f0                . = ALIGN (0x8)
                0xf03d24f0                PROVIDE (_edata, .)

.igot.plt       0xf03d24f0        0x0 load address 0x102e9bc0
 .igot.plt      0x00000000        0x0 build\gcc\obj/custom/config/custom_sys_cfg.o

.bss            0xf03d24f0     0x16cc load address 0x102e9bc0
                0xf03d24f0                PROVIDE (__bss_start__, .)
 *(.bss)
 .bss           0xf03d24f0        0x4 build\gcc\obj/ril/src/ril_atResponse.o
 .bss           0xf03d24f4        0x4 build\gcc\obj/ril/src/ril_audio.o
                0xf03d24f4                cb_aud_play
 .bss           0xf03d24f8        0x4 build\gcc\obj/ril/src/ril_ble.o
 .bss           0xf03d24fc      0x204 build\gcc\obj/ril/src/ril_ble_clinet.o
 .bss           0xf03d2700       0x98 build\gcc\obj/ril/src/ril_bluetooth.o
 .bss           0xf03d2798        0x4 build\gcc\obj/ril/src/ril_custom.o
                0xf03d2798                cb_rcvCoreData
 .bss           0xf03d279c       0x10 build\gcc\obj/ril/src/Ril_dtmf.o
 .bss           0xf03d27ac        0x4 build\gcc\obj/ril/src/ril_gps.o
 .bss           0xf03d27b0       0x18 build\gcc\obj/ril/src/ril_http.o
                0xf03d27b4                http_url_addr
                0xf03d27b8                http_url_addr_len
                0xf03d27bc                http_post_msg
                0xf03d27c0                http_post_msg_len
                0xf03d27c4                callback_http_dwnld
 .bss           0xf03d27c8        0x4 build\gcc\obj/ril/src/ril_location.o
 .bss           0xf03d27cc        0x4 build\gcc\obj/ril/src/ril_ntp.o
 .bss           0xf03d27d0        0x8 build\gcc\obj/ril/src/ril_urc.o
                0xf03d27d0                FtpGet_IND_CB
                0xf03d27d4                FtpPut_IND_CB
 .bss           0xf03d27d8      0x434 build\gcc\obj/custom/main.o
                0xf03d29d8                g_uptime_sec
                0xf03d29dd                connect_id
                0xf03d29de                passwd
                0xf03d29e0                msg_id
                0xf03d29e4                gps_wait_counter
                0xf03d2be8                g_lat
                0xf03d2bec                g_lon
                0xf03d2bf0                g_speed
                0xf03d2bf4                g_prev_lat
                0xf03d2bf8                g_prev_lon
                0xf03d2bfc                g_interval_calories
                0xf03d2c00                loop_wait_tick
                0xf03d2c04                g_gps_powered
                0xf03d2c08                g_last_pub_time
 .bss           0xf03d2c0c        0x8 libs/gcc/app_start.lib(memory.o)
 .bss           0xf03d2c14       0x20 libs/gcc/app_start.lib(power.o)
 .bss           0xf03d2c34       0x24 libs/gcc/app_start.lib(ql_func.o)
                0xf03d2c34                m_StartPlayAudioStream
                0xf03d2c38                m_get_api_ptr
                0xf03d2c3c                m_StopPlayAudioStream
                0xf03d2c40                m_GetRelativeTime_Counter
                0xf03d2c44                m_SecondToTicks
                0xf03d2c48                m_MillisecondToTicks
                0xf03d2c4c                m_CalendarTime2LocalTime
                0xf03d2c50                m_osChangeTaskPriority
                0xf03d2c54                m_create_api_hash
 .bss           0xf03d2c58       0x10 libs/gcc/app_start.lib(ql_main.o)
                0xf03d2c5c                runinfo
 .bss           0xf03d2c68        0x1 libs/gcc/app_start.lib(ril_aux.o)
                0xf03d2c68                g_ril_auxTaskReady
 *fill*         0xf03d2c69        0x3 
 .bss           0xf03d2c6c      0xc34 libs/gcc/app_start.lib(ril_main.o)
 .bss           0xf03d38a0       0x40 libs/gcc/app_start.lib(stdlib_func.o)
 .bss           0xf03d38e0       0x14 libs/gcc/app_start.lib(system.o)
 .bss           0xf03d38f4       0x40 libs/gcc/app_start.lib(taskMngt.o)
 .bss           0xf03d3934       0x10 libs/gcc/app_start.lib(timer.o)
 .bss           0xf03d3944       0x3c libs/gcc/app_start.lib(uart.o)
                0xf03d3980                . = ALIGN (0x8)
                0xf03d3980                PROVIDE (__bss_end__, .)
 COMMON         0xf03d3980      0x124 build\gcc\obj/ril/src/ril_telephony.o
                0xf03d3980                g_comingCall
 COMMON         0xf03d3aa4      0x100 build\gcc\obj/custom/main.o
                0xf03d3aa4                mqtt_payload
 COMMON         0xf03d3ba4       0x14 libs/gcc/app_start.lib(ql_main.o)
                0xf03d3ba4                Ql_snprintf
                0xf03d3ba8                Ql_sprintf
                0xf03d3bac                Ql_Debug_Trace
                0xf03d3bb0                Ql_vsprintf
                0xf03d3bb4                Ql_sscanf
 COMMON         0xf03d3bb8        0x4 libs/gcc/app_start.lib(ril_main.o)
                0xf03d3bb8                MQTT_Recvhandler
LOAD build\gcc\obj/custom/config/custom_sys_cfg.o
LOAD build\gcc\obj/custom/config/sys_config.o
LOAD build\gcc\obj/ril/src/ril_alarm.o
LOAD build\gcc\obj/ril/src/ril_atResponse.o
LOAD build\gcc\obj/ril/src/ril_audio.o
LOAD build\gcc\obj/ril/src/ril_ble.o
LOAD build\gcc\obj/ril/src/ril_ble_clinet.o
LOAD build\gcc\obj/ril/src/ril_bluetooth.o
LOAD build\gcc\obj/ril/src/ril_custom.o
LOAD build\gcc\obj/ril/src/Ril_dtmf.o
LOAD build\gcc\obj/ril/src/ril_ftp.o
LOAD build\gcc\obj/ril/src/ril_gps.o
LOAD build\gcc\obj/ril/src/ril_http.o
LOAD build\gcc\obj/ril/src/ril_init.o
LOAD build\gcc\obj/ril/src/ril_location.o
LOAD build\gcc\obj/ril/src/ril_location2.o
LOAD build\gcc\obj/ril/src/ril_mqtt.o
LOAD build\gcc\obj/ril/src/ril_network.o
LOAD build\gcc\obj/ril/src/ril_ntp.o
LOAD build\gcc\obj/ril/src/ril_sim.o
LOAD build\gcc\obj/ril/src/ril_sms.o
LOAD build\gcc\obj/ril/src/ril_system.o
LOAD build\gcc\obj/ril/src/ril_telephony.o
LOAD build\gcc\obj/ril/src/ril_urc.o
LOAD build\gcc\obj/ril/src/ril_util.o
LOAD build\gcc\obj/example/example_adc.o
LOAD build\gcc\obj/example/example_alarm.o
LOAD build\gcc\obj/example/example_audio.o
LOAD build\gcc\obj/example/example_ble.o
LOAD build\gcc\obj/example/example_ble_client.o
LOAD build\gcc\obj/example/example_bluetooth.o
LOAD build\gcc\obj/example/example_call.o
LOAD build\gcc\obj/example/example_clk.o
LOAD build\gcc\obj/example/example_csd.o
LOAD build\gcc\obj/example/example_download_epo.o
LOAD build\gcc\obj/example/example_dtmf.o
LOAD build\gcc\obj/example/example_eint.o
LOAD build\gcc\obj/example/example_epo_callback.o
LOAD build\gcc\obj/example/example_file.o
LOAD build\gcc\obj/example/example_float_math.o
LOAD build\gcc\obj/example/example_fota_ftp.o
LOAD build\gcc\obj/example/example_fota_http.o
LOAD build\gcc\obj/example/example_ftp.o
LOAD build\gcc\obj/example/example_gpio.o
LOAD build\gcc\obj/example/example_gps.o
LOAD build\gcc\obj/example/Example_gps_iic.o
LOAD build\gcc\obj/example/example_http.o
LOAD build\gcc\obj/example/example_iic.o
LOAD build\gcc\obj/example/example_location.o
LOAD build\gcc\obj/example/example_location2.o
LOAD build\gcc\obj/example/example_memory.o
LOAD build\gcc\obj/example/example_mqtt.o
LOAD build\gcc\obj/example/example_multitask.o
LOAD build\gcc\obj/example/example_multitask_port.o
LOAD build\gcc\obj/example/example_pwm.o
LOAD build\gcc\obj/example/example_sms.o
LOAD build\gcc\obj/example/example_spi.o
LOAD build\gcc\obj/example/example_system.o
LOAD build\gcc\obj/example/example_tcp_demo.o
LOAD build\gcc\obj/example/example_tcpclient.o
LOAD build\gcc\obj/example/example_tcpserver.o
LOAD build\gcc\obj/example/example_time.o
LOAD build\gcc\obj/example/example_timer.o
LOAD build\gcc\obj/example/example_transpass.o
LOAD build\gcc\obj/example/example_udpclient.o
LOAD build\gcc\obj/example/example_udpserver.o
LOAD build\gcc\obj/example/example_watchdog.o
LOAD build\gcc\obj/example/nema_pro.o
LOAD build\gcc\obj/example/utility.o
LOAD build\gcc\obj/custom/main.o
LOAD build\gcc\obj/custom/fota/src/fota_ftp.o
LOAD build\gcc\obj/custom/fota/src/fota_http.o
LOAD build\gcc\obj/custom/fota/src/fota_http_code.o
LOAD build\gcc\obj/custom/fota/src/fota_main.o
LOAD libs/gcc/app_start.lib
LOAD C:\Users\admin\CodeSourcery\Sourcery_CodeBench_Lite_for_ARM_EABI/arm-none-eabi/lib/thumb/libm.a
LOAD C:\Users\admin\CodeSourcery\Sourcery_CodeBench_Lite_for_ARM_EABI/arm-none-eabi/lib/thumb/libc.a
LOAD C:\Users\admin\CodeSourcery\Sourcery_CodeBench_Lite_for_ARM_EABI/arm-none-eabi/lib/thumb/libcs3.a
LOAD C:\Users\admin\CodeSourcery\Sourcery_CodeBench_Lite_for_ARM_EABI/lib/gcc/arm-none-eabi/4.7.2/thumb/libgcc.a
OUTPUT(build\gcc/APPGS3MDM32A01.elf elf32-littlearm)

.comment        0x00000000       0x30
 .comment       0x00000000       0x30 build\gcc\obj/custom/config/custom_sys_cfg.o
                                 0x31 (size before relaxing)
 .comment       0x00000000       0x31 build\gcc\obj/custom/config/sys_config.o
 .comment       0x00000000       0x31 build\gcc\obj/ril/src/ril_atResponse.o
 .comment       0x00000000       0x31 build\gcc\obj/ril/src/ril_audio.o
 .comment       0x00000000       0x31 build\gcc\obj/ril/src/ril_ble.o
 .comment       0x00000000       0x31 build\gcc\obj/ril/src/ril_ble_clinet.o
 .comment       0x00000000       0x31 build\gcc\obj/ril/src/ril_bluetooth.o
 .comment       0x00000000       0x31 build\gcc\obj/ril/src/ril_custom.o
 .comment       0x00000000       0x31 build\gcc\obj/ril/src/Ril_dtmf.o
 .comment       0x00000000       0x31 build\gcc\obj/ril/src/ril_gps.o
 .comment       0x00000000       0x31 build\gcc\obj/ril/src/ril_http.o
 .comment       0x00000000       0x31 build\gcc\obj/ril/src/ril_init.o
 .comment       0x00000000       0x31 build\gcc\obj/ril/src/ril_location.o
 .comment       0x00000000       0x31 build\gcc\obj/ril/src/ril_mqtt.o
 .comment       0x00000000       0x31 build\gcc\obj/ril/src/ril_network.o
 .comment       0x00000000       0x31 build\gcc\obj/ril/src/ril_ntp.o
 .comment       0x00000000       0x31 build\gcc\obj/ril/src/ril_sim.o
 .comment       0x00000000       0x31 build\gcc\obj/ril/src/ril_system.o
 .comment       0x00000000       0x31 build\gcc\obj/ril/src/ril_telephony.o
 .comment       0x00000000       0x31 build\gcc\obj/ril/src/ril_urc.o
 .comment       0x00000000       0x31 build\gcc\obj/ril/src/ril_util.o
 .comment       0x00000000       0x31 build\gcc\obj/custom/main.o
 .comment       0x00000000       0x31 libs/gcc/app_start.lib(memory.o)
 .comment       0x00000000       0x31 libs/gcc/app_start.lib(power.o)
 .comment       0x00000000       0x31 libs/gcc/app_start.lib(ql_func.o)
 .comment       0x00000000       0x31 libs/gcc/app_start.lib(ql_main.o)
 .comment       0x00000000       0x31 libs/gcc/app_start.lib(ril_aux.o)
 .comment       0x00000000       0x31 libs/gcc/app_start.lib(ril_main.o)
 .comment       0x00000000       0x31 libs/gcc/app_start.lib(stdlib_func.o)
 .comment       0x00000000       0x31 libs/gcc/app_start.lib(system.o)
 .comment       0x00000000       0x31 libs/gcc/app_start.lib(taskMngt.o)
 .comment       0x00000000       0x31 libs/gcc/app_start.lib(timer.o)
 .comment       0x00000000       0x31 libs/gcc/app_start.lib(uart.o)

.ARM.attributes
                0x00000000       0x2b
 .ARM.attributes
                0x00000000       0x2b build\gcc\obj/custom/config/custom_sys_cfg.o
 .ARM.attributes
                0x0000002b       0x2b build\gcc\obj/custom/config/sys_config.o
 .ARM.attributes
                0x00000056       0x2b build\gcc\obj/ril/src/ril_atResponse.o
 .ARM.attributes
                0x00000081       0x2b build\gcc\obj/ril/src/ril_audio.o
 .ARM.attributes
                0x000000ac       0x2b build\gcc\obj/ril/src/ril_ble.o
 .ARM.attributes
                0x000000d7       0x2b build\gcc\obj/ril/src/ril_ble_clinet.o
 .ARM.attributes
                0x00000102       0x2b build\gcc\obj/ril/src/ril_bluetooth.o
 .ARM.attributes
                0x0000012d       0x2b build\gcc\obj/ril/src/ril_custom.o
 .ARM.attributes
                0x00000158       0x2b build\gcc\obj/ril/src/Ril_dtmf.o
 .ARM.attributes
                0x00000183       0x2b build\gcc\obj/ril/src/ril_gps.o
 .ARM.attributes
                0x000001ae       0x2b build\gcc\obj/ril/src/ril_http.o
 .ARM.attributes
                0x000001d9       0x2b build\gcc\obj/ril/src/ril_init.o
 .ARM.attributes
                0x00000204       0x2b build\gcc\obj/ril/src/ril_location.o
 .ARM.attributes
                0x0000022f       0x2b build\gcc\obj/ril/src/ril_mqtt.o
 .ARM.attributes
                0x0000025a       0x2b build\gcc\obj/ril/src/ril_network.o
 .ARM.attributes
                0x00000285       0x2b build\gcc\obj/ril/src/ril_ntp.o
 .ARM.attributes
                0x000002b0       0x2b build\gcc\obj/ril/src/ril_sim.o
 .ARM.attributes
                0x000002db       0x2b build\gcc\obj/ril/src/ril_system.o
 .ARM.attributes
                0x00000306       0x2b build\gcc\obj/ril/src/ril_telephony.o
 .ARM.attributes
                0x00000331       0x2b build\gcc\obj/ril/src/ril_urc.o
 .ARM.attributes
                0x0000035c       0x2b build\gcc\obj/ril/src/ril_util.o
 .ARM.attributes
                0x00000387       0x2b build\gcc\obj/custom/main.o
 .ARM.attributes
                0x000003b2       0x2b libs/gcc/app_start.lib(memory.o)
 .ARM.attributes
                0x000003dd       0x2b libs/gcc/app_start.lib(power.o)
 .ARM.attributes
                0x00000408       0x2b libs/gcc/app_start.lib(ql_func.o)
 .ARM.attributes
                0x00000433       0x2b libs/gcc/app_start.lib(ql_main.o)
 .ARM.attributes
                0x0000045e       0x2b libs/gcc/app_start.lib(ril_aux.o)
 .ARM.attributes
                0x00000489       0x2b libs/gcc/app_start.lib(ril_main.o)
 .ARM.attributes
                0x000004b4       0x2b libs/gcc/app_start.lib(stdlib_func.o)
 .ARM.attributes
                0x000004df       0x2b libs/gcc/app_start.lib(system.o)
 .ARM.attributes
                0x0000050a       0x2b libs/gcc/app_start.lib(taskMngt.o)
 .ARM.attributes
                0x00000535       0x2b libs/gcc/app_start.lib(timer.o)
 .ARM.attributes
                0x00000560       0x2b libs/gcc/app_start.lib(uart.o)
 .ARM.attributes
                0x0000058b       0x1d libs/gcc/app_start.lib(ocpu_init.o)
 .ARM.attributes
                0x000005a8       0x30 C:\Users\admin\CodeSourcery\Sourcery_CodeBench_Lite_for_ARM_EABI/arm-none-eabi/lib/thumb/libm.a(lib_a-s_cos.o)
 .ARM.attributes
                0x000005d8       0x30 C:\Users\admin\CodeSourcery\Sourcery_CodeBench_Lite_for_ARM_EABI/arm-none-eabi/lib/thumb/libm.a(lib_a-s_sin.o)
 .ARM.attributes
                0x00000608       0x30 C:\Users\admin\CodeSourcery\Sourcery_CodeBench_Lite_for_ARM_EABI/arm-none-eabi/lib/thumb/libm.a(lib_a-w_atan2.o)
 .ARM.attributes
                0x00000638       0x30 C:\Users\admin\CodeSourcery\Sourcery_CodeBench_Lite_for_ARM_EABI/arm-none-eabi/lib/thumb/libm.a(lib_a-w_sqrt.o)
 .ARM.attributes
                0x00000668       0x30 C:\Users\admin\CodeSourcery\Sourcery_CodeBench_Lite_for_ARM_EABI/arm-none-eabi/lib/thumb/libm.a(lib_a-e_atan2.o)
 .ARM.attributes
                0x00000698       0x30 C:\Users\admin\CodeSourcery\Sourcery_CodeBench_Lite_for_ARM_EABI/arm-none-eabi/lib/thumb/libm.a(lib_a-e_rem_pio2.o)
 .ARM.attributes
                0x000006c8       0x30 C:\Users\admin\CodeSourcery\Sourcery_CodeBench_Lite_for_ARM_EABI/arm-none-eabi/lib/thumb/libm.a(lib_a-e_sqrt.o)
 .ARM.attributes
                0x000006f8       0x30 C:\Users\admin\CodeSourcery\Sourcery_CodeBench_Lite_for_ARM_EABI/arm-none-eabi/lib/thumb/libm.a(lib_a-k_cos.o)
 .ARM.attributes
                0x00000728       0x30 C:\Users\admin\CodeSourcery\Sourcery_CodeBench_Lite_for_ARM_EABI/arm-none-eabi/lib/thumb/libm.a(lib_a-k_rem_pio2.o)
 .ARM.attributes
                0x00000758       0x30 C:\Users\admin\CodeSourcery\Sourcery_CodeBench_Lite_for_ARM_EABI/arm-none-eabi/lib/thumb/libm.a(lib_a-k_sin.o)
 .ARM.attributes
                0x00000788       0x30 C:\Users\admin\CodeSourcery\Sourcery_CodeBench_Lite_for_ARM_EABI/arm-none-eabi/lib/thumb/libm.a(lib_a-s_atan.o)
 .ARM.attributes
                0x000007b8       0x30 C:\Users\admin\CodeSourcery\Sourcery_CodeBench_Lite_for_ARM_EABI/arm-none-eabi/lib/thumb/libm.a(lib_a-s_fabs.o)
 .ARM.attributes
                0x000007e8       0x30 C:\Users\admin\CodeSourcery\Sourcery_CodeBench_Lite_for_ARM_EABI/arm-none-eabi/lib/thumb/libm.a(lib_a-s_floor.o)
 .ARM.attributes
                0x00000818       0x30 C:\Users\admin\CodeSourcery\Sourcery_CodeBench_Lite_for_ARM_EABI/arm-none-eabi/lib/thumb/libm.a(lib_a-s_fpclassify.o)
 .ARM.attributes
                0x00000848       0x30 C:\Users\admin\CodeSourcery\Sourcery_CodeBench_Lite_for_ARM_EABI/arm-none-eabi/lib/thumb/libm.a(lib_a-s_lib_ver.o)
 .ARM.attributes
                0x00000878       0x30 C:\Users\admin\CodeSourcery\Sourcery_CodeBench_Lite_for_ARM_EABI/arm-none-eabi/lib/thumb/libm.a(lib_a-s_matherr.o)
 .ARM.attributes
                0x000008a8       0x30 C:\Users\admin\CodeSourcery\Sourcery_CodeBench_Lite_for_ARM_EABI/arm-none-eabi/lib/thumb/libm.a(lib_a-s_scalbn.o)
 .ARM.attributes
                0x000008d8       0x30 C:\Users\admin\CodeSourcery\Sourcery_CodeBench_Lite_for_ARM_EABI/arm-none-eabi/lib/thumb/libm.a(lib_a-s_copysign.o)
 .ARM.attributes
                0x00000908       0x30 C:\Users\admin\CodeSourcery\Sourcery_CodeBench_Lite_for_ARM_EABI/arm-none-eabi/lib/thumb/libc.a(lib_a-errno.o)
 .ARM.attributes
                0x00000938       0x30 C:\Users\admin\CodeSourcery\Sourcery_CodeBench_Lite_for_ARM_EABI/arm-none-eabi/lib/thumb/libc.a(lib_a-impure.o)
 .ARM.attributes
                0x00000968       0x30 C:\Users\admin\CodeSourcery\Sourcery_CodeBench_Lite_for_ARM_EABI/arm-none-eabi/lib/thumb/libc.a(lib_a-memcpy.o)
 .ARM.attributes
                0x00000998       0x30 C:\Users\admin\CodeSourcery\Sourcery_CodeBench_Lite_for_ARM_EABI/arm-none-eabi/lib/thumb/libc.a(lib_a-memset.o)
 .ARM.attributes
                0x000009c8       0x18 C:\Users\admin\CodeSourcery\Sourcery_CodeBench_Lite_for_ARM_EABI/lib/gcc/arm-none-eabi/4.7.2/thumb/libgcc.a(_udivsi3.o)
 .ARM.attributes
                0x000009e0       0x18 C:\Users\admin\CodeSourcery\Sourcery_CodeBench_Lite_for_ARM_EABI/lib/gcc/arm-none-eabi/4.7.2/thumb/libgcc.a(_divsi3.o)
 .ARM.attributes
                0x000009f8       0x16 C:\Users\admin\CodeSourcery\Sourcery_CodeBench_Lite_for_ARM_EABI/lib/gcc/arm-none-eabi/4.7.2/thumb/libgcc.a(_dvmd_tls.o)
 .ARM.attributes
                0x00000a0e       0x18 C:\Users\admin\CodeSourcery\Sourcery_CodeBench_Lite_for_ARM_EABI/lib/gcc/arm-none-eabi/4.7.2/thumb/libgcc.a(_arm_addsubdf3.o)
 .ARM.attributes
                0x00000a26       0x18 C:\Users\admin\CodeSourcery\Sourcery_CodeBench_Lite_for_ARM_EABI/lib/gcc/arm-none-eabi/4.7.2/thumb/libgcc.a(_arm_muldivdf3.o)
 .ARM.attributes
                0x00000a3e       0x18 C:\Users\admin\CodeSourcery\Sourcery_CodeBench_Lite_for_ARM_EABI/lib/gcc/arm-none-eabi/4.7.2/thumb/libgcc.a(_arm_cmpdf2.o)
 .ARM.attributes
                0x00000a56       0x18 C:\Users\admin\CodeSourcery\Sourcery_CodeBench_Lite_for_ARM_EABI/lib/gcc/arm-none-eabi/4.7.2/thumb/libgcc.a(_arm_fixdfsi.o)
 .ARM.attributes
                0x00000a6e       0x18 C:\Users\admin\CodeSourcery\Sourcery_CodeBench_Lite_for_ARM_EABI/lib/gcc/arm-none-eabi/4.7.2/thumb/libgcc.a(_arm_truncdfsf2.o)
 .ARM.attributes
                0x00000a86       0x18 C:\Users\admin\CodeSourcery\Sourcery_CodeBench_Lite_for_ARM_EABI/lib/gcc/arm-none-eabi/4.7.2/thumb/libgcc.a(_arm_addsubsf3.o)
 .ARM.attributes
                0x00000a9e       0x18 C:\Users\admin\CodeSourcery\Sourcery_CodeBench_Lite_for_ARM_EABI/lib/gcc/arm-none-eabi/4.7.2/thumb/libgcc.a(_arm_muldivsf3.o)
 .ARM.attributes
                0x00000ab6       0x18 C:\Users\admin\CodeSourcery\Sourcery_CodeBench_Lite_for_ARM_EABI/lib/gcc/arm-none-eabi/4.7.2/thumb/libgcc.a(_arm_cmpsf2.o)
 .ARM.attributes
                0x00000ace       0x18 C:\Users\admin\CodeSourcery\Sourcery_CodeBench_Lite_for_ARM_EABI/lib/gcc/arm-none-eabi/4.7.2/thumb/libgcc.a(_arm_fixsfsi.o)

.debug_frame    0x00000000      0x410
 .debug_frame   0x00000000       0x2c C:\Users\admin\CodeSourcery\Sourcery_CodeBench_Lite_for_ARM_EABI/arm-none-eabi/lib/thumb/libm.a(lib_a-s_cos.o)
 .debug_frame   0x0000002c       0x2c C:\Users\admin\CodeSourcery\Sourcery_CodeBench_Lite_for_ARM_EABI/arm-none-eabi/lib/thumb/libm.a(lib_a-s_sin.o)
 .debug_frame   0x00000058       0x28 C:\Users\admin\CodeSourcery\Sourcery_CodeBench_Lite_for_ARM_EABI/arm-none-eabi/lib/thumb/libm.a(lib_a-w_atan2.o)
 .debug_frame   0x00000080       0x38 C:\Users\admin\CodeSourcery\Sourcery_CodeBench_Lite_for_ARM_EABI/arm-none-eabi/lib/thumb/libm.a(lib_a-w_sqrt.o)
 .debug_frame   0x000000b8       0x3c C:\Users\admin\CodeSourcery\Sourcery_CodeBench_Lite_for_ARM_EABI/arm-none-eabi/lib/thumb/libm.a(lib_a-e_atan2.o)
 .debug_frame   0x000000f4       0x3c C:\Users\admin\CodeSourcery\Sourcery_CodeBench_Lite_for_ARM_EABI/arm-none-eabi/lib/thumb/libm.a(lib_a-e_rem_pio2.o)
 .debug_frame   0x00000130       0x3c C:\Users\admin\CodeSourcery\Sourcery_CodeBench_Lite_for_ARM_EABI/arm-none-eabi/lib/thumb/libm.a(lib_a-e_sqrt.o)
 .debug_frame   0x0000016c       0x38 C:\Users\admin\CodeSourcery\Sourcery_CodeBench_Lite_for_ARM_EABI/arm-none-eabi/lib/thumb/libm.a(lib_a-k_cos.o)
 .debug_frame   0x000001a4       0x3c C:\Users\admin\CodeSourcery\Sourcery_CodeBench_Lite_for_ARM_EABI/arm-none-eabi/lib/thumb/libm.a(lib_a-k_rem_pio2.o)
 .debug_frame   0x000001e0       0x30 C:\Users\admin\CodeSourcery\Sourcery_CodeBench_Lite_for_ARM_EABI/arm-none-eabi/lib/thumb/libm.a(lib_a-k_sin.o)
 .debug_frame   0x00000210       0x3c C:\Users\admin\CodeSourcery\Sourcery_CodeBench_Lite_for_ARM_EABI/arm-none-eabi/lib/thumb/libm.a(lib_a-s_atan.o)
 .debug_frame   0x0000024c       0x20 C:\Users\admin\CodeSourcery\Sourcery_CodeBench_Lite_for_ARM_EABI/arm-none-eabi/lib/thumb/libm.a(lib_a-s_fabs.o)
 .debug_frame   0x0000026c       0x38 C:\Users\admin\CodeSourcery\Sourcery_CodeBench_Lite_for_ARM_EABI/arm-none-eabi/lib/thumb/libm.a(lib_a-s_floor.o)
 .debug_frame   0x000002a4       0x28 C:\Users\admin\CodeSourcery\Sourcery_CodeBench_Lite_for_ARM_EABI/arm-none-eabi/lib/thumb/libm.a(lib_a-s_fpclassify.o)
 .debug_frame   0x000002cc       0x20 C:\Users\admin\CodeSourcery\Sourcery_CodeBench_Lite_for_ARM_EABI/arm-none-eabi/lib/thumb/libm.a(lib_a-s_matherr.o)
 .debug_frame   0x000002ec       0x34 C:\Users\admin\CodeSourcery\Sourcery_CodeBench_Lite_for_ARM_EABI/arm-none-eabi/lib/thumb/libm.a(lib_a-s_scalbn.o)
 .debug_frame   0x00000320       0x2c C:\Users\admin\CodeSourcery\Sourcery_CodeBench_Lite_for_ARM_EABI/arm-none-eabi/lib/thumb/libm.a(lib_a-s_copysign.o)
 .debug_frame   0x0000034c       0x20 C:\Users\admin\CodeSourcery\Sourcery_CodeBench_Lite_for_ARM_EABI/arm-none-eabi/lib/thumb/libc.a(lib_a-errno.o)
 .debug_frame   0x0000036c       0x38 C:\Users\admin\CodeSourcery\Sourcery_CodeBench_Lite_for_ARM_EABI/arm-none-eabi/lib/thumb/libc.a(lib_a-memcpy.o)
 .debug_frame   0x000003a4       0x2c C:\Users\admin\CodeSourcery\Sourcery_CodeBench_Lite_for_ARM_EABI/arm-none-eabi/lib/thumb/libc.a(lib_a-memset.o)
 .debug_frame   0x000003d0       0x20 C:\Users\admin\CodeSourcery\Sourcery_CodeBench_Lite_for_ARM_EABI/lib/gcc/arm-none-eabi/4.7.2/thumb/libgcc.a(_udivsi3.o)
 .debug_frame   0x000003f0       0x20 C:\Users\admin\CodeSourcery\Sourcery_CodeBench_Lite_for_ARM_EABI/lib/gcc/arm-none-eabi/4.7.2/thumb/libgcc.a(_divsi3.o)
