Archive member included because of file (symbol)

libs/gcc/app_start.lib(fileSys.o)
                              build\gcc\obj/custom/fota/src/fota_ftp.o (Ql_FS_Open)
libs/gcc/app_start.lib(fota.o)
                              build\gcc\obj/custom/fota/src/fota_main.o (Ql_FOTA_Init)
libs/gcc/app_start.lib(gprs.o)
                              build\gcc\obj/custom/fota/src/fota_main.o (Ql_GPRS_GetPDPContextId)
libs/gcc/app_start.lib(iic.o)
                              build\gcc\obj/example/nema_pro.o (Ql_IIC_Write)
libs/gcc/app_start.lib(lib_ril_sms.o)
                              build\gcc\obj/ril/src/ril_sms.o (LIB_SMS_IsValidHexStr)
libs/gcc/app_start.lib(memory.o)
                              build\gcc\obj/ril/src/ril_bluetooth.o (Ql_MEM_Alloc)
libs/gcc/app_start.lib(ql_func.o)
                              libs/gcc/app_start.lib(memory.o) (api_notsup)
libs/gcc/app_start.lib(ql_main.o)
                              build\gcc\obj/ril/src/ril_bluetooth.o (Ql_Debug_Trace)
libs/gcc/app_start.lib(ril_aux.o)
                              build\gcc\obj/custom/config/sys_config.o (proc_reserved2)
libs/gcc/app_start.lib(ril_main.o)
                              build\gcc\obj/custom/config/sys_config.o (proc_reserved1)
libs/gcc/app_start.lib(stdlib_func.o)
                              build\gcc\obj/ril/src/Ril_dtmf.o (Ql_atof)
libs/gcc/app_start.lib(system.o)
                              build\gcc\obj/ril/src/ril_ftp.o (Ql_Sleep)
libs/gcc/app_start.lib(taskMngt.o)
                              build\gcc\obj/custom/main.o (Ql_OS_GetMessage)
libs/gcc/app_start.lib(timer.o)
                              build\gcc\obj/custom/main.o (Ql_Timer_Register)
libs/gcc/app_start.lib(uart.o)
                              build\gcc\obj/custom/main.o (Ql_UART_Register)
libs/gcc/app_start.lib(ocpu_init.o)
                              libs/gcc/app_start.lib(ql_main.o) (_OCPU_InitUserMem)
C:\Users\admin\CodeSourcery\Sourcery_CodeBench_Lite_for_ARM_EABI/arm-none-eabi/lib/thumb/libc.a(lib_a-memcpy.o)
                              build\gcc\obj/ril/src/ril_alarm.o (memcpy)
C:\Users\admin\CodeSourcery\Sourcery_CodeBench_Lite_for_ARM_EABI/arm-none-eabi/lib/thumb/libc.a(lib_a-memset.o)
                              build\gcc\obj/ril/src/ril_alarm.o (memset)
C:\Users\admin\CodeSourcery\Sourcery_CodeBench_Lite_for_ARM_EABI/lib/gcc/arm-none-eabi/4.7.2/thumb/libgcc.a(_udivsi3.o)
                              libs/gcc/app_start.lib(lib_ril_sms.o) (__aeabi_uidiv)
C:\Users\admin\CodeSourcery\Sourcery_CodeBench_Lite_for_ARM_EABI/lib/gcc/arm-none-eabi/4.7.2/thumb/libgcc.a(_divsi3.o)
                              libs/gcc/app_start.lib(lib_ril_sms.o) (__aeabi_idiv)
C:\Users\admin\CodeSourcery\Sourcery_CodeBench_Lite_for_ARM_EABI/lib/gcc/arm-none-eabi/4.7.2/thumb/libgcc.a(_dvmd_tls.o)
                              C:\Users\admin\CodeSourcery\Sourcery_CodeBench_Lite_for_ARM_EABI/lib/gcc/arm-none-eabi/4.7.2/thumb/libgcc.a(_udivsi3.o) (__aeabi_idiv0)
C:\Users\admin\CodeSourcery\Sourcery_CodeBench_Lite_for_ARM_EABI/lib/gcc/arm-none-eabi/4.7.2/thumb/libgcc.a(_arm_fixdfsi.o)
                              build\gcc\obj/ril/src/Ril_dtmf.o (__aeabi_d2iz)
C:\Users\admin\CodeSourcery\Sourcery_CodeBench_Lite_for_ARM_EABI/lib/gcc/arm-none-eabi/4.7.2/thumb/libgcc.a(_arm_truncdfsf2.o)
                              build\gcc\obj/ril/src/ril_location.o (__aeabi_d2f)

Allocating common symbols
Common symbol       size              file

Ql_snprintf         0x4               libs/gcc/app_start.lib(ql_main.o)
Ql_sprintf          0x4               libs/gcc/app_start.lib(ql_main.o)
Ql_Debug_Trace      0x4               libs/gcc/app_start.lib(ql_main.o)
u4OverflowPkt       0x4               build\gcc\obj/example/nema_pro.o
Ql_vsprintf         0x4               libs/gcc/app_start.lib(ql_main.o)
Ql_sscanf           0x4               libs/gcc/app_start.lib(ql_main.o)
rx_state            0x1               build\gcc\obj/example/nema_pro.o
g_comingCall        0x124             build\gcc\obj/ril/src/ril_telephony.o
Fota_gprsCfg        0xb0              build\gcc\obj/custom/fota/src/fota_main.o
FotaConfig          0x10              build\gcc\obj/custom/fota/src/fota_main.o
id_que              0x600             build\gcc\obj/example/nema_pro.o
u4PktInQueue        0x4               build\gcc\obj/example/nema_pro.o
mqtt_payload        0x80              build\gcc\obj/custom/main.o
id_que_tail         0x2               build\gcc\obj/example/nema_pro.o
id_que_head         0x2               build\gcc\obj/example/nema_pro.o
MQTT_Recvhandler    0x4               libs/gcc/app_start.lib(ril_main.o)
rx_que              0x8000            build\gcc\obj/example/nema_pro.o
rd_buf              0x100             build\gcc\obj/example/nema_pro.o
rx_que_head         0x2               build\gcc\obj/example/nema_pro.o
u4SyncPkt           0x4               build\gcc\obj/example/nema_pro.o

Discarded input sections

[...]
Memory Configuration

Name             Origin             Length             Attributes
ROM              0x102db040         0x00050000         xr
RAM              0xf03d2000         0x00019000         xrw
*default*        0x00000000         0xffffffff

Linker script and memory map

                0x102db040                . = 0x102db040

.initdata       0x102db040       0x2c
 *(.initdata)
 .initdata      0x102db040       0x2c libs/gcc/app_start.lib(ql_main.o)
                0x102db040                GADLENTRY

text            0x102db070      0x420
 *(.text)
 .text          0x102db070       0x4c libs/gcc/app_start.lib(ocpu_init.o)
                0x102db070                _OCPU_InitUserMem
 .text          0x102db0bc      0x10c C:\Users\admin\CodeSourcery\Sourcery_CodeBench_Lite_for_ARM_EABI/arm-none-eabi/lib/thumb/libc.a(lib_a-memcpy.o)
                0x102db0bc                memcpy
 .text          0x102db1c8       0x9c C:\Users\admin\CodeSourcery\Sourcery_CodeBench_Lite_for_ARM_EABI/arm-none-eabi/lib/thumb/libc.a(lib_a-memset.o)
                0x102db1c8                memset
 .text          0x102db264      0x11c C:\Users\admin\CodeSourcery\Sourcery_CodeBench_Lite_for_ARM_EABI/lib/gcc/arm-none-eabi/4.7.2/thumb/libgcc.a(_udivsi3.o)
                0x102db264                __aeabi_uidiv
                0x102db264                __udivsi3
                0x102db360                __aeabi_uidivmod
 .text          0x102db380        0x4 C:\Users\admin\CodeSourcery\Sourcery_CodeBench_Lite_for_ARM_EABI/lib/gcc/arm-none-eabi/4.7.2/thumb/libgcc.a(_dvmd_tls.o)
                0x102db380                __aeabi_idiv0
                0x102db380                __aeabi_ldiv0
 .text          0x102db384       0x5c C:\Users\admin\CodeSourcery\Sourcery_CodeBench_Lite_for_ARM_EABI/lib/gcc/arm-none-eabi/4.7.2/thumb/libgcc.a(_arm_fixdfsi.o)
                0x102db384                __aeabi_d2iz
                0x102db384                __fixdfsi
 .text          0x102db3e0       0xa0 C:\Users\admin\CodeSourcery\Sourcery_CodeBench_Lite_for_ARM_EABI/lib/gcc/arm-none-eabi/4.7.2/thumb/libgcc.a(_arm_truncdfsf2.o)
                0x102db3e0                __truncdfsf2
                0x102db3e0                __aeabi_d2f
 .text.__stub   0x102db480        0xc linker stubs

.glue_7         0x102db490        0x0
 .glue_7        0x00000000        0x0 linker stubs

.glue_7t        0x102db490        0x0
 .glue_7t       0x00000000        0x0 linker stubs

.vfp11_veneer   0x102db490        0x0
 .vfp11_veneer  0x00000000        0x0 linker stubs

.v4_bx          0x102db490        0x0
 .v4_bx         0x00000000        0x0 linker stubs

.iplt           0x102db490        0x0
 .iplt          0x00000000        0x0 build\gcc\obj/custom/config/custom_sys_cfg.o

.text.Ql_RIL_AT_SetErrCode
                0x102db490       0x10
 .text.Ql_RIL_AT_SetErrCode
                0x102db490       0x10 build\gcc\obj/ril/src/ril_atResponse.o
                0x102db490                Ql_RIL_AT_SetErrCode

.text.Default_atRsp_callback
                0x102db4a0       0xcc
 .text.Default_atRsp_callback
                0x102db4a0       0xcc build\gcc\obj/ril/src/ril_atResponse.o
                0x102db4a0                Default_atRsp_callback

.text.OnURCHandler_BTGatscon
                0x102db56c      0x118
 .text.OnURCHandler_BTGatscon
                0x102db56c      0x118 build\gcc\obj/ril/src/ril_ble.o
                0x102db56c                OnURCHandler_BTGatscon

.text.OnURCHandler_BTGatwreq
                0x102db684       0xf8
 .text.OnURCHandler_BTGatwreq
                0x102db684       0xf8 build\gcc\obj/ril/src/ril_ble.o
                0x102db684                OnURCHandler_BTGatwreq

.text.OnURCHandler_BTGatewreq
                0x102db77c       0xe0
 .text.OnURCHandler_BTGatewreq
                0x102db77c       0xe0 build\gcc\obj/ril/src/ril_ble.o
                0x102db77c                OnURCHandler_BTGatewreq

.text.OnURCHandler_BTGatrreq
                0x102db85c       0xc8
 .text.OnURCHandler_BTGatrreq
                0x102db85c       0xc8 build\gcc\obj/ril/src/ril_ble.o
                0x102db85c                OnURCHandler_BTGatrreq

.text.OnURCHandler_BTpxpscon
                0x102db924       0xa8
 .text.OnURCHandler_BTpxpscon
                0x102db924       0xa8 build\gcc\obj/ril/src/ril_ble.o
                0x102db924                OnURCHandler_BTpxpscon

.text.OnURCHandler_BTfmpscon
                0x102db9cc       0x9c
 .text.OnURCHandler_BTfmpscon
                0x102db9cc       0x9c build\gcc\obj/ril/src/ril_ble.o
                0x102db9cc                OnURCHandler_BTfmpscon

.text.OnURCHandler_BTGatcscan
                0x102dba68      0x194
 .text.OnURCHandler_BTGatcscan
                0x102dba68      0x194 build\gcc\obj/ril/src/ril_ble_clinet.o
                0x102dba68                OnURCHandler_BTGatcscan

.text.OnURCHandler_BTGatccon
                0x102dbbfc      0x178
 .text.OnURCHandler_BTGatccon
                0x102dbbfc      0x178 build\gcc\obj/ril/src/ril_ble_clinet.o
                0x102dbbfc                OnURCHandler_BTGatccon

.text.OnURCHandler_BTGatcss
                0x102dbd74      0x150
 .text.OnURCHandler_BTGatcss
                0x102dbd74      0x150 build\gcc\obj/ril/src/ril_ble_clinet.o
                0x102dbd74                OnURCHandler_BTGatcss

.text.OnURCHandler_BTGatcgc
                0x102dbec4      0x1f0
 .text.OnURCHandler_BTGatcgc
                0x102dbec4      0x1f0 build\gcc\obj/ril/src/ril_ble_clinet.o
                0x102dbec4                OnURCHandler_BTGatcgc

.text.OnURCHandler_BTGatcgd
                0x102dc0b4      0x218
 .text.OnURCHandler_BTGatcgd
                0x102dc0b4      0x218 build\gcc\obj/ril/src/ril_ble_clinet.o
                0x102dc0b4                OnURCHandler_BTGatcgd

.text.OnURCHandler_BTGatcrc
                0x102dc2cc      0x100
 .text.OnURCHandler_BTGatcrc
                0x102dc2cc      0x100 build\gcc\obj/ril/src/ril_ble_clinet.o
                0x102dc2cc                OnURCHandler_BTGatcrc

.text.OnURCHandler_BTGatcrd
                0x102dc3cc      0x100
 .text.OnURCHandler_BTGatcrd
                0x102dc3cc      0x100 build\gcc\obj/ril/src/ril_ble_clinet.o
                0x102dc3cc                OnURCHandler_BTGatcrd

.text.OnURCHandler_BTGatcn
                0x102dc4cc      0x1a0
 .text.OnURCHandler_BTGatcn
                0x102dc4cc      0x1a0 build\gcc\obj/ril/src/ril_ble_clinet.o
                0x102dc4cc                OnURCHandler_BTGatcn

.text.BT_DevMngmt_Append
                0x102dc66c       0x34
 .text.BT_DevMngmt_Append
                0x102dc66c       0x34 build\gcc\obj/ril/src/ril_bluetooth.o

.text.BT_DevMngmt_isFull
                0x102dc6a0       0x40
 .text.BT_DevMngmt_isFull
                0x102dc6a0       0x40 build\gcc\obj/ril/src/ril_bluetooth.o

.text.ATRsp_QBTSTATE_Hdlr
                0x102dc6e0      0x444
 .text.ATRsp_QBTSTATE_Hdlr
                0x102dc6e0      0x444 build\gcc\obj/ril/src/ril_bluetooth.o

.text.BT_DevMngmt_UpdateProfileId.constprop.7
                0x102dcb24       0x38
 .text.BT_DevMngmt_UpdateProfileId.constprop.7
                0x102dcb24       0x38 build\gcc\obj/ril/src/ril_bluetooth.o

.text.BT_DevMngmt_UpdateConnId.constprop.8
                0x102dcb5c       0x38
 .text.BT_DevMngmt_UpdateConnId.constprop.8
                0x102dcb5c       0x38 build\gcc\obj/ril/src/ril_bluetooth.o

.text.OnURCHandler_BTVisible
                0x102dcb94       0xe4
 .text.OnURCHandler_BTVisible
                0x102dcb94       0xe4 build\gcc\obj/ril/src/ril_bluetooth.o
                0x102dcb94                OnURCHandler_BTVisible

.text.OnURCHandler_BTScan
                0x102dcc78      0x26c
 .text.OnURCHandler_BTScan
                0x102dcc78      0x26c build\gcc\obj/ril/src/ril_bluetooth.o
                0x102dcc78                OnURCHandler_BTScan

.text.RIL_BT_QueryState
                0x102dcee4       0x68
 .text.RIL_BT_QueryState
                0x102dcee4       0x68 build\gcc\obj/ril/src/ril_bluetooth.o
                0x102dcee4                RIL_BT_QueryState

.text.OnURCHandler_BTPair
                0x102dcf4c      0x208
 .text.OnURCHandler_BTPair
                0x102dcf4c      0x208 build\gcc\obj/ril/src/ril_bluetooth.o
                0x102dcf4c                OnURCHandler_BTPair

.text.OnURCHandler_BTPairCnf
                0x102dd154      0x22c
 .text.OnURCHandler_BTPairCnf
                0x102dd154      0x22c build\gcc\obj/ril/src/ril_bluetooth.o
                0x102dd154                OnURCHandler_BTPairCnf

.text.OnURCHandler_BTConn
                0x102dd380      0x234
 .text.OnURCHandler_BTConn
                0x102dd380      0x234 build\gcc\obj/ril/src/ril_bluetooth.o
                0x102dd380                OnURCHandler_BTConn

.text.OnURCHandler_BTConnCnf
                0x102dd5b4      0x2bc
 .text.OnURCHandler_BTConnCnf
                0x102dd5b4      0x2bc build\gcc\obj/ril/src/ril_bluetooth.o
                0x102dd5b4                OnURCHandler_BTConnCnf

.text.OnURCHandler_BTDisconn
                0x102dd870      0x1b8
 .text.OnURCHandler_BTDisconn
                0x102dd870      0x1b8 build\gcc\obj/ril/src/ril_bluetooth.o
                0x102dd870                OnURCHandler_BTDisconn

.text.OnURCHandler_BTIndication
                0x102dda28      0x35c
 .text.OnURCHandler_BTIndication
                0x102dda28      0x35c build\gcc\obj/ril/src/ril_bluetooth.o
                0x102dda28                OnURCHandler_BTIndication

.text.Ql_RIL_RcvDataFrmCore
                0x102ddd84       0x20
 .text.Ql_RIL_RcvDataFrmCore
                0x102ddd84       0x20 build\gcc\obj/ril/src/ril_custom.o
                0x102ddd84                Ql_RIL_RcvDataFrmCore

.text.OnURCHandler_QToneDet
                0x102ddda4       0xf4
 .text.OnURCHandler_QToneDet
                0x102ddda4       0xf4 build\gcc\obj/ril/src/Ril_dtmf.o
                0x102ddda4                OnURCHandler_QToneDet

.text.OnURCHandler_QWDTMF
                0x102dde98       0xa0
 .text.OnURCHandler_QWDTMF
                0x102dde98       0xa0 build\gcc\obj/ril/src/Ril_dtmf.o
                0x102dde98                OnURCHandler_QWDTMF

.text.OnURCHandler_GPSCMD
                0x102ddf38       0x6c
 .text.OnURCHandler_GPSCMD
                0x102ddf38       0x6c build\gcc\obj/ril/src/ril_gps.o
                0x102ddf38                OnURCHandler_GPSCMD

.text.RIL_GetInitCmdCnt
                0x102ddfa4        0x8
 .text.RIL_GetInitCmdCnt
                0x102ddfa4        0x8 build\gcc\obj/ril/src/ril_init.o
                0x102ddfa4                RIL_GetInitCmdCnt

.text.RIL_GetLimitedCmdCnt
                0x102ddfac        0x8
 .text.RIL_GetLimitedCmdCnt
                0x102ddfac        0x8 build\gcc\obj/ril/src/ril_init.o
                0x102ddfac                RIL_GetLimitedCmdCnt

.text.OnURCHandler_QCELLLocation
                0x102ddfb4      0x148
 .text.OnURCHandler_QCELLLocation
                0x102ddfb4      0x148 build\gcc\obj/ril/src/ril_location.o
                0x102ddfb4                OnURCHandler_QCELLLocation

.text.ATResponse_QMTPUB_handler
                0x102de0fc       0xb4
 .text.ATResponse_QMTPUB_handler
                0x102de0fc       0xb4 build\gcc\obj/ril/src/ril_mqtt.o

.text.ATResponse_Handler
                0x102de1b0       0x9c
 .text.ATResponse_Handler
                0x102de1b0       0x9c build\gcc\obj/ril/src/ril_mqtt.o

.text.RIL_MQTT_QMTCFG_Showrecvlen
                0x102de24c       0x88
 .text.RIL_MQTT_QMTCFG_Showrecvlen
                0x102de24c       0x88 build\gcc\obj/ril/src/ril_mqtt.o
                0x102de24c                RIL_MQTT_QMTCFG_Showrecvlen

.text.RIL_MQTT_QMTCFG_Version_Select
                0x102de2d4       0x88
 .text.RIL_MQTT_QMTCFG_Version_Select
                0x102de2d4       0x88 build\gcc\obj/ril/src/ril_mqtt.o
                0x102de2d4                RIL_MQTT_QMTCFG_Version_Select

.text.RIL_MQTT_QMTOPEN
                0x102de35c       0x90
 .text.RIL_MQTT_QMTOPEN
                0x102de35c       0x90 build\gcc\obj/ril/src/ril_mqtt.o
                0x102de35c                RIL_MQTT_QMTOPEN

.text.RIL_MQTT_QMTCONN
                0x102de3ec       0xc0
 .text.RIL_MQTT_QMTCONN
                0x102de3ec       0xc0 build\gcc\obj/ril/src/ril_mqtt.o
                0x102de3ec                RIL_MQTT_QMTCONN

.text.RIL_MQTT_QMTPUB
                0x102de4ac      0x108
 .text.RIL_MQTT_QMTPUB
                0x102de4ac      0x108 build\gcc\obj/ril/src/ril_mqtt.o
                0x102de4ac                RIL_MQTT_QMTPUB

.text.ATResponse_CGREG_Handler
                0x102de5b4       0xcc
 .text.ATResponse_CGREG_Handler
                0x102de5b4       0xcc build\gcc\obj/ril/src/ril_network.o

.text.RIL_NW_GetGPRSState
                0x102de680       0x78
 .text.RIL_NW_GetGPRSState
                0x102de680       0x78 build\gcc\obj/ril/src/ril_network.o
                0x102de680                RIL_NW_GetGPRSState

.text.RIL_NW_SetGPRSContext
                0x102de6f8       0x7c
 .text.RIL_NW_SetGPRSContext
                0x102de6f8       0x7c build\gcc\obj/ril/src/ril_network.o
                0x102de6f8                RIL_NW_SetGPRSContext

.text.RIL_NW_SetAPN
                0x102de774      0x10c
 .text.RIL_NW_SetAPN
                0x102de774      0x10c build\gcc\obj/ril/src/ril_network.o
                0x102de774                RIL_NW_SetAPN

.text.RIL_NW_OpenPDPContext
                0x102de880       0xb0
 .text.RIL_NW_OpenPDPContext
                0x102de880       0xb0 build\gcc\obj/ril/src/ril_network.o
                0x102de880                RIL_NW_OpenPDPContext

.text.OnURCHandler_NTPCMD
                0x102de930       0x6c
 .text.OnURCHandler_NTPCMD
                0x102de930       0x6c build\gcc\obj/ril/src/ril_ntp.o
                0x102de930                OnURCHandler_NTPCMD

.text.RIL_SIM_GetSimStateByName
                0x102de99c      0x170
 .text.RIL_SIM_GetSimStateByName
                0x102de99c      0x170 build\gcc\obj/ril/src/ril_sim.o
                0x102de99c                RIL_SIM_GetSimStateByName

.text.QSDK_Get_Str
                0x102deb0c       0xd0
 .text.QSDK_Get_Str
                0x102deb0c       0xd0 build\gcc\obj/ril/src/ril_system.o
                0x102deb0c                QSDK_Get_Str

.text.QSDK_Get_Strlen
                0x102debdc       0x68
 .text.QSDK_Get_Strlen
                0x102debdc       0x68 build\gcc\obj/ril/src/ril_system.o
                0x102debdc                QSDK_Get_Strlen

.text.OnURCHandler_HTTP
                0x102dec44       0x6c
 .text.OnURCHandler_HTTP
                0x102dec44       0x6c build\gcc\obj/ril/src/ril_urc.o

.text.OnURCHandler_AudPlayInd
                0x102decb0       0x50
 .text.OnURCHandler_AudPlayInd
                0x102decb0       0x50 build\gcc\obj/ril/src/ril_urc.o

.text.OnURCHandler_MQTT_DISC
                0x102ded00      0x124
 .text.OnURCHandler_MQTT_DISC
                0x102ded00      0x124 build\gcc\obj/ril/src/ril_urc.o

.text.OnURCHandler_MQTT_CLOSE
                0x102dee24      0x124
 .text.OnURCHandler_MQTT_CLOSE
                0x102dee24      0x124 build\gcc\obj/ril/src/ril_urc.o

.text.OnURCHandler_MQTT_STATE
                0x102def48       0xf8
 .text.OnURCHandler_MQTT_STATE
                0x102def48       0xf8 build\gcc\obj/ril/src/ril_urc.o

.text.OnURCHandler_MQTT_TUNS
                0x102df040      0x124
 .text.OnURCHandler_MQTT_TUNS
                0x102df040      0x124 build\gcc\obj/ril/src/ril_urc.o

.text.OnURCHandler_MQTT_PUB
                0x102df164      0x164
 .text.OnURCHandler_MQTT_PUB
                0x102df164      0x164 build\gcc\obj/ril/src/ril_urc.o

.text.OnURCHandler_MQTT_SUB
                0x102df2c8      0x184
 .text.OnURCHandler_MQTT_SUB
                0x102df2c8      0x184 build\gcc\obj/ril/src/ril_urc.o

.text.OnURCHandler_MQTT_CONN
                0x102df44c      0x138
 .text.OnURCHandler_MQTT_CONN
                0x102df44c      0x138 build\gcc\obj/ril/src/ril_urc.o

.text.OnURCHandler_MQTT_OPEN
                0x102df584       0xf8
 .text.OnURCHandler_MQTT_OPEN
                0x102df584       0xf8 build\gcc\obj/ril/src/ril_urc.o

.text.OnURCHandler_AlarmRing
                0x102df67c       0x28
 .text.OnURCHandler_AlarmRing
                0x102df67c       0x28 build\gcc\obj/ril/src/ril_urc.o

.text.OnURCHandler_InitStat
                0x102df6a4       0x68
 .text.OnURCHandler_InitStat
                0x102df6a4       0x68 build\gcc\obj/ril/src/ril_urc.o

.text.OnURCHandler_FTP
                0x102df70c      0x178
 .text.OnURCHandler_FTP
                0x102df70c      0x178 build\gcc\obj/ril/src/ril_urc.o

.text.OnURCHandler_CFUN
                0x102df884       0xc0
 .text.OnURCHandler_CFUN
                0x102df884       0xc0 build\gcc\obj/ril/src/ril_urc.o

.text.OnURCHandler_Voltage
                0x102df944       0xa4
 .text.OnURCHandler_Voltage
                0x102df944       0xa4 build\gcc\obj/ril/src/ril_urc.o

.text.OnURCHandler_Network
                0x102df9e8      0x178
 .text.OnURCHandler_Network
                0x102df9e8      0x178 build\gcc\obj/ril/src/ril_urc.o

.text.OnURCHandler_Call
                0x102dfb60      0x28c
 .text.OnURCHandler_Call
                0x102dfb60      0x28c build\gcc\obj/ril/src/ril_urc.o

.text.OnURCHandler_SIM
                0x102dfdec      0x100
 .text.OnURCHandler_SIM
                0x102dfdec      0x100 build\gcc\obj/ril/src/ril_urc.o

.text.OnURCHandler_SMS
                0x102dfeec      0x138
 .text.OnURCHandler_SMS
                0x102dfeec      0x138 build\gcc\obj/ril/src/ril_urc.o

.text.OnURCHandler
                0x102e0024       0xc0
 .text.OnURCHandler
                0x102e0024       0xc0 build\gcc\obj/ril/src/ril_urc.o
                0x102e0024                OnURCHandler

.text.Ql_RIL_IsURCStr
                0x102e00e4       0x80
 .text.Ql_RIL_IsURCStr
                0x102e00e4       0x80 build\gcc\obj/ril/src/ril_urc.o
                0x102e00e4                Ql_RIL_IsURCStr

.text.Ql_StrPrefixMatch
                0x102e0164       0x48
 .text.Ql_StrPrefixMatch
                0x102e0164       0x48 build\gcc\obj/ril/src/ril_util.o
                0x102e0164                Ql_StrPrefixMatch

.text.Ql_StrToUpper
                0x102e01ac       0x44
 .text.Ql_StrToUpper
                0x102e01ac       0x44 build\gcc\obj/ril/src/ril_util.o
                0x102e01ac                Ql_StrToUpper

.text.Ql_RIL_FindString
                0x102e01f0       0x90
 .text.Ql_RIL_FindString
                0x102e01f0       0x90 build\gcc\obj/ril/src/ril_util.o
                0x102e01f0                Ql_RIL_FindString

.text.Ql_RIL_FindLine
                0x102e0280      0x278
 .text.Ql_RIL_FindLine
                0x102e0280      0x278 build\gcc\obj/ril/src/ril_util.o
                0x102e0280                Ql_RIL_FindLine

.text.Ql_GenHash
                0x102e04f8       0x4c
 .text.Ql_GenHash
                0x102e04f8       0x4c build\gcc\obj/ril/src/ril_util.o
                0x102e04f8                Ql_GenHash

.text.CallBack_UART_Hdlr
                0x102e0544        0x4
 .text.CallBack_UART_Hdlr
                0x102e0544        0x4 build\gcc\obj/custom/main.o

.text.mqtt_recv
                0x102e0548       0x74
 .text.mqtt_recv
                0x102e0548       0x74 build\gcc\obj/custom/main.o

.text.Callback_Timer
                0x102e05bc      0x56c
 .text.Callback_Timer
                0x102e05bc      0x56c build\gcc\obj/custom/main.o

.text.proc_main_task
                0x102e0b28      0x444
 .text.proc_main_task
                0x102e0b28      0x444 build\gcc\obj/custom/main.o
                0x102e0b28                proc_main_task

.text.Ql_MEM_Alloc
                0x102e0f6c       0x78
 .text.Ql_MEM_Alloc
                0x102e0f6c       0x78 libs/gcc/app_start.lib(memory.o)
                0x102e0f6c                Ql_MEM_Alloc

.text.Ql_MEM_Free
                0x102e0fe4       0x74
 .text.Ql_MEM_Free
                0x102e0fe4       0x74 libs/gcc/app_start.lib(memory.o)
                0x102e0fe4                Ql_MEM_Free

.text.ql_InitVFunc
                0x102e1058      0x104
 .text.ql_InitVFunc
                0x102e1058      0x104 libs/gcc/app_start.lib(ql_main.o)
                0x102e1058                ql_InitVFunc

.text.ocpu_main
                0x102e115c       0xf0
 .text.ocpu_main
                0x102e115c       0xf0 libs/gcc/app_start.lib(ql_main.o)
                0x102e115c                ocpu_main

.text.proc_reserved2
                0x102e124c       0x70
 .text.proc_reserved2
                0x102e124c       0x70 libs/gcc/app_start.lib(ril_aux.o)
                0x102e124c                proc_reserved2

.text.ril_StopATTimer
                0x102e12bc       0x34
 .text.ril_StopATTimer
                0x102e12bc       0x34 libs/gcc/app_start.lib(ril_main.o)

.text.Callback_OnATTimer
                0x102e12f0       0x4c
 .text.Callback_OnATTimer
                0x102e12f0       0x4c libs/gcc/app_start.lib(ril_main.o)

.text.CallBack_SerialPort_Hdlr
                0x102e133c      0x438
 .text.CallBack_SerialPort_Hdlr
                0x102e133c      0x438 libs/gcc/app_start.lib(ril_main.o)

.text.proc_reserved1
                0x102e1774      0x200
 .text.proc_reserved1
                0x102e1774      0x200 libs/gcc/app_start.lib(ril_main.o)
                0x102e1774                proc_reserved1

.text.Ql_RIL_Initialize
                0x102e1974       0xd4
 .text.Ql_RIL_Initialize
                0x102e1974       0xd4 libs/gcc/app_start.lib(ril_main.o)
                0x102e1974                Ql_RIL_Initialize

.text.Ql_RIL_SendATCmd
                0x102e1a48      0x260
 .text.Ql_RIL_SendATCmd
                0x102e1a48      0x260 libs/gcc/app_start.lib(ril_main.o)
                0x102e1a48                Ql_RIL_SendATCmd

.text.Ql_RIL_WriteDataToCore
                0x102e1ca8       0x24
 .text.Ql_RIL_WriteDataToCore
                0x102e1ca8       0x24 libs/gcc/app_start.lib(ril_main.o)
                0x102e1ca8                Ql_RIL_WriteDataToCore

.text.Ql_Mqtt_Recv_Register
                0x102e1ccc       0x1c
 .text.Ql_Mqtt_Recv_Register
                0x102e1ccc       0x1c libs/gcc/app_start.lib(ril_main.o)
                0x102e1ccc                Ql_Mqtt_Recv_Register

.text.Ql_atof   0x102e1ce8       0x98
 .text.Ql_atof  0x102e1ce8       0x98 libs/gcc/app_start.lib(stdlib_func.o)
                0x102e1ce8                Ql_atof

.text.Ql_strcpy
                0x102e1d80       0xa0
 .text.Ql_strcpy
                0x102e1d80       0xa0 libs/gcc/app_start.lib(stdlib_func.o)
                0x102e1d80                Ql_strcpy

.text.Ql_strncpy
                0x102e1e20       0x88
 .text.Ql_strncpy
                0x102e1e20       0x88 libs/gcc/app_start.lib(stdlib_func.o)
                0x102e1e20                Ql_strncpy

.text.Ql_strlen
                0x102e1ea8       0x78
 .text.Ql_strlen
                0x102e1ea8       0x78 libs/gcc/app_start.lib(stdlib_func.o)
                0x102e1ea8                Ql_strlen

.text.Ql_strcmp
                0x102e1f20       0x68
 .text.Ql_strcmp
                0x102e1f20       0x68 libs/gcc/app_start.lib(stdlib_func.o)
                0x102e1f20                Ql_strcmp

.text.Ql_strncmp
                0x102e1f88       0x70
 .text.Ql_strncmp
                0x102e1f88       0x70 libs/gcc/app_start.lib(stdlib_func.o)
                0x102e1f88                Ql_strncmp

.text.Ql_memset
                0x102e1ff8       0x88
 .text.Ql_memset
                0x102e1ff8       0x88 libs/gcc/app_start.lib(stdlib_func.o)
                0x102e1ff8                Ql_memset

.text.Ql_memcpy
                0x102e2080       0x88
 .text.Ql_memcpy
                0x102e2080       0x88 libs/gcc/app_start.lib(stdlib_func.o)
                0x102e2080                Ql_memcpy

.text.Ql_strstr
                0x102e2108       0x80
 .text.Ql_strstr
                0x102e2108       0x80 libs/gcc/app_start.lib(stdlib_func.o)
                0x102e2108                Ql_strstr

.text.Ql_toupper
                0x102e2188        0x8
 .text.Ql_toupper
                0x102e2188        0x8 libs/gcc/app_start.lib(stdlib_func.o)
                0x102e2188                Ql_toupper

.text.Ql_atoi   0x102e2190       0x84
 .text.Ql_atoi  0x102e2190       0x84 libs/gcc/app_start.lib(stdlib_func.o)
                0x102e2190                Ql_atoi

.text.Ql_Sleep  0x102e2214       0x74
 .text.Ql_Sleep
                0x102e2214       0x74 libs/gcc/app_start.lib(system.o)
                0x102e2214                Ql_Sleep

.text.Ql_GetSDKVer
                0x102e2288       0x64
 .text.Ql_GetSDKVer
                0x102e2288       0x64 libs/gcc/app_start.lib(system.o)
                0x102e2288                Ql_GetSDKVer

.text.Ql_OS_GetMessage
                0x102e22ec       0x60
 .text.Ql_OS_GetMessage
                0x102e22ec       0x60 libs/gcc/app_start.lib(taskMngt.o)
                0x102e22ec                Ql_OS_GetMessage

.text.Ql_OS_SendMessage
                0x102e234c       0x78
 .text.Ql_OS_SendMessage
                0x102e234c       0x78 libs/gcc/app_start.lib(taskMngt.o)
                0x102e234c                Ql_OS_SendMessage

.text.Ql_OS_CreateMutex
                0x102e23c4       0x54
 .text.Ql_OS_CreateMutex
                0x102e23c4       0x54 libs/gcc/app_start.lib(taskMngt.o)
                0x102e23c4                Ql_OS_CreateMutex

.text.Ql_OS_TakeMutex
                0x102e2418       0x54
 .text.Ql_OS_TakeMutex
                0x102e2418       0x54 libs/gcc/app_start.lib(taskMngt.o)
                0x102e2418                Ql_OS_TakeMutex

.text.Ql_OS_GiveMutex
                0x102e246c       0x54
 .text.Ql_OS_GiveMutex
                0x102e246c       0x54 libs/gcc/app_start.lib(taskMngt.o)
                0x102e246c                Ql_OS_GiveMutex

.text.Ql_OS_CreateEvent
                0x102e24c0       0x54
 .text.Ql_OS_CreateEvent
                0x102e24c0       0x54 libs/gcc/app_start.lib(taskMngt.o)
                0x102e24c0                Ql_OS_CreateEvent

.text.Ql_OS_WaitEvent
                0x102e2514       0x68
 .text.Ql_OS_WaitEvent
                0x102e2514       0x68 libs/gcc/app_start.lib(taskMngt.o)
                0x102e2514                Ql_OS_WaitEvent

.text.Ql_OS_SetEvent
                0x102e257c       0x68
 .text.Ql_OS_SetEvent
                0x102e257c       0x68 libs/gcc/app_start.lib(taskMngt.o)
                0x102e257c                Ql_OS_SetEvent

.text.Ql_Timer_Register
                0x102e25e4       0x70
 .text.Ql_Timer_Register
                0x102e25e4       0x70 libs/gcc/app_start.lib(timer.o)
                0x102e25e4                Ql_Timer_Register

.text.Ql_Timer_Start
                0x102e2654       0x70
 .text.Ql_Timer_Start
                0x102e2654       0x70 libs/gcc/app_start.lib(timer.o)
                0x102e2654                Ql_Timer_Start

.text.Ql_Timer_Stop
                0x102e26c4       0x60
 .text.Ql_Timer_Stop
                0x102e26c4       0x60 libs/gcc/app_start.lib(timer.o)
                0x102e26c4                Ql_Timer_Stop

.text.Ql_UART_Register
                0x102e2724       0x70
 .text.Ql_UART_Register
                0x102e2724       0x70 libs/gcc/app_start.lib(uart.o)
                0x102e2724                Ql_UART_Register

.text.Ql_UART_Open
                0x102e2794       0x70
 .text.Ql_UART_Open
                0x102e2794       0x70 libs/gcc/app_start.lib(uart.o)
                0x102e2794                Ql_UART_Open

.text.Ql_UART_Write
                0x102e2804       0x70
 .text.Ql_UART_Write
                0x102e2804       0x70 libs/gcc/app_start.lib(uart.o)
                0x102e2804                Ql_UART_Write

.text.Ql_UART_Read
                0x102e2874       0x70
 .text.Ql_UART_Read
                0x102e2874       0x70 libs/gcc/app_start.lib(uart.o)
                0x102e2874                Ql_UART_Read

.text.Ql_UART_GetPinStatus
                0x102e28e4       0x68
 .text.Ql_UART_GetPinStatus
                0x102e28e4       0x68 libs/gcc/app_start.lib(uart.o)
                0x102e28e4                Ql_UART_GetPinStatus

.text.Ql_UART_SendEscap
                0x102e294c       0x60
 .text.Ql_UART_SendEscap
                0x102e294c       0x60 libs/gcc/app_start.lib(uart.o)
                0x102e294c                Ql_UART_SendEscap

.rodata         0x102e29ac     0x1045
 *(.rodata)
 .rodata        0x102e29ac       0x48 build\gcc\obj/custom/config/custom_sys_cfg.o
                0x102e29b0                SystemCfg
 .rodata        0x102e29f4       0x54 build\gcc\obj/custom/config/sys_config.o
                0x102e29f4                GpioConfigTbl
                0x102e29f8                TaskConfig
 .rodata        0x102e2a48      0x100 build\gcc\obj/ril/src/ril_bluetooth.o
 .rodata        0x102e2b48       0x1a build\gcc\obj/ril/src/Ril_dtmf.o
 .rodata        0x102e2b62       0x4c build\gcc\obj/ril/src/ril_gps.o
 .rodata        0x102e2bae        0xe build\gcc\obj/ril/src/ril_location.o
 .rodata        0x102e2bbc       0x5d build\gcc\obj/ril/src/ril_network.o
 .rodata        0x102e2c19        0xa build\gcc\obj/ril/src/ril_ntp.o
 *fill*         0x102e2c23        0x1 
 .rodata        0x102e2c24      0xd90 build\gcc\obj/ril/src/ril_urc.o
 .rodata        0x102e39b4        0x8 build\gcc\obj/custom/main.o
 .rodata        0x102e39bc       0x16 libs/gcc/app_start.lib(ql_main.o)
 .rodata        0x102e39d2        0x4 libs/gcc/app_start.lib(ril_main.o)
 .rodata        0x102e39d6       0x1b libs/gcc/app_start.lib(system.o)

.rodata.str1.1  0x102e39f1     0x1a21
 .rodata.str1.1
                0x102e39f1       0x25 build\gcc\obj/ril/src/ril_atResponse.o
                                 0x2e (size before relaxing)
 .rodata.str1.1
                0x102e3a16      0x470 build\gcc\obj/ril/src/ril_ble.o
                                0x53e (size before relaxing)
 .rodata.str1.1
                0x102e3e86      0x58d build\gcc\obj/ril/src/ril_ble_clinet.o
                                0x852 (size before relaxing)
 .rodata.str1.1
                0x102e4413      0x3ad build\gcc\obj/ril/src/ril_bluetooth.o
                                0x4e3 (size before relaxing)
 .rodata.str1.1
                0x102e47c0       0xb7 build\gcc\obj/ril/src/Ril_dtmf.o
                                 0xcc (size before relaxing)
 .rodata.str1.1
                0x102e4877       0x52 build\gcc\obj/ril/src/ril_init.o
 .rodata.str1.1
                0x102e48c9       0x8a build\gcc\obj/ril/src/ril_location.o
                                 0xca (size before relaxing)
 .rodata.str1.1
                0x102e4953      0x11f build\gcc\obj/ril/src/ril_mqtt.o
                                0x15b (size before relaxing)
 .rodata.str1.1
                0x102e4a72       0xf8 build\gcc\obj/ril/src/ril_network.o
                                0x112 (size before relaxing)
 .rodata.str1.1
                0x102e4b6a       0x79 build\gcc\obj/ril/src/ril_sim.o
                                 0xaf (size before relaxing)
 .rodata.str1.1
                0x102e4be3      0x1b2 build\gcc\obj/ril/src/ril_urc.o
                                0x1b9 (size before relaxing)
 .rodata.str1.1
                0x102e4d95        0xa build\gcc\obj/ril/src/ril_util.o
                                 0x16 (size before relaxing)
 .rodata.str1.1
                0x102e4d9f      0x273 build\gcc\obj/custom/main.o
                                0x274 (size before relaxing)
 .rodata.str1.1
                0x102e5012       0x19 libs/gcc/app_start.lib(memory.o)
 .rodata.str1.1
                0x102e502b       0x51 libs/gcc/app_start.lib(ql_main.o)
                                 0x56 (size before relaxing)
 .rodata.str1.1
                0x102e507c       0x2b libs/gcc/app_start.lib(ril_main.o)
                                 0x32 (size before relaxing)
 .rodata.str1.1
                0x102e50a7       0xa1 libs/gcc/app_start.lib(stdlib_func.o)
 .rodata.str1.1
                0x102e5148       0x3d libs/gcc/app_start.lib(system.o)
 .rodata.str1.1
                0x102e5185      0x140 libs/gcc/app_start.lib(taskMngt.o)
 .rodata.str1.1
                0x102e52c5       0x45 libs/gcc/app_start.lib(timer.o)
 .rodata.str1.1
                0x102e530a      0x108 libs/gcc/app_start.lib(uart.o)

.rel.dyn        0x102e5414        0x0
 .rel.iplt      0x00000000        0x0 build\gcc\obj/custom/config/custom_sys_cfg.o

.data           0xf03d2000       0xd0 load address 0x102e5418
                0x102e5418                PROVIDE (__data_load, LOADADDR (.data))
                0xf03d2000                PROVIDE (__data_start, .)
 *(.data)
 .data          0xf03d2000        0x1 build\gcc\obj/ril/src/ril_bluetooth.o
 *fill*         0xf03d2001        0x3 
 .data          0xf03d2004       0x20 build\gcc\obj/ril/src/ril_init.o
                0xf03d2004                g_LimitedCmds
                0xf03d200c                g_InitCmds
 .data          0xf03d2024       0x38 build\gcc\obj/ril/src/ril_urc.o
                0xf03d2024                mqtt_urc_param
 .data          0xf03d205c       0x44 build\gcc\obj/custom/main.o
                0xf03d205c                clientID
                0xf03d2069                username
                0xf03d2080                temp_val
                0xf03d2084                topic
 .data          0xf03d20a0       0x18 libs/gcc/app_start.lib(ql_func.o)
                0xf03d20a0                api_notsup
 .data          0xf03d20b8        0x4 libs/gcc/app_start.lib(ril_aux.o)
                0xf03d20b8                g_ril_auxTaskId
 .data          0xf03d20bc       0x10 libs/gcc/app_start.lib(ril_main.o)
                0xf03d20d0                . = ALIGN (0x8)
 *fill*         0xf03d20cc        0x4 
                0xf03d20d0                PROVIDE (_edata, .)

.igot.plt       0xf03d20d0        0x0 load address 0x102e54e8
 .igot.plt      0x00000000        0x0 build\gcc\obj/custom/config/custom_sys_cfg.o

.bss            0xf03d20d0     0x1404 load address 0x102e54e8
                0xf03d20d0                PROVIDE (__bss_start__, .)
 *(.bss)
 .bss           0xf03d20d0        0x4 build\gcc\obj/ril/src/ril_atResponse.o
 .bss           0xf03d20d4        0x4 build\gcc\obj/ril/src/ril_audio.o
                0xf03d20d4                cb_aud_play
 .bss           0xf03d20d8        0x4 build\gcc\obj/ril/src/ril_ble.o
 .bss           0xf03d20dc      0x204 build\gcc\obj/ril/src/ril_ble_clinet.o
 .bss           0xf03d22e0       0x98 build\gcc\obj/ril/src/ril_bluetooth.o
 .bss           0xf03d2378        0x4 build\gcc\obj/ril/src/ril_custom.o
                0xf03d2378                cb_rcvCoreData
 .bss           0xf03d237c       0x10 build\gcc\obj/ril/src/Ril_dtmf.o
 .bss           0xf03d238c        0x4 build\gcc\obj/ril/src/ril_gps.o
 .bss           0xf03d2390       0x18 build\gcc\obj/ril/src/ril_http.o
                0xf03d2394                http_url_addr
                0xf03d2398                http_url_addr_len
                0xf03d239c                http_post_msg
                0xf03d23a0                http_post_msg_len
                0xf03d23a4                callback_http_dwnld
 .bss           0xf03d23a8        0x4 build\gcc\obj/ril/src/ril_location.o
 .bss           0xf03d23ac        0x4 build\gcc\obj/ril/src/ril_ntp.o
 .bss           0xf03d23b0        0x8 build\gcc\obj/ril/src/ril_urc.o
                0xf03d23b0                FtpGet_IND_CB
                0xf03d23b4                FtpPut_IND_CB
 .bss           0xf03d23b8      0x20c build\gcc\obj/custom/main.o
                0xf03d25ba                connect_id
                0xf03d25bb                passwd
                0xf03d25bc                pub_message_id
                0xf03d25c0                wait_tick
 .bss           0xf03d25c4        0x8 libs/gcc/app_start.lib(memory.o)
 .bss           0xf03d25cc       0x24 libs/gcc/app_start.lib(ql_func.o)
                0xf03d25cc                m_StartPlayAudioStream
                0xf03d25d0                m_get_api_ptr
                0xf03d25d4                m_StopPlayAudioStream
                0xf03d25d8                m_GetRelativeTime_Counter
                0xf03d25dc                m_SecondToTicks
                0xf03d25e0                m_MillisecondToTicks
                0xf03d25e4                m_CalendarTime2LocalTime
                0xf03d25e8                m_osChangeTaskPriority
                0xf03d25ec                m_create_api_hash
 .bss           0xf03d25f0       0x10 libs/gcc/app_start.lib(ql_main.o)
                0xf03d25f4                runinfo
 .bss           0xf03d2600        0x1 libs/gcc/app_start.lib(ril_aux.o)
                0xf03d2600                g_ril_auxTaskReady
 *fill*         0xf03d2601        0x3 
 .bss           0xf03d2604      0xc34 libs/gcc/app_start.lib(ril_main.o)
 .bss           0xf03d3238       0x40 libs/gcc/app_start.lib(stdlib_func.o)
 .bss           0xf03d3278       0x14 libs/gcc/app_start.lib(system.o)
 .bss           0xf03d328c       0x40 libs/gcc/app_start.lib(taskMngt.o)
 .bss           0xf03d32cc       0x10 libs/gcc/app_start.lib(timer.o)
 .bss           0xf03d32dc       0x3c libs/gcc/app_start.lib(uart.o)
                0xf03d3318                . = ALIGN (0x8)
                0xf03d3318                PROVIDE (__bss_end__, .)
 COMMON         0xf03d3318      0x124 build\gcc\obj/ril/src/ril_telephony.o
                0xf03d3318                g_comingCall
 COMMON         0xf03d343c       0x80 build\gcc\obj/custom/main.o
                0xf03d343c                mqtt_payload
 COMMON         0xf03d34bc       0x14 libs/gcc/app_start.lib(ql_main.o)
                0xf03d34bc                Ql_snprintf
                0xf03d34c0                Ql_sprintf
                0xf03d34c4                Ql_Debug_Trace
                0xf03d34c8                Ql_vsprintf
                0xf03d34cc                Ql_sscanf
 COMMON         0xf03d34d0        0x4 libs/gcc/app_start.lib(ril_main.o)
                0xf03d34d0                MQTT_Recvhandler
LOAD build\gcc\obj/custom/config/custom_sys_cfg.o
LOAD build\gcc\obj/custom/config/sys_config.o
LOAD build\gcc\obj/ril/src/ril_alarm.o
LOAD build\gcc\obj/ril/src/ril_atResponse.o
LOAD build\gcc\obj/ril/src/ril_audio.o
LOAD build\gcc\obj/ril/src/ril_ble.o
LOAD build\gcc\obj/ril/src/ril_ble_clinet.o
LOAD build\gcc\obj/ril/src/ril_bluetooth.o
LOAD build\gcc\obj/ril/src/ril_custom.o
LOAD build\gcc\obj/ril/src/Ril_dtmf.o
LOAD build\gcc\obj/ril/src/ril_ftp.o
LOAD build\gcc\obj/ril/src/ril_gps.o
LOAD build\gcc\obj/ril/src/ril_http.o
LOAD build\gcc\obj/ril/src/ril_init.o
LOAD build\gcc\obj/ril/src/ril_location.o
LOAD build\gcc\obj/ril/src/ril_location2.o
LOAD build\gcc\obj/ril/src/ril_mqtt.o
LOAD build\gcc\obj/ril/src/ril_network.o
LOAD build\gcc\obj/ril/src/ril_ntp.o
LOAD build\gcc\obj/ril/src/ril_sim.o
LOAD build\gcc\obj/ril/src/ril_sms.o
LOAD build\gcc\obj/ril/src/ril_system.o
LOAD build\gcc\obj/ril/src/ril_telephony.o
LOAD build\gcc\obj/ril/src/ril_urc.o
LOAD build\gcc\obj/ril/src/ril_util.o
LOAD build\gcc\obj/example/example_adc.o
LOAD build\gcc\obj/example/example_alarm.o
LOAD build\gcc\obj/example/example_audio.o
LOAD build\gcc\obj/example/example_ble.o
LOAD build\gcc\obj/example/example_ble_client.o
LOAD build\gcc\obj/example/example_bluetooth.o
LOAD build\gcc\obj/example/example_call.o
LOAD build\gcc\obj/example/example_clk.o
LOAD build\gcc\obj/example/example_csd.o
LOAD build\gcc\obj/example/example_download_epo.o
LOAD build\gcc\obj/example/example_dtmf.o
LOAD build\gcc\obj/example/example_eint.o
LOAD build\gcc\obj/example/example_epo_callback.o
LOAD build\gcc\obj/example/example_file.o
LOAD build\gcc\obj/example/example_float_math.o
LOAD build\gcc\obj/example/example_fota_ftp.o
LOAD build\gcc\obj/example/example_fota_http.o
LOAD build\gcc\obj/example/example_ftp.o
LOAD build\gcc\obj/example/example_gpio.o
LOAD build\gcc\obj/example/example_gps.o
LOAD build\gcc\obj/example/Example_gps_iic.o
LOAD build\gcc\obj/example/example_http.o
LOAD build\gcc\obj/example/example_iic.o
LOAD build\gcc\obj/example/example_location.o
LOAD build\gcc\obj/example/example_location2.o
LOAD build\gcc\obj/example/example_memory.o
LOAD build\gcc\obj/example/example_mqtt.o
LOAD build\gcc\obj/example/example_multitask.o
LOAD build\gcc\obj/example/example_multitask_port.o
LOAD build\gcc\obj/example/example_pwm.o
LOAD build\gcc\obj/example/example_sms.o
LOAD build\gcc\obj/example/example_spi.o
LOAD build\gcc\obj/example/example_system.o
LOAD build\gcc\obj/example/example_tcp_demo.o
LOAD build\gcc\obj/example/example_tcpclient.o
LOAD build\gcc\obj/example/example_tcpserver.o
LOAD build\gcc\obj/example/example_time.o
LOAD build\gcc\obj/example/example_timer.o
LOAD build\gcc\obj/example/example_transpass.o
LOAD build\gcc\obj/example/example_udpclient.o
LOAD build\gcc\obj/example/example_udpserver.o
LOAD build\gcc\obj/example/example_watchdog.o
LOAD build\gcc\obj/example/nema_pro.o
LOAD build\gcc\obj/example/utility.o
LOAD build\gcc\obj/custom/main.o
LOAD build\gcc\obj/custom/fota/src/fota_ftp.o
LOAD build\gcc\obj/custom/fota/src/fota_http.o
LOAD build\gcc\obj/custom/fota/src/fota_http_code.o
LOAD build\gcc\obj/custom/fota/src/fota_main.o
LOAD libs/gcc/app_start.lib
LOAD C:\Users\admin\CodeSourcery\Sourcery_CodeBench_Lite_for_ARM_EABI/arm-none-eabi/lib/thumb/libm.a
LOAD C:\Users\admin\CodeSourcery\Sourcery_CodeBench_Lite_for_ARM_EABI/arm-none-eabi/lib/thumb/libc.a
LOAD C:\Users\admin\CodeSourcery\Sourcery_CodeBench_Lite_for_ARM_EABI/arm-none-eabi/lib/thumb/libcs3.a
LOAD C:\Users\admin\CodeSourcery\Sourcery_CodeBench_Lite_for_ARM_EABI/lib/gcc/arm-none-eabi/4.7.2/thumb/libgcc.a
OUTPUT(build\gcc/APPGS3MDM32A01.elf elf32-littlearm)

.comment        0x00000000       0x30
 .comment       0x00000000       0x30 build\gcc\obj/custom/config/custom_sys_cfg.o
                                 0x31 (size before relaxing)
 .comment       0x00000000       0x31 build\gcc\obj/custom/config/sys_config.o
 .comment       0x00000000       0x31 build\gcc\obj/ril/src/ril_atResponse.o
 .comment       0x00000000       0x31 build\gcc\obj/ril/src/ril_audio.o
 .comment       0x00000000       0x31 build\gcc\obj/ril/src/ril_ble.o
 .comment       0x00000000       0x31 build\gcc\obj/ril/src/ril_ble_clinet.o
 .comment       0x00000000       0x31 build\gcc\obj/ril/src/ril_bluetooth.o
 .comment       0x00000000       0x31 build\gcc\obj/ril/src/ril_custom.o
 .comment       0x00000000       0x31 build\gcc\obj/ril/src/Ril_dtmf.o
 .comment       0x00000000       0x31 build\gcc\obj/ril/src/ril_gps.o
 .comment       0x00000000       0x31 build\gcc\obj/ril/src/ril_http.o
 .comment       0x00000000       0x31 build\gcc\obj/ril/src/ril_init.o
 .comment       0x00000000       0x31 build\gcc\obj/ril/src/ril_location.o
 .comment       0x00000000       0x31 build\gcc\obj/ril/src/ril_mqtt.o
 .comment       0x00000000       0x31 build\gcc\obj/ril/src/ril_network.o
 .comment       0x00000000       0x31 build\gcc\obj/ril/src/ril_ntp.o
 .comment       0x00000000       0x31 build\gcc\obj/ril/src/ril_sim.o
 .comment       0x00000000       0x31 build\gcc\obj/ril/src/ril_system.o
 .comment       0x00000000       0x31 build\gcc\obj/ril/src/ril_telephony.o
 .comment       0x00000000       0x31 build\gcc\obj/ril/src/ril_urc.o
 .comment       0x00000000       0x31 build\gcc\obj/ril/src/ril_util.o
 .comment       0x00000000       0x31 build\gcc\obj/custom/main.o
 .comment       0x00000000       0x31 libs/gcc/app_start.lib(memory.o)
 .comment       0x00000000       0x31 libs/gcc/app_start.lib(ql_func.o)
 .comment       0x00000000       0x31 libs/gcc/app_start.lib(ql_main.o)
 .comment       0x00000000       0x31 libs/gcc/app_start.lib(ril_aux.o)
 .comment       0x00000000       0x31 libs/gcc/app_start.lib(ril_main.o)
 .comment       0x00000000       0x31 libs/gcc/app_start.lib(stdlib_func.o)
 .comment       0x00000000       0x31 libs/gcc/app_start.lib(system.o)
 .comment       0x00000000       0x31 libs/gcc/app_start.lib(taskMngt.o)
 .comment       0x00000000       0x31 libs/gcc/app_start.lib(timer.o)
 .comment       0x00000000       0x31 libs/gcc/app_start.lib(uart.o)

.ARM.attributes
                0x00000000       0x2b
 .ARM.attributes
                0x00000000       0x2b build\gcc\obj/custom/config/custom_sys_cfg.o
 .ARM.attributes
                0x0000002b       0x2b build\gcc\obj/custom/config/sys_config.o
 .ARM.attributes
                0x00000056       0x2b build\gcc\obj/ril/src/ril_atResponse.o
 .ARM.attributes
                0x00000081       0x2b build\gcc\obj/ril/src/ril_audio.o
 .ARM.attributes
                0x000000ac       0x2b build\gcc\obj/ril/src/ril_ble.o
 .ARM.attributes
                0x000000d7       0x2b build\gcc\obj/ril/src/ril_ble_clinet.o
 .ARM.attributes
                0x00000102       0x2b build\gcc\obj/ril/src/ril_bluetooth.o
 .ARM.attributes
                0x0000012d       0x2b build\gcc\obj/ril/src/ril_custom.o
 .ARM.attributes
                0x00000158       0x2b build\gcc\obj/ril/src/Ril_dtmf.o
 .ARM.attributes
                0x00000183       0x2b build\gcc\obj/ril/src/ril_gps.o
 .ARM.attributes
                0x000001ae       0x2b build\gcc\obj/ril/src/ril_http.o
 .ARM.attributes
                0x000001d9       0x2b build\gcc\obj/ril/src/ril_init.o
 .ARM.attributes
                0x00000204       0x2b build\gcc\obj/ril/src/ril_location.o
 .ARM.attributes
                0x0000022f       0x2b build\gcc\obj/ril/src/ril_mqtt.o
 .ARM.attributes
                0x0000025a       0x2b build\gcc\obj/ril/src/ril_network.o
 .ARM.attributes
                0x00000285       0x2b build\gcc\obj/ril/src/ril_ntp.o
 .ARM.attributes
                0x000002b0       0x2b build\gcc\obj/ril/src/ril_sim.o
 .ARM.attributes
                0x000002db       0x2b build\gcc\obj/ril/src/ril_system.o
 .ARM.attributes
                0x00000306       0x2b build\gcc\obj/ril/src/ril_telephony.o
 .ARM.attributes
                0x00000331       0x2b build\gcc\obj/ril/src/ril_urc.o
 .ARM.attributes
                0x0000035c       0x2b build\gcc\obj/ril/src/ril_util.o
 .ARM.attributes
                0x00000387       0x2b build\gcc\obj/custom/main.o
 .ARM.attributes
                0x000003b2       0x2b libs/gcc/app_start.lib(memory.o)
 .ARM.attributes
                0x000003dd       0x2b libs/gcc/app_start.lib(ql_func.o)
 .ARM.attributes
                0x00000408       0x2b libs/gcc/app_start.lib(ql_main.o)
 .ARM.attributes
                0x00000433       0x2b libs/gcc/app_start.lib(ril_aux.o)
 .ARM.attributes
                0x0000045e       0x2b libs/gcc/app_start.lib(ril_main.o)
 .ARM.attributes
                0x00000489       0x2b libs/gcc/app_start.lib(stdlib_func.o)
 .ARM.attributes
                0x000004b4       0x2b libs/gcc/app_start.lib(system.o)
 .ARM.attributes
                0x000004df       0x2b libs/gcc/app_start.lib(taskMngt.o)
 .ARM.attributes
                0x0000050a       0x2b libs/gcc/app_start.lib(timer.o)
 .ARM.attributes
                0x00000535       0x2b libs/gcc/app_start.lib(uart.o)
 .ARM.attributes
                0x00000560       0x1d libs/gcc/app_start.lib(ocpu_init.o)
 .ARM.attributes
                0x0000057d       0x30 C:\Users\admin\CodeSourcery\Sourcery_CodeBench_Lite_for_ARM_EABI/arm-none-eabi/lib/thumb/libc.a(lib_a-memcpy.o)
 .ARM.attributes
                0x000005ad       0x30 C:\Users\admin\CodeSourcery\Sourcery_CodeBench_Lite_for_ARM_EABI/arm-none-eabi/lib/thumb/libc.a(lib_a-memset.o)
 .ARM.attributes
                0x000005dd       0x18 C:\Users\admin\CodeSourcery\Sourcery_CodeBench_Lite_for_ARM_EABI/lib/gcc/arm-none-eabi/4.7.2/thumb/libgcc.a(_udivsi3.o)
 .ARM.attributes
                0x000005f5       0x16 C:\Users\admin\CodeSourcery\Sourcery_CodeBench_Lite_for_ARM_EABI/lib/gcc/arm-none-eabi/4.7.2/thumb/libgcc.a(_dvmd_tls.o)
 .ARM.attributes
                0x0000060b       0x18 C:\Users\admin\CodeSourcery\Sourcery_CodeBench_Lite_for_ARM_EABI/lib/gcc/arm-none-eabi/4.7.2/thumb/libgcc.a(_arm_fixdfsi.o)
 .ARM.attributes
                0x00000623       0x18 C:\Users\admin\CodeSourcery\Sourcery_CodeBench_Lite_for_ARM_EABI/lib/gcc/arm-none-eabi/4.7.2/thumb/libgcc.a(_arm_truncdfsf2.o)

.debug_frame    0x00000000       0x84
 .debug_frame   0x00000000       0x38 C:\Users\admin\CodeSourcery\Sourcery_CodeBench_Lite_for_ARM_EABI/arm-none-eabi/lib/thumb/libc.a(lib_a-memcpy.o)
 .debug_frame   0x00000038       0x2c C:\Users\admin\CodeSourcery\Sourcery_CodeBench_Lite_for_ARM_EABI/arm-none-eabi/lib/thumb/libc.a(lib_a-memset.o)
 .debug_frame   0x00000064       0x20 C:\Users\admin\CodeSourcery\Sourcery_CodeBench_Lite_for_ARM_EABI/lib/gcc/arm-none-eabi/4.7.2/thumb/libgcc.a(_udivsi3.o)
