Archive member included because of file (symbol)

libs/gcc/app_start.lib(fileSys.o)
                              build\gcc\obj/custom/fota/src/fota_ftp.o (Ql_FS_Open)
libs/gcc/app_start.lib(fota.o)
                              build\gcc\obj/custom/fota/src/fota_main.o (Ql_FOTA_Init)
libs/gcc/app_start.lib(gprs.o)
                              build\gcc\obj/custom/fota/src/fota_main.o (Ql_GPRS_GetPDPContextId)
libs/gcc/app_start.lib(iic.o)
                              build\gcc\obj/example/nema_pro.o (Ql_IIC_Write)
libs/gcc/app_start.lib(lib_ril_sms.o)
                              build\gcc\obj/ril/src/ril_sms.o (LIB_SMS_IsValidHexStr)
libs/gcc/app_start.lib(memory.o)
                              build\gcc\obj/ril/src/ril_bluetooth.o (Ql_MEM_Alloc)
libs/gcc/app_start.lib(power.o)
                              build\gcc\obj/custom/main.o (Ql_GetPowerSupply)
libs/gcc/app_start.lib(ql_func.o)
                              libs/gcc/app_start.lib(memory.o) (api_notsup)
libs/gcc/app_start.lib(ql_main.o)
                              build\gcc\obj/ril/src/ril_bluetooth.o (Ql_Debug_Trace)
libs/gcc/app_start.lib(ril_aux.o)
                              build\gcc\obj/custom/config/sys_config.o (proc_reserved2)
libs/gcc/app_start.lib(ril_main.o)
                              build\gcc\obj/custom/config/sys_config.o (proc_reserved1)
libs/gcc/app_start.lib(stdlib_func.o)
                              build\gcc\obj/ril/src/Ril_dtmf.o (Ql_atof)
libs/gcc/app_start.lib(system.o)
                              build\gcc\obj/ril/src/ril_ftp.o (Ql_Sleep)
libs/gcc/app_start.lib(taskMngt.o)
                              build\gcc\obj/custom/main.o (Ql_OS_GetMessage)
libs/gcc/app_start.lib(timer.o)
                              build\gcc\obj/custom/main.o (Ql_Timer_Register)
libs/gcc/app_start.lib(uart.o)
                              build\gcc\obj/custom/main.o (Ql_UART_Register)
libs/gcc/app_start.lib(ocpu_init.o)
                              libs/gcc/app_start.lib(ql_main.o) (_OCPU_InitUserMem)
C:\Users\admin\CodeSourcery\Sourcery_CodeBench_Lite_for_ARM_EABI/arm-none-eabi/lib/thumb/libc.a(lib_a-memcpy.o)
                              build\gcc\obj/ril/src/ril_alarm.o (memcpy)
C:\Users\admin\CodeSourcery\Sourcery_CodeBench_Lite_for_ARM_EABI/arm-none-eabi/lib/thumb/libc.a(lib_a-memset.o)
                              build\gcc\obj/ril/src/ril_alarm.o (memset)
C:\Users\admin\CodeSourcery\Sourcery_CodeBench_Lite_for_ARM_EABI/lib/gcc/arm-none-eabi/4.7.2/thumb/libgcc.a(_udivsi3.o)
                              build\gcc\obj/custom/main.o (__aeabi_uidiv)
C:\Users\admin\CodeSourcery\Sourcery_CodeBench_Lite_for_ARM_EABI/lib/gcc/arm-none-eabi/4.7.2/thumb/libgcc.a(_divsi3.o)
                              libs/gcc/app_start.lib(lib_ril_sms.o) (__aeabi_idiv)
C:\Users\admin\CodeSourcery\Sourcery_CodeBench_Lite_for_ARM_EABI/lib/gcc/arm-none-eabi/4.7.2/thumb/libgcc.a(_dvmd_tls.o)
                              C:\Users\admin\CodeSourcery\Sourcery_CodeBench_Lite_for_ARM_EABI/lib/gcc/arm-none-eabi/4.7.2/thumb/libgcc.a(_udivsi3.o) (__aeabi_idiv0)
C:\Users\admin\CodeSourcery\Sourcery_CodeBench_Lite_for_ARM_EABI/lib/gcc/arm-none-eabi/4.7.2/thumb/libgcc.a(_arm_addsubdf3.o)
                              build\gcc\obj/custom/main.o (__aeabi_dadd)
C:\Users\admin\CodeSourcery\Sourcery_CodeBench_Lite_for_ARM_EABI/lib/gcc/arm-none-eabi/4.7.2/thumb/libgcc.a(_arm_muldivdf3.o)
                              build\gcc\obj/custom/main.o (__aeabi_dmul)
C:\Users\admin\CodeSourcery\Sourcery_CodeBench_Lite_for_ARM_EABI/lib/gcc/arm-none-eabi/4.7.2/thumb/libgcc.a(_arm_fixdfsi.o)
                              build\gcc\obj/ril/src/Ril_dtmf.o (__aeabi_d2iz)
C:\Users\admin\CodeSourcery\Sourcery_CodeBench_Lite_for_ARM_EABI/lib/gcc/arm-none-eabi/4.7.2/thumb/libgcc.a(_arm_truncdfsf2.o)
                              build\gcc\obj/ril/src/ril_location.o (__aeabi_d2f)
C:\Users\admin\CodeSourcery\Sourcery_CodeBench_Lite_for_ARM_EABI/lib/gcc/arm-none-eabi/4.7.2/thumb/libgcc.a(_arm_addsubsf3.o)
                              build\gcc\obj/custom/main.o (__aeabi_fsub)
C:\Users\admin\CodeSourcery\Sourcery_CodeBench_Lite_for_ARM_EABI/lib/gcc/arm-none-eabi/4.7.2/thumb/libgcc.a(_arm_muldivsf3.o)
                              build\gcc\obj/custom/main.o (__aeabi_fmul)
C:\Users\admin\CodeSourcery\Sourcery_CodeBench_Lite_for_ARM_EABI/lib/gcc/arm-none-eabi/4.7.2/thumb/libgcc.a(_arm_cmpsf2.o)
                              build\gcc\obj/custom/main.o (__aeabi_fcmpgt)
C:\Users\admin\CodeSourcery\Sourcery_CodeBench_Lite_for_ARM_EABI/lib/gcc/arm-none-eabi/4.7.2/thumb/libgcc.a(_arm_fixsfsi.o)
                              build\gcc\obj/custom/main.o (__aeabi_f2iz)

Allocating common symbols
Common symbol       size              file

Ql_snprintf         0x4               libs/gcc/app_start.lib(ql_main.o)
Ql_sprintf          0x4               libs/gcc/app_start.lib(ql_main.o)
Ql_Debug_Trace      0x4               libs/gcc/app_start.lib(ql_main.o)
[...]
Memory Configuration

Name             Origin             Length             Attributes
ROM              0x102db040         0x00050000         xr
RAM              0xf03d2000         0x00019000         xrw
*default*        0x00000000         0xffffffff

Linker script and memory map

                0x102db040                . = 0x102db040

.initdata       0x102db040       0x2c
 *(.initdata)
 .initdata      0x102db040       0x2c libs/gcc/app_start.lib(ql_main.o)
                0x102db040                GADLENTRY

text            0x102db070     0x13f0
 *(.text)
 .text          0x102db070       0x4c libs/gcc/app_start.lib(ocpu_init.o)
                0x102db070                _OCPU_InitUserMem
 .text          0x102db0bc      0x10c C:\Users\admin\CodeSourcery\Sourcery_CodeBench_Lite_for_ARM_EABI/arm-none-eabi/lib/thumb/libc.a(lib_a-memcpy.o)
                0x102db0bc                memcpy
 .text          0x102db1c8       0x9c C:\Users\admin\CodeSourcery\Sourcery_CodeBench_Lite_for_ARM_EABI/arm-none-eabi/lib/thumb/libc.a(lib_a-memset.o)
                0x102db1c8                memset
 .text          0x102db264      0x11c C:\Users\admin\CodeSourcery\Sourcery_CodeBench_Lite_for_ARM_EABI/lib/gcc/arm-none-eabi/4.7.2/thumb/libgcc.a(_udivsi3.o)
                0x102db264                __aeabi_uidiv
                0x102db264                __udivsi3
                0x102db360                __aeabi_uidivmod
 .text          0x102db380        0x4 C:\Users\admin\CodeSourcery\Sourcery_CodeBench_Lite_for_ARM_EABI/lib/gcc/arm-none-eabi/4.7.2/thumb/libgcc.a(_dvmd_tls.o)
                0x102db380                __aeabi_idiv0
                0x102db380                __aeabi_ldiv0
 .text          0x102db384      0x41c C:\Users\admin\CodeSourcery\Sourcery_CodeBench_Lite_for_ARM_EABI/lib/gcc/arm-none-eabi/4.7.2/thumb/libgcc.a(_arm_addsubdf3.o)
                0x102db384                __aeabi_drsub
                0x102db38c                __aeabi_dsub
                0x102db38c                __subdf3
                0x102db390                __aeabi_dadd
                0x102db390                __adddf3
                0x102db6a0                __floatunsidf
                0x102db6a0                __aeabi_ui2d
                0x102db6c4                __floatsidf
                0x102db6c4                __aeabi_i2d
                0x102db6ec                __aeabi_f2d
                0x102db6ec                __extendsfdf2
                0x102db72c                __floatundidf
                0x102db72c                __aeabi_ul2d
                0x102db740                __floatdidf
                0x102db740                __aeabi_l2d
 .text          0x102db7a0      0x49c C:\Users\admin\CodeSourcery\Sourcery_CodeBench_Lite_for_ARM_EABI/lib/gcc/arm-none-eabi/4.7.2/thumb/libgcc.a(_arm_muldivdf3.o)
                0x102db7a0                __aeabi_dmul
                0x102db7a0                __muldf3
                0x102dba30                __divdf3
                0x102dba30                __aeabi_ddiv
 .text          0x102dbc3c       0x5c C:\Users\admin\CodeSourcery\Sourcery_CodeBench_Lite_for_ARM_EABI/lib/gcc/arm-none-eabi/4.7.2/thumb/libgcc.a(_arm_fixdfsi.o)
                0x102dbc3c                __aeabi_d2iz
                0x102dbc3c                __fixdfsi
 .text          0x102dbc98       0xa0 C:\Users\admin\CodeSourcery\Sourcery_CodeBench_Lite_for_ARM_EABI/lib/gcc/arm-none-eabi/4.7.2/thumb/libgcc.a(_arm_truncdfsf2.o)
                0x102dbc98                __truncdfsf2
                0x102dbc98                __aeabi_d2f
 .text          0x102dbd38      0x2ac C:\Users\admin\CodeSourcery\Sourcery_CodeBench_Lite_for_ARM_EABI/lib/gcc/arm-none-eabi/4.7.2/thumb/libgcc.a(_arm_addsubsf3.o)
                0x102dbd38                __aeabi_frsub
                0x102dbd40                __subsf3
                0x102dbd40                __aeabi_fsub
                0x102dbd44                __aeabi_fadd
                0x102dbd44                __addsf3
                0x102dbf00                __aeabi_ui2f
                0x102dbf00                __floatunsisf
                0x102dbf08                __aeabi_i2f
                0x102dbf08                __floatsisf
                0x102dbf28                __aeabi_ul2f
                0x102dbf28                __floatundisf
                0x102dbf38                __aeabi_l2f
                0x102dbf38                __floatdisf
 .text          0x102dbfe4      0x2f8 C:\Users\admin\CodeSourcery\Sourcery_CodeBench_Lite_for_ARM_EABI/lib/gcc/arm-none-eabi/4.7.2/thumb/libgcc.a(_arm_muldivsf3.o)
                0x102dbfe4                __mulsf3
                0x102dbfe4                __aeabi_fmul
                0x102dc17c                __aeabi_fdiv
                0x102dc17c                __divsf3
 .text          0x102dc2dc      0x114 C:\Users\admin\CodeSourcery\Sourcery_CodeBench_Lite_for_ARM_EABI/lib/gcc/arm-none-eabi/4.7.2/thumb/libgcc.a(_arm_cmpsf2.o)
                0x102dc2dc                __gesf2
                0x102dc2dc                __gtsf2
                0x102dc2e4                __lesf2
                0x102dc2e4                __ltsf2
                0x102dc2ec                __nesf2
                0x102dc2ec                __eqsf2
                0x102dc2ec                __cmpsf2
                0x102dc350                __aeabi_cfrcmple
                0x102dc360                __aeabi_cfcmpeq
                0x102dc360                __aeabi_cfcmple
                0x102dc378                __aeabi_fcmpeq
                0x102dc390                __aeabi_fcmplt
                0x102dc3a8                __aeabi_fcmple
                0x102dc3c0                __aeabi_fcmpge
                0x102dc3d8                __aeabi_fcmpgt
 .text          0x102dc3f0       0x5c C:\Users\admin\CodeSourcery\Sourcery_CodeBench_Lite_for_ARM_EABI/lib/gcc/arm-none-eabi/4.7.2/thumb/libgcc.a(_arm_fixsfsi.o)
                0x102dc3f0                __aeabi_f2iz
                0x102dc3f0                __fixsfsi
 *fill*         0x102dc44c        0x4 
 .text.__stub   0x102dc450        0xc linker stubs

.glue_7         0x102dc460        0x0
 .glue_7        0x00000000        0x0 linker stubs

.glue_7t        0x102dc460        0x0
 .glue_7t       0x00000000        0x0 linker stubs

.vfp11_veneer   0x102dc460        0x0
 .vfp11_veneer  0x00000000        0x0 linker stubs

.v4_bx          0x102dc460        0x0
 .v4_bx         0x00000000        0x0 linker stubs

.iplt           0x102dc460        0x0
 .iplt          0x00000000        0x0 build\gcc\obj/custom/config/custom_sys_cfg.o

.text.Ql_RIL_AT_SetErrCode
                0x102dc460       0x10
 .text.Ql_RIL_AT_SetErrCode
                0x102dc460       0x10 build\gcc\obj/ril/src/ril_atResponse.o
                0x102dc460                Ql_RIL_AT_SetErrCode

.text.Default_atRsp_callback
                0x102dc470       0xcc
 .text.Default_atRsp_callback
                0x102dc470       0xcc build\gcc\obj/ril/src/ril_atResponse.o
                0x102dc470                Default_atRsp_callback

.text.OnURCHandler_BTGatscon
                0x102dc53c      0x118
 .text.OnURCHandler_BTGatscon
                0x102dc53c      0x118 build\gcc\obj/ril/src/ril_ble.o
                0x102dc53c                OnURCHandler_BTGatscon

.text.OnURCHandler_BTGatwreq
                0x102dc654       0xf8
 .text.OnURCHandler_BTGatwreq
                0x102dc654       0xf8 build\gcc\obj/ril/src/ril_ble.o
                0x102dc654                OnURCHandler_BTGatwreq

.text.OnURCHandler_BTGatewreq
                0x102dc74c       0xe0
 .text.OnURCHandler_BTGatewreq
                0x102dc74c       0xe0 build\gcc\obj/ril/src/ril_ble.o
                0x102dc74c                OnURCHandler_BTGatewreq

.text.OnURCHandler_BTGatrreq
                0x102dc82c       0xc8
 .text.OnURCHandler_BTGatrreq
                0x102dc82c       0xc8 build\gcc\obj/ril/src/ril_ble.o
                0x102dc82c                OnURCHandler_BTGatrreq

.text.OnURCHandler_BTpxpscon
                0x102dc8f4       0xa8
 .text.OnURCHandler_BTpxpscon
                0x102dc8f4       0xa8 build\gcc\obj/ril/src/ril_ble.o
                0x102dc8f4                OnURCHandler_BTpxpscon

.text.OnURCHandler_BTfmpscon
                0x102dc99c       0x9c
 .text.OnURCHandler_BTfmpscon
                0x102dc99c       0x9c build\gcc\obj/ril/src/ril_ble.o
                0x102dc99c                OnURCHandler_BTfmpscon

.text.OnURCHandler_BTGatcscan
                0x102dca38      0x194
 .text.OnURCHandler_BTGatcscan
                0x102dca38      0x194 build\gcc\obj/ril/src/ril_ble_clinet.o
                0x102dca38                OnURCHandler_BTGatcscan

.text.OnURCHandler_BTGatccon
                0x102dcbcc      0x178
 .text.OnURCHandler_BTGatccon
                0x102dcbcc      0x178 build\gcc\obj/ril/src/ril_ble_clinet.o
                0x102dcbcc                OnURCHandler_BTGatccon

.text.OnURCHandler_BTGatcss
                0x102dcd44      0x150
 .text.OnURCHandler_BTGatcss
                0x102dcd44      0x150 build\gcc\obj/ril/src/ril_ble_clinet.o
                0x102dcd44                OnURCHandler_BTGatcss

.text.OnURCHandler_BTGatcgc
                0x102dce94      0x1f0
 .text.OnURCHandler_BTGatcgc
                0x102dce94      0x1f0 build\gcc\obj/ril/src/ril_ble_clinet.o
                0x102dce94                OnURCHandler_BTGatcgc

.text.OnURCHandler_BTGatcgd
                0x102dd084      0x218
 .text.OnURCHandler_BTGatcgd
                0x102dd084      0x218 build\gcc\obj/ril/src/ril_ble_clinet.o
                0x102dd084                OnURCHandler_BTGatcgd

.text.OnURCHandler_BTGatcrc
                0x102dd29c      0x100
 .text.OnURCHandler_BTGatcrc
                0x102dd29c      0x100 build\gcc\obj/ril/src/ril_ble_clinet.o
                0x102dd29c                OnURCHandler_BTGatcrc

.text.OnURCHandler_BTGatcrd
                0x102dd39c      0x100
 .text.OnURCHandler_BTGatcrd
                0x102dd39c      0x100 build\gcc\obj/ril/src/ril_ble_clinet.o
                0x102dd39c                OnURCHandler_BTGatcrd

.text.OnURCHandler_BTGatcn
                0x102dd49c      0x1a0
 .text.OnURCHandler_BTGatcn
                0x102dd49c      0x1a0 build\gcc\obj/ril/src/ril_ble_clinet.o
                0x102dd49c                OnURCHandler_BTGatcn

.text.BT_DevMngmt_Append
                0x102dd63c       0x34
 .text.BT_DevMngmt_Append
                0x102dd63c       0x34 build\gcc\obj/ril/src/ril_bluetooth.o

.text.BT_DevMngmt_isFull
                0x102dd670       0x40
 .text.BT_DevMngmt_isFull
                0x102dd670       0x40 build\gcc\obj/ril/src/ril_bluetooth.o

.text.ATRsp_QBTSTATE_Hdlr
                0x102dd6b0      0x444
 .text.ATRsp_QBTSTATE_Hdlr
                0x102dd6b0      0x444 build\gcc\obj/ril/src/ril_bluetooth.o

.text.BT_DevMngmt_UpdateProfileId.constprop.7
                0x102ddaf4       0x38
 .text.BT_DevMngmt_UpdateProfileId.constprop.7
                0x102ddaf4       0x38 build\gcc\obj/ril/src/ril_bluetooth.o

.text.BT_DevMngmt_UpdateConnId.constprop.8
                0x102ddb2c       0x38
 .text.BT_DevMngmt_UpdateConnId.constprop.8
                0x102ddb2c       0x38 build\gcc\obj/ril/src/ril_bluetooth.o

.text.OnURCHandler_BTVisible
                0x102ddb64       0xe4
 .text.OnURCHandler_BTVisible
                0x102ddb64       0xe4 build\gcc\obj/ril/src/ril_bluetooth.o
                0x102ddb64                OnURCHandler_BTVisible

.text.OnURCHandler_BTScan
                0x102ddc48      0x26c
 .text.OnURCHandler_BTScan
                0x102ddc48      0x26c build\gcc\obj/ril/src/ril_bluetooth.o
                0x102ddc48                OnURCHandler_BTScan

.text.RIL_BT_QueryState
                0x102ddeb4       0x68
 .text.RIL_BT_QueryState
                0x102ddeb4       0x68 build\gcc\obj/ril/src/ril_bluetooth.o
                0x102ddeb4                RIL_BT_QueryState

.text.OnURCHandler_BTPair
                0x102ddf1c      0x208
 .text.OnURCHandler_BTPair
                0x102ddf1c      0x208 build\gcc\obj/ril/src/ril_bluetooth.o
                0x102ddf1c                OnURCHandler_BTPair

.text.OnURCHandler_BTPairCnf
                0x102de124      0x22c
 .text.OnURCHandler_BTPairCnf
                0x102de124      0x22c build\gcc\obj/ril/src/ril_bluetooth.o
                0x102de124                OnURCHandler_BTPairCnf

.text.OnURCHandler_BTConn
                0x102de350      0x234
 .text.OnURCHandler_BTConn
                0x102de350      0x234 build\gcc\obj/ril/src/ril_bluetooth.o
                0x102de350                OnURCHandler_BTConn

.text.OnURCHandler_BTConnCnf
                0x102de584      0x2bc
 .text.OnURCHandler_BTConnCnf
                0x102de584      0x2bc build\gcc\obj/ril/src/ril_bluetooth.o
                0x102de584                OnURCHandler_BTConnCnf

.text.OnURCHandler_BTDisconn
                0x102de840      0x1b8
 .text.OnURCHandler_BTDisconn
                0x102de840      0x1b8 build\gcc\obj/ril/src/ril_bluetooth.o
                0x102de840                OnURCHandler_BTDisconn

.text.OnURCHandler_BTIndication
                0x102de9f8      0x35c
 .text.OnURCHandler_BTIndication
                0x102de9f8      0x35c build\gcc\obj/ril/src/ril_bluetooth.o
                0x102de9f8                OnURCHandler_BTIndication

.text.Ql_RIL_RcvDataFrmCore
                0x102ded54       0x20
 .text.Ql_RIL_RcvDataFrmCore
                0x102ded54       0x20 build\gcc\obj/ril/src/ril_custom.o
                0x102ded54                Ql_RIL_RcvDataFrmCore

.text.OnURCHandler_QToneDet
                0x102ded74       0xf4
 .text.OnURCHandler_QToneDet
                0x102ded74       0xf4 build\gcc\obj/ril/src/Ril_dtmf.o
                0x102ded74                OnURCHandler_QToneDet

.text.OnURCHandler_QWDTMF
                0x102dee68       0xa0
 .text.OnURCHandler_QWDTMF
                0x102dee68       0xa0 build\gcc\obj/ril/src/Ril_dtmf.o
                0x102dee68                OnURCHandler_QWDTMF

.text.ATResponse_GPSRead_Hdlr
                0x102def08      0x3c8
 .text.ATResponse_GPSRead_Hdlr
                0x102def08      0x3c8 build\gcc\obj/ril/src/ril_gps.o

.text.RIL_GPS_Open
                0x102df2d0       0xb4
 .text.RIL_GPS_Open
                0x102df2d0       0xb4 build\gcc\obj/ril/src/ril_gps.o
                0x102df2d0                RIL_GPS_Open

.text.RIL_GPS_Read
                0x102df384      0x12c
 .text.RIL_GPS_Read
                0x102df384      0x12c build\gcc\obj/ril/src/ril_gps.o
                0x102df384                RIL_GPS_Read

.text.OnURCHandler_GPSCMD
                0x102df4b0       0x6c
 .text.OnURCHandler_GPSCMD
                0x102df4b0       0x6c build\gcc\obj/ril/src/ril_gps.o
                0x102df4b0                OnURCHandler_GPSCMD

.text.RIL_GetInitCmdCnt
                0x102df51c        0x8
 .text.RIL_GetInitCmdCnt
                0x102df51c        0x8 build\gcc\obj/ril/src/ril_init.o
                0x102df51c                RIL_GetInitCmdCnt

.text.RIL_GetLimitedCmdCnt
                0x102df524        0x8
 .text.RIL_GetLimitedCmdCnt
                0x102df524        0x8 build\gcc\obj/ril/src/ril_init.o
                0x102df524                RIL_GetLimitedCmdCnt

.text.OnURCHandler_QCELLLocation
                0x102df52c      0x148
 .text.OnURCHandler_QCELLLocation
                0x102df52c      0x148 build\gcc\obj/ril/src/ril_location.o
                0x102df52c                OnURCHandler_QCELLLocation

.text.ATResponse_QMTPUB_handler
                0x102df674       0xb4
 .text.ATResponse_QMTPUB_handler
                0x102df674       0xb4 build\gcc\obj/ril/src/ril_mqtt.o

.text.ATResponse_Handler
                0x102df728       0x9c
 .text.ATResponse_Handler
                0x102df728       0x9c build\gcc\obj/ril/src/ril_mqtt.o

.text.RIL_MQTT_QMTCFG_Showrecvlen
                0x102df7c4       0x88
 .text.RIL_MQTT_QMTCFG_Showrecvlen
                0x102df7c4       0x88 build\gcc\obj/ril/src/ril_mqtt.o
                0x102df7c4                RIL_MQTT_QMTCFG_Showrecvlen

.text.RIL_MQTT_QMTCFG_Version_Select
                0x102df84c       0x88
 .text.RIL_MQTT_QMTCFG_Version_Select
                0x102df84c       0x88 build\gcc\obj/ril/src/ril_mqtt.o
                0x102df84c                RIL_MQTT_QMTCFG_Version_Select

.text.RIL_MQTT_QMTOPEN
                0x102df8d4       0x90
 .text.RIL_MQTT_QMTOPEN
                0x102df8d4       0x90 build\gcc\obj/ril/src/ril_mqtt.o
                0x102df8d4                RIL_MQTT_QMTOPEN

.text.RIL_MQTT_QMTCONN
                0x102df964       0xc0
 .text.RIL_MQTT_QMTCONN
                0x102df964       0xc0 build\gcc\obj/ril/src/ril_mqtt.o
                0x102df964                RIL_MQTT_QMTCONN

.text.RIL_MQTT_QMTSUB
                0x102dfa24      0x194
 .text.RIL_MQTT_QMTSUB
                0x102dfa24      0x194 build\gcc\obj/ril/src/ril_mqtt.o
                0x102dfa24                RIL_MQTT_QMTSUB

.text.RIL_MQTT_QMTPUB
                0x102dfbb8      0x108
 .text.RIL_MQTT_QMTPUB
                0x102dfbb8      0x108 build\gcc\obj/ril/src/ril_mqtt.o
                0x102dfbb8                RIL_MQTT_QMTPUB

.text.ATResponse_CGREG_Handler
                0x102dfcc0       0xcc
 .text.ATResponse_CGREG_Handler
                0x102dfcc0       0xcc build\gcc\obj/ril/src/ril_network.o

.text.RIL_NW_GetGPRSState
                0x102dfd8c       0x78
 .text.RIL_NW_GetGPRSState
                0x102dfd8c       0x78 build\gcc\obj/ril/src/ril_network.o
                0x102dfd8c                RIL_NW_GetGPRSState

.text.RIL_NW_SetGPRSContext
                0x102dfe04       0x7c
 .text.RIL_NW_SetGPRSContext
                0x102dfe04       0x7c build\gcc\obj/ril/src/ril_network.o
                0x102dfe04                RIL_NW_SetGPRSContext

.text.RIL_NW_SetAPN
                0x102dfe80      0x10c
 .text.RIL_NW_SetAPN
                0x102dfe80      0x10c build\gcc\obj/ril/src/ril_network.o
                0x102dfe80                RIL_NW_SetAPN

.text.RIL_NW_OpenPDPContext
                0x102dff8c       0xb0
 .text.RIL_NW_OpenPDPContext
                0x102dff8c       0xb0 build\gcc\obj/ril/src/ril_network.o
                0x102dff8c                RIL_NW_OpenPDPContext

.text.OnURCHandler_NTPCMD
                0x102e003c       0x6c
 .text.OnURCHandler_NTPCMD
                0x102e003c       0x6c build\gcc\obj/ril/src/ril_ntp.o
                0x102e003c                OnURCHandler_NTPCMD

.text.RIL_SIM_GetSimStateByName
                0x102e00a8      0x170
 .text.RIL_SIM_GetSimStateByName
                0x102e00a8      0x170 build\gcc\obj/ril/src/ril_sim.o
                0x102e00a8                RIL_SIM_GetSimStateByName

.text.QSDK_Get_Str
                0x102e0218       0xd0
 .text.QSDK_Get_Str
                0x102e0218       0xd0 build\gcc\obj/ril/src/ril_system.o
                0x102e0218                QSDK_Get_Str

.text.QSDK_Get_Strlen
                0x102e02e8       0x68
 .text.QSDK_Get_Strlen
                0x102e02e8       0x68 build\gcc\obj/ril/src/ril_system.o
                0x102e02e8                QSDK_Get_Strlen

.text.OnURCHandler_HTTP
                0x102e0350       0x6c
 .text.OnURCHandler_HTTP
                0x102e0350       0x6c build\gcc\obj/ril/src/ril_urc.o

.text.OnURCHandler_AudPlayInd
                0x102e03bc       0x50
 .text.OnURCHandler_AudPlayInd
                0x102e03bc       0x50 build\gcc\obj/ril/src/ril_urc.o

.text.OnURCHandler_MQTT_DISC
                0x102e040c      0x124
 .text.OnURCHandler_MQTT_DISC
                0x102e040c      0x124 build\gcc\obj/ril/src/ril_urc.o

.text.OnURCHandler_MQTT_CLOSE
                0x102e0530      0x124
 .text.OnURCHandler_MQTT_CLOSE
                0x102e0530      0x124 build\gcc\obj/ril/src/ril_urc.o

.text.OnURCHandler_MQTT_STATE
                0x102e0654       0xf8
 .text.OnURCHandler_MQTT_STATE
                0x102e0654       0xf8 build\gcc\obj/ril/src/ril_urc.o

.text.OnURCHandler_MQTT_TUNS
                0x102e074c      0x124
 .text.OnURCHandler_MQTT_TUNS
                0x102e074c      0x124 build\gcc\obj/ril/src/ril_urc.o

.text.OnURCHandler_MQTT_PUB
                0x102e0870      0x164
 .text.OnURCHandler_MQTT_PUB
                0x102e0870      0x164 build\gcc\obj/ril/src/ril_urc.o

.text.OnURCHandler_MQTT_SUB
                0x102e09d4      0x184
 .text.OnURCHandler_MQTT_SUB
                0x102e09d4      0x184 build\gcc\obj/ril/src/ril_urc.o

.text.OnURCHandler_MQTT_CONN
                0x102e0b58      0x138
 .text.OnURCHandler_MQTT_CONN
                0x102e0b58      0x138 build\gcc\obj/ril/src/ril_urc.o

.text.OnURCHandler_MQTT_OPEN
                0x102e0c90       0xf8
 .text.OnURCHandler_MQTT_OPEN
                0x102e0c90       0xf8 build\gcc\obj/ril/src/ril_urc.o

.text.OnURCHandler_AlarmRing
                0x102e0d88       0x28
 .text.OnURCHandler_AlarmRing
                0x102e0d88       0x28 build\gcc\obj/ril/src/ril_urc.o

.text.OnURCHandler_InitStat
                0x102e0db0       0x68
 .text.OnURCHandler_InitStat
                0x102e0db0       0x68 build\gcc\obj/ril/src/ril_urc.o

.text.OnURCHandler_FTP
                0x102e0e18      0x178
 .text.OnURCHandler_FTP
                0x102e0e18      0x178 build\gcc\obj/ril/src/ril_urc.o

.text.OnURCHandler_CFUN
                0x102e0f90       0xc0
 .text.OnURCHandler_CFUN
                0x102e0f90       0xc0 build\gcc\obj/ril/src/ril_urc.o

.text.OnURCHandler_Voltage
                0x102e1050       0xa4
 .text.OnURCHandler_Voltage
                0x102e1050       0xa4 build\gcc\obj/ril/src/ril_urc.o

.text.OnURCHandler_Network
                0x102e10f4      0x178
 .text.OnURCHandler_Network
                0x102e10f4      0x178 build\gcc\obj/ril/src/ril_urc.o

.text.OnURCHandler_Call
                0x102e126c      0x28c
 .text.OnURCHandler_Call
                0x102e126c      0x28c build\gcc\obj/ril/src/ril_urc.o

.text.OnURCHandler_SIM
                0x102e14f8      0x100
 .text.OnURCHandler_SIM
                0x102e14f8      0x100 build\gcc\obj/ril/src/ril_urc.o

.text.OnURCHandler_SMS
                0x102e15f8      0x138
 .text.OnURCHandler_SMS
                0x102e15f8      0x138 build\gcc\obj/ril/src/ril_urc.o

.text.OnURCHandler
                0x102e1730       0xc0
 .text.OnURCHandler
                0x102e1730       0xc0 build\gcc\obj/ril/src/ril_urc.o
                0x102e1730                OnURCHandler

.text.Ql_RIL_IsURCStr
                0x102e17f0       0x80
 .text.Ql_RIL_IsURCStr
                0x102e17f0       0x80 build\gcc\obj/ril/src/ril_urc.o
                0x102e17f0                Ql_RIL_IsURCStr

.text.Ql_StrPrefixMatch
                0x102e1870       0x48
 .text.Ql_StrPrefixMatch
                0x102e1870       0x48 build\gcc\obj/ril/src/ril_util.o
                0x102e1870                Ql_StrPrefixMatch

.text.Ql_StrToUpper
                0x102e18b8       0x44
 .text.Ql_StrToUpper
                0x102e18b8       0x44 build\gcc\obj/ril/src/ril_util.o
                0x102e18b8                Ql_StrToUpper

.text.Ql_RIL_FindString
                0x102e18fc       0x90
 .text.Ql_RIL_FindString
                0x102e18fc       0x90 build\gcc\obj/ril/src/ril_util.o
                0x102e18fc                Ql_RIL_FindString

.text.Ql_RIL_FindLine
                0x102e198c      0x278
 .text.Ql_RIL_FindLine
                0x102e198c      0x278 build\gcc\obj/ril/src/ril_util.o
                0x102e198c                Ql_RIL_FindLine

.text.Ql_GenHash
                0x102e1c04       0x4c
 .text.Ql_GenHash
                0x102e1c04       0x4c build\gcc\obj/ril/src/ril_util.o
                0x102e1c04                Ql_GenHash

.text.CallBack_UART_Hdlr
                0x102e1c50        0x4
 .text.CallBack_UART_Hdlr
                0x102e1c50        0x4 build\gcc\obj/custom/main.o

.text.mqtt_recv
                0x102e1c54       0xe4
 .text.mqtt_recv
                0x102e1c54       0xe4 build\gcc\obj/custom/main.o

.text.Callback_Timer
                0x102e1d38      0xac4
 .text.Callback_Timer
                0x102e1d38      0xac4 build\gcc\obj/custom/main.o

.text.proc_main_task
                0x102e27fc      0x4f4
 .text.proc_main_task
                0x102e27fc      0x4f4 build\gcc\obj/custom/main.o
                0x102e27fc                proc_main_task

.text.Ql_MEM_Alloc
                0x102e2cf0       0x78
 .text.Ql_MEM_Alloc
                0x102e2cf0       0x78 libs/gcc/app_start.lib(memory.o)
                0x102e2cf0                Ql_MEM_Alloc

.text.Ql_MEM_Free
                0x102e2d68       0x74
 .text.Ql_MEM_Free
                0x102e2d68       0x74 libs/gcc/app_start.lib(memory.o)
                0x102e2d68                Ql_MEM_Free

.text.Ql_GetPowerSupply
                0x102e2ddc       0x70
 .text.Ql_GetPowerSupply
                0x102e2ddc       0x70 libs/gcc/app_start.lib(power.o)
                0x102e2ddc                Ql_GetPowerSupply

.text.ql_InitVFunc
                0x102e2e4c      0x104
 .text.ql_InitVFunc
                0x102e2e4c      0x104 libs/gcc/app_start.lib(ql_main.o)
                0x102e2e4c                ql_InitVFunc

.text.ocpu_main
                0x102e2f50       0xf0
 .text.ocpu_main
                0x102e2f50       0xf0 libs/gcc/app_start.lib(ql_main.o)
                0x102e2f50                ocpu_main

.text.proc_reserved2
                0x102e3040       0x70
 .text.proc_reserved2
                0x102e3040       0x70 libs/gcc/app_start.lib(ril_aux.o)
                0x102e3040                proc_reserved2

.text.ril_StopATTimer
                0x102e30b0       0x34
 .text.ril_StopATTimer
                0x102e30b0       0x34 libs/gcc/app_start.lib(ril_main.o)

.text.Callback_OnATTimer
                0x102e30e4       0x4c
 .text.Callback_OnATTimer
                0x102e30e4       0x4c libs/gcc/app_start.lib(ril_main.o)

.text.CallBack_SerialPort_Hdlr
                0x102e3130      0x438
 .text.CallBack_SerialPort_Hdlr
                0x102e3130      0x438 libs/gcc/app_start.lib(ril_main.o)

.text.proc_reserved1
                0x102e3568      0x200
 .text.proc_reserved1
                0x102e3568      0x200 libs/gcc/app_start.lib(ril_main.o)
                0x102e3568                proc_reserved1

.text.Ql_RIL_Initialize
                0x102e3768       0xd4
 .text.Ql_RIL_Initialize
                0x102e3768       0xd4 libs/gcc/app_start.lib(ril_main.o)
                0x102e3768                Ql_RIL_Initialize

.text.Ql_RIL_SendATCmd
                0x102e383c      0x260
 .text.Ql_RIL_SendATCmd
                0x102e383c      0x260 libs/gcc/app_start.lib(ril_main.o)
                0x102e383c                Ql_RIL_SendATCmd

.text.Ql_RIL_WriteDataToCore
                0x102e3a9c       0x24
 .text.Ql_RIL_WriteDataToCore
                0x102e3a9c       0x24 libs/gcc/app_start.lib(ril_main.o)
                0x102e3a9c                Ql_RIL_WriteDataToCore

.text.Ql_Mqtt_Recv_Register
                0x102e3ac0       0x1c
 .text.Ql_Mqtt_Recv_Register
                0x102e3ac0       0x1c libs/gcc/app_start.lib(ril_main.o)
                0x102e3ac0                Ql_Mqtt_Recv_Register

.text.Ql_atof   0x102e3adc       0x98
 .text.Ql_atof  0x102e3adc       0x98 libs/gcc/app_start.lib(stdlib_func.o)
                0x102e3adc                Ql_atof

.text.Ql_strcpy
                0x102e3b74       0xa0
 .text.Ql_strcpy
                0x102e3b74       0xa0 libs/gcc/app_start.lib(stdlib_func.o)
                0x102e3b74                Ql_strcpy

.text.Ql_strncpy
                0x102e3c14       0x88
 .text.Ql_strncpy
                0x102e3c14       0x88 libs/gcc/app_start.lib(stdlib_func.o)
                0x102e3c14                Ql_strncpy

.text.Ql_strncat
                0x102e3c9c       0x88
 .text.Ql_strncat
                0x102e3c9c       0x88 libs/gcc/app_start.lib(stdlib_func.o)
                0x102e3c9c                Ql_strncat

.text.Ql_strlen
                0x102e3d24       0x78
 .text.Ql_strlen
                0x102e3d24       0x78 libs/gcc/app_start.lib(stdlib_func.o)
                0x102e3d24                Ql_strlen

.text.Ql_strcmp
                0x102e3d9c       0x68
 .text.Ql_strcmp
                0x102e3d9c       0x68 libs/gcc/app_start.lib(stdlib_func.o)
                0x102e3d9c                Ql_strcmp

.text.Ql_strncmp
                0x102e3e04       0x70
 .text.Ql_strncmp
                0x102e3e04       0x70 libs/gcc/app_start.lib(stdlib_func.o)
                0x102e3e04                Ql_strncmp

.text.Ql_memset
                0x102e3e74       0x88
 .text.Ql_memset
                0x102e3e74       0x88 libs/gcc/app_start.lib(stdlib_func.o)
                0x102e3e74                Ql_memset

.text.Ql_memcpy
                0x102e3efc       0x88
 .text.Ql_memcpy
                0x102e3efc       0x88 libs/gcc/app_start.lib(stdlib_func.o)
                0x102e3efc                Ql_memcpy

.text.Ql_strstr
                0x102e3f84       0x80
 .text.Ql_strstr
                0x102e3f84       0x80 libs/gcc/app_start.lib(stdlib_func.o)
                0x102e3f84                Ql_strstr

.text.Ql_toupper
                0x102e4004        0x8
 .text.Ql_toupper
                0x102e4004        0x8 libs/gcc/app_start.lib(stdlib_func.o)
                0x102e4004                Ql_toupper

.text.Ql_atoi   0x102e400c       0x84
 .text.Ql_atoi  0x102e400c       0x84 libs/gcc/app_start.lib(stdlib_func.o)
                0x102e400c                Ql_atoi

.text.Ql_Sleep  0x102e4090       0x74
 .text.Ql_Sleep
                0x102e4090       0x74 libs/gcc/app_start.lib(system.o)
                0x102e4090                Ql_Sleep

.text.Ql_GetSDKVer
                0x102e4104       0x64
 .text.Ql_GetSDKVer
                0x102e4104       0x64 libs/gcc/app_start.lib(system.o)
                0x102e4104                Ql_GetSDKVer

.text.Ql_OS_GetMessage
                0x102e4168       0x60
 .text.Ql_OS_GetMessage
                0x102e4168       0x60 libs/gcc/app_start.lib(taskMngt.o)
                0x102e4168                Ql_OS_GetMessage

.text.Ql_OS_SendMessage
                0x102e41c8       0x78
 .text.Ql_OS_SendMessage
                0x102e41c8       0x78 libs/gcc/app_start.lib(taskMngt.o)
                0x102e41c8                Ql_OS_SendMessage

.text.Ql_OS_CreateMutex
                0x102e4240       0x54
 .text.Ql_OS_CreateMutex
                0x102e4240       0x54 libs/gcc/app_start.lib(taskMngt.o)
                0x102e4240                Ql_OS_CreateMutex

.text.Ql_OS_TakeMutex
                0x102e4294       0x54
 .text.Ql_OS_TakeMutex
                0x102e4294       0x54 libs/gcc/app_start.lib(taskMngt.o)
                0x102e4294                Ql_OS_TakeMutex

.text.Ql_OS_GiveMutex
                0x102e42e8       0x54
 .text.Ql_OS_GiveMutex
                0x102e42e8       0x54 libs/gcc/app_start.lib(taskMngt.o)
                0x102e42e8                Ql_OS_GiveMutex

.text.Ql_OS_CreateEvent
                0x102e433c       0x54
 .text.Ql_OS_CreateEvent
                0x102e433c       0x54 libs/gcc/app_start.lib(taskMngt.o)
                0x102e433c                Ql_OS_CreateEvent

.text.Ql_OS_WaitEvent
                0x102e4390       0x68
 .text.Ql_OS_WaitEvent
                0x102e4390       0x68 libs/gcc/app_start.lib(taskMngt.o)
                0x102e4390                Ql_OS_WaitEvent

.text.Ql_OS_SetEvent
                0x102e43f8       0x68
 .text.Ql_OS_SetEvent
                0x102e43f8       0x68 libs/gcc/app_start.lib(taskMngt.o)
                0x102e43f8                Ql_OS_SetEvent

.text.Ql_Timer_Register
                0x102e4460       0x70
 .text.Ql_Timer_Register
                0x102e4460       0x70 libs/gcc/app_start.lib(timer.o)
                0x102e4460                Ql_Timer_Register

.text.Ql_Timer_Start
                0x102e44d0       0x70
 .text.Ql_Timer_Start
                0x102e44d0       0x70 libs/gcc/app_start.lib(timer.o)
                0x102e44d0                Ql_Timer_Start

.text.Ql_Timer_Stop
                0x102e4540       0x60
 .text.Ql_Timer_Stop
                0x102e4540       0x60 libs/gcc/app_start.lib(timer.o)
                0x102e4540                Ql_Timer_Stop

.text.Ql_UART_Register
                0x102e45a0       0x70
 .text.Ql_UART_Register
                0x102e45a0       0x70 libs/gcc/app_start.lib(uart.o)
                0x102e45a0                Ql_UART_Register

.text.Ql_UART_Open
                0x102e4610       0x70
 .text.Ql_UART_Open
                0x102e4610       0x70 libs/gcc/app_start.lib(uart.o)
                0x102e4610                Ql_UART_Open

.text.Ql_UART_Write
                0x102e4680       0x70
 .text.Ql_UART_Write
                0x102e4680       0x70 libs/gcc/app_start.lib(uart.o)
                0x102e4680                Ql_UART_Write

.text.Ql_UART_Read
                0x102e46f0       0x70
 .text.Ql_UART_Read
                0x102e46f0       0x70 libs/gcc/app_start.lib(uart.o)
                0x102e46f0                Ql_UART_Read

.text.Ql_UART_GetPinStatus
                0x102e4760       0x68
 .text.Ql_UART_GetPinStatus
                0x102e4760       0x68 libs/gcc/app_start.lib(uart.o)
                0x102e4760                Ql_UART_GetPinStatus

.text.Ql_UART_SendEscap
                0x102e47c8       0x60
 .text.Ql_UART_SendEscap
                0x102e47c8       0x60 libs/gcc/app_start.lib(uart.o)
                0x102e47c8                Ql_UART_SendEscap

.rodata         0x102e4828     0x1078
 *(.rodata)
 .rodata        0x102e4828       0x48 build\gcc\obj/custom/config/custom_sys_cfg.o
                0x102e482c                SystemCfg
 .rodata        0x102e4870       0x54 build\gcc\obj/custom/config/sys_config.o
                0x102e4870                GpioConfigTbl
                0x102e4874                TaskConfig
 .rodata        0x102e48c4      0x100 build\gcc\obj/ril/src/ril_bluetooth.o
 .rodata        0x102e49c4       0x1a build\gcc\obj/ril/src/Ril_dtmf.o
 .rodata        0x102e49de       0x4c build\gcc\obj/ril/src/ril_gps.o
 .rodata        0x102e4a2a        0xe build\gcc\obj/ril/src/ril_location.o
 .rodata        0x102e4a38       0x5d build\gcc\obj/ril/src/ril_network.o
 .rodata        0x102e4a95        0xa build\gcc\obj/ril/src/ril_ntp.o
 *fill*         0x102e4a9f        0x1 
 .rodata        0x102e4aa0      0xd90 build\gcc\obj/ril/src/ril_urc.o
 .rodata        0x102e5830       0x3b build\gcc\obj/custom/main.o
 .rodata        0x102e586b       0x16 libs/gcc/app_start.lib(ql_main.o)
 .rodata        0x102e5881        0x4 libs/gcc/app_start.lib(ril_main.o)
 .rodata        0x102e5885       0x1b libs/gcc/app_start.lib(system.o)

.rodata.str1.1  0x102e58a0     0x1ca3
 .rodata.str1.1
                0x102e58a0       0x25 build\gcc\obj/ril/src/ril_atResponse.o
                                 0x2e (size before relaxing)
 .rodata.str1.1
                0x102e58c5      0x470 build\gcc\obj/ril/src/ril_ble.o
                                0x53e (size before relaxing)
 .rodata.str1.1
                0x102e5d35      0x58d build\gcc\obj/ril/src/ril_ble_clinet.o
                                0x852 (size before relaxing)
 .rodata.str1.1
                0x102e62c2      0x3ad build\gcc\obj/ril/src/ril_bluetooth.o
                                0x4e3 (size before relaxing)
 .rodata.str1.1
                0x102e666f       0xb7 build\gcc\obj/ril/src/Ril_dtmf.o
                                 0xcc (size before relaxing)
 .rodata.str1.1
                0x102e6726      0x11a build\gcc\obj/ril/src/ril_gps.o
                                0x14c (size before relaxing)
 .rodata.str1.1
                0x102e6840       0x52 build\gcc\obj/ril/src/ril_init.o
 .rodata.str1.1
                0x102e6892       0x8a build\gcc\obj/ril/src/ril_location.o
                                 0xca (size before relaxing)
 .rodata.str1.1
                0x102e691c      0x11f build\gcc\obj/ril/src/ril_mqtt.o
                                0x15b (size before relaxing)
 .rodata.str1.1
                0x102e6a3b       0xf8 build\gcc\obj/ril/src/ril_network.o
                                0x112 (size before relaxing)
 .rodata.str1.1
                0x102e6b33       0x79 build\gcc\obj/ril/src/ril_sim.o
                                 0xaf (size before relaxing)
 .rodata.str1.1
                0x102e6bac      0x1b2 build\gcc\obj/ril/src/ril_urc.o
                                0x1b9 (size before relaxing)
 .rodata.str1.1
                0x102e6d5e        0xa build\gcc\obj/ril/src/ril_util.o
                                 0x16 (size before relaxing)
 .rodata.str1.1
                0x102e6d68      0x359 build\gcc\obj/custom/main.o
                                0x362 (size before relaxing)
 .rodata.str1.1
                0x102e70c1       0x19 libs/gcc/app_start.lib(memory.o)
 .rodata.str1.1
                0x102e70da       0x82 libs/gcc/app_start.lib(power.o)
 .rodata.str1.1
                0x102e715c       0x51 libs/gcc/app_start.lib(ql_main.o)
                                 0x56 (size before relaxing)
 .rodata.str1.1
                0x102e71ad       0x2b libs/gcc/app_start.lib(ril_main.o)
                                 0x32 (size before relaxing)
 .rodata.str1.1
                0x102e71d8       0xa1 libs/gcc/app_start.lib(stdlib_func.o)
 .rodata.str1.1
                0x102e7279       0x3d libs/gcc/app_start.lib(system.o)
 .rodata.str1.1
                0x102e72b6      0x140 libs/gcc/app_start.lib(taskMngt.o)
 .rodata.str1.1
                0x102e73f6       0x45 libs/gcc/app_start.lib(timer.o)
 .rodata.str1.1
                0x102e743b      0x108 libs/gcc/app_start.lib(uart.o)

.rel.dyn        0x102e7544        0x0
 .rel.iplt      0x00000000        0x0 build\gcc\obj/custom/config/custom_sys_cfg.o

.data           0xf03d2000       0xb8 load address 0x102e7548
                0x102e7548                PROVIDE (__data_load, LOADADDR (.data))
                0xf03d2000                PROVIDE (__data_start, .)
 *(.data)
 .data          0xf03d2000        0x1 build\gcc\obj/ril/src/ril_bluetooth.o
 *fill*         0xf03d2001        0x3 
 .data          0xf03d2004       0x20 build\gcc\obj/ril/src/ril_init.o
                0xf03d2004                g_LimitedCmds
                0xf03d200c                g_InitCmds
 .data          0xf03d2024       0x38 build\gcc\obj/ril/src/ril_urc.o
                0xf03d2024                mqtt_urc_param
 .data          0xf03d205c       0x2c build\gcc\obj/custom/main.o
                0xf03d205c                g_pet_weight
                0xf03d2060                g_first_boot_check
                0xf03d2061                clientID
                0xf03d2072                username
 .data          0xf03d2088       0x18 libs/gcc/app_start.lib(ql_func.o)
                0xf03d2088                api_notsup
 .data          0xf03d20a0        0x4 libs/gcc/app_start.lib(ril_aux.o)
                0xf03d20a0                g_ril_auxTaskId
 .data          0xf03d20a4       0x10 libs/gcc/app_start.lib(ril_main.o)
                0xf03d20b8                . = ALIGN (0x8)
 *fill*         0xf03d20b4        0x4 
                0xf03d20b8                PROVIDE (_edata, .)

.igot.plt       0xf03d20b8        0x0 load address 0x102e7600
 .igot.plt      0x00000000        0x0 build\gcc\obj/custom/config/custom_sys_cfg.o

.bss            0xf03d20b8     0x16c4 load address 0x102e7600
                0xf03d20b8                PROVIDE (__bss_start__, .)
 *(.bss)
 .bss           0xf03d20b8        0x4 build\gcc\obj/ril/src/ril_atResponse.o
 .bss           0xf03d20bc        0x4 build\gcc\obj/ril/src/ril_audio.o
                0xf03d20bc                cb_aud_play
 .bss           0xf03d20c0        0x4 build\gcc\obj/ril/src/ril_ble.o
 .bss           0xf03d20c4      0x204 build\gcc\obj/ril/src/ril_ble_clinet.o
 .bss           0xf03d22c8       0x98 build\gcc\obj/ril/src/ril_bluetooth.o
 .bss           0xf03d2360        0x4 build\gcc\obj/ril/src/ril_custom.o
                0xf03d2360                cb_rcvCoreData
 .bss           0xf03d2364       0x10 build\gcc\obj/ril/src/Ril_dtmf.o
 .bss           0xf03d2374        0x4 build\gcc\obj/ril/src/ril_gps.o
 .bss           0xf03d2378       0x18 build\gcc\obj/ril/src/ril_http.o
                0xf03d237c                http_url_addr
                0xf03d2380                http_url_addr_len
                0xf03d2384                http_post_msg
                0xf03d2388                http_post_msg_len
                0xf03d238c                callback_http_dwnld
 .bss           0xf03d2390        0x4 build\gcc\obj/ril/src/ril_location.o
 .bss           0xf03d2394        0x4 build\gcc\obj/ril/src/ril_ntp.o
 .bss           0xf03d2398        0x8 build\gcc\obj/ril/src/ril_urc.o
                0xf03d2398                FtpGet_IND_CB
                0xf03d239c                FtpPut_IND_CB
 .bss           0xf03d23a0      0x42c build\gcc\obj/custom/main.o
                0xf03d25a4                nw_retry_count
                0xf03d25a8                connect_id
                0xf03d25a9                passwd
                0xf03d25ac                sub_message_id
                0xf03d25b0                g_gps_is_on
                0xf03d27b4                g_lat
                0xf03d27b8                g_lon
                0xf03d27bc                g_speed_kmh
                0xf03d27c0                g_inst_cal
                0xf03d27c4                pub_message_id
                0xf03d27c8                wait_tick
 .bss           0xf03d27cc        0x8 libs/gcc/app_start.lib(memory.o)
 .bss           0xf03d27d4       0x20 libs/gcc/app_start.lib(power.o)
 .bss           0xf03d27f4       0x24 libs/gcc/app_start.lib(ql_func.o)
                0xf03d27f4                m_StartPlayAudioStream
                0xf03d27f8                m_get_api_ptr
                0xf03d27fc                m_StopPlayAudioStream
                0xf03d2800                m_GetRelativeTime_Counter
                0xf03d2804                m_SecondToTicks
                0xf03d2808                m_MillisecondToTicks
                0xf03d280c                m_CalendarTime2LocalTime
                0xf03d2810                m_osChangeTaskPriority
                0xf03d2814                m_create_api_hash
 .bss           0xf03d2818       0x10 libs/gcc/app_start.lib(ql_main.o)
                0xf03d281c                runinfo
 .bss           0xf03d2828        0x1 libs/gcc/app_start.lib(ril_aux.o)
                0xf03d2828                g_ril_auxTaskReady
 *fill*         0xf03d2829        0x3 
 .bss           0xf03d282c      0xc34 libs/gcc/app_start.lib(ril_main.o)
 .bss           0xf03d3460       0x40 libs/gcc/app_start.lib(stdlib_func.o)
 .bss           0xf03d34a0       0x14 libs/gcc/app_start.lib(system.o)
 .bss           0xf03d34b4       0x40 libs/gcc/app_start.lib(taskMngt.o)
 .bss           0xf03d34f4       0x10 libs/gcc/app_start.lib(timer.o)
 .bss           0xf03d3504       0x3c libs/gcc/app_start.lib(uart.o)
                0xf03d3540                . = ALIGN (0x8)
                0xf03d3540                PROVIDE (__bss_end__, .)
 COMMON         0xf03d3540      0x124 build\gcc\obj/ril/src/ril_telephony.o
                0xf03d3540                g_comingCall
 COMMON         0xf03d3664      0x100 build\gcc\obj/custom/main.o
                0xf03d3664                mqtt_payload
 COMMON         0xf03d3764       0x14 libs/gcc/app_start.lib(ql_main.o)
                0xf03d3764                Ql_snprintf
                0xf03d3768                Ql_sprintf
                0xf03d376c                Ql_Debug_Trace
                0xf03d3770                Ql_vsprintf
                0xf03d3774                Ql_sscanf
 COMMON         0xf03d3778        0x4 libs/gcc/app_start.lib(ril_main.o)
                0xf03d3778                MQTT_Recvhandler
LOAD build\gcc\obj/custom/config/custom_sys_cfg.o
LOAD build\gcc\obj/custom/config/sys_config.o
LOAD build\gcc\obj/ril/src/ril_alarm.o
LOAD build\gcc\obj/ril/src/ril_atResponse.o
LOAD build\gcc\obj/ril/src/ril_audio.o
LOAD build\gcc\obj/ril/src/ril_ble.o
LOAD build\gcc\obj/ril/src/ril_ble_clinet.o
LOAD build\gcc\obj/ril/src/ril_bluetooth.o
LOAD build\gcc\obj/ril/src/ril_custom.o
LOAD build\gcc\obj/ril/src/Ril_dtmf.o
LOAD build\gcc\obj/ril/src/ril_ftp.o
LOAD build\gcc\obj/ril/src/ril_gps.o
LOAD build\gcc\obj/ril/src/ril_http.o
LOAD build\gcc\obj/ril/src/ril_init.o
LOAD build\gcc\obj/ril/src/ril_location.o
LOAD build\gcc\obj/ril/src/ril_location2.o
LOAD build\gcc\obj/ril/src/ril_mqtt.o
LOAD build\gcc\obj/ril/src/ril_network.o
LOAD build\gcc\obj/ril/src/ril_ntp.o
LOAD build\gcc\obj/ril/src/ril_sim.o
LOAD build\gcc\obj/ril/src/ril_sms.o
LOAD build\gcc\obj/ril/src/ril_system.o
LOAD build\gcc\obj/ril/src/ril_telephony.o
LOAD build\gcc\obj/ril/src/ril_urc.o
LOAD build\gcc\obj/ril/src/ril_util.o
LOAD build\gcc\obj/example/example_adc.o
LOAD build\gcc\obj/example/example_alarm.o
LOAD build\gcc\obj/example/example_audio.o
LOAD build\gcc\obj/example/example_ble.o
LOAD build\gcc\obj/example/example_ble_client.o
LOAD build\gcc\obj/example/example_bluetooth.o
LOAD build\gcc\obj/example/example_call.o
LOAD build\gcc\obj/example/example_clk.o
LOAD build\gcc\obj/example/example_csd.o
LOAD build\gcc\obj/example/example_download_epo.o
LOAD build\gcc\obj/example/example_dtmf.o
LOAD build\gcc\obj/example/example_eint.o
LOAD build\gcc\obj/example/example_epo_callback.o
LOAD build\gcc\obj/example/example_file.o
LOAD build\gcc\obj/example/example_float_math.o
LOAD build\gcc\obj/example/example_fota_ftp.o
LOAD build\gcc\obj/example/example_fota_http.o
LOAD build\gcc\obj/example/example_ftp.o
LOAD build\gcc\obj/example/example_gpio.o
LOAD build\gcc\obj/example/example_gps.o
LOAD build\gcc\obj/example/Example_gps_iic.o
LOAD build\gcc\obj/example/example_http.o
LOAD build\gcc\obj/example/example_iic.o
LOAD build\gcc\obj/example/example_location.o
LOAD build\gcc\obj/example/example_location2.o
LOAD build\gcc\obj/example/example_memory.o
LOAD build\gcc\obj/example/example_mqtt.o
LOAD build\gcc\obj/example/example_multitask.o
LOAD build\gcc\obj/example/example_multitask_port.o
LOAD build\gcc\obj/example/example_pwm.o
LOAD build\gcc\obj/example/example_sms.o
LOAD build\gcc\obj/example/example_spi.o
LOAD build\gcc\obj/example/example_system.o
LOAD build\gcc\obj/example/example_tcp_demo.o
LOAD build\gcc\obj/example/example_tcpclient.o
LOAD build\gcc\obj/example/example_tcpserver.o
LOAD build\gcc\obj/example/example_time.o
LOAD build\gcc\obj/example/example_timer.o
LOAD build\gcc\obj/example/example_transpass.o
LOAD build\gcc\obj/example/example_udpclient.o
LOAD build\gcc\obj/example/example_udpserver.o
LOAD build\gcc\obj/example/example_watchdog.o
LOAD build\gcc\obj/example/nema_pro.o
LOAD build\gcc\obj/example/utility.o
LOAD build\gcc\obj/custom/main.o
LOAD build\gcc\obj/custom/fota/src/fota_ftp.o
LOAD build\gcc\obj/custom/fota/src/fota_http.o
LOAD build\gcc\obj/custom/fota/src/fota_http_code.o
LOAD build\gcc\obj/custom/fota/src/fota_main.o
LOAD libs/gcc/app_start.lib
LOAD C:\Users\admin\CodeSourcery\Sourcery_CodeBench_Lite_for_ARM_EABI/arm-none-eabi/lib/thumb/libm.a
LOAD C:\Users\admin\CodeSourcery\Sourcery_CodeBench_Lite_for_ARM_EABI/arm-none-eabi/lib/thumb/libc.a
LOAD C:\Users\admin\CodeSourcery\Sourcery_CodeBench_Lite_for_ARM_EABI/arm-none-eabi/lib/thumb/libcs3.a
LOAD C:\Users\admin\CodeSourcery\Sourcery_CodeBench_Lite_for_ARM_EABI/lib/gcc/arm-none-eabi/4.7.2/thumb/libgcc.a
OUTPUT(build\gcc/APPGS3MDM32A01.elf elf32-littlearm)

.comment        0x00000000       0x30
 .comment       0x00000000       0x30 build\gcc\obj/custom/config/custom_sys_cfg.o
                                 0x31 (size before relaxing)
 .comment       0x00000000       0x31 build\gcc\obj/custom/config/sys_config.o
 .comment       0x00000000       0x31 build\gcc\obj/ril/src/ril_atResponse.o
 .comment       0x00000000       0x31 build\gcc\obj/ril/src/ril_audio.o
 .comment       0x00000000       0x31 build\gcc\obj/ril/src/ril_ble.o
 .comment       0x00000000       0x31 build\gcc\obj/ril/src/ril_ble_clinet.o
 .comment       0x00000000       0x31 build\gcc\obj/ril/src/ril_bluetooth.o
 .comment       0x00000000       0x31 build\gcc\obj/ril/src/ril_custom.o
 .comment       0x00000000       0x31 build\gcc\obj/ril/src/Ril_dtmf.o
 .comment       0x00000000       0x31 build\gcc\obj/ril/src/ril_gps.o
 .comment       0x00000000       0x31 build\gcc\obj/ril/src/ril_http.o
 .comment       0x00000000       0x31 build\gcc\obj/ril/src/ril_init.o
 .comment       0x00000000       0x31 build\gcc\obj/ril/src/ril_location.o
 .comment       0x00000000       0x31 build\gcc\obj/ril/src/ril_mqtt.o
 .comment       0x00000000       0x31 build\gcc\obj/ril/src/ril_network.o
 .comment       0x00000000       0x31 build\gcc\obj/ril/src/ril_ntp.o
 .comment       0x00000000       0x31 build\gcc\obj/ril/src/ril_sim.o
 .comment       0x00000000       0x31 build\gcc\obj/ril/src/ril_system.o
 .comment       0x00000000       0x31 build\gcc\obj/ril/src/ril_telephony.o
 .comment       0x00000000       0x31 build\gcc\obj/ril/src/ril_urc.o
 .comment       0x00000000       0x31 build\gcc\obj/ril/src/ril_util.o
 .comment       0x00000000       0x31 build\gcc\obj/custom/main.o
 .comment       0x00000000       0x31 libs/gcc/app_start.lib(memory.o)
 .comment       0x00000000       0x31 libs/gcc/app_start.lib(power.o)
 .comment       0x00000000       0x31 libs/gcc/app_start.lib(ql_func.o)
 .comment       0x00000000       0x31 libs/gcc/app_start.lib(ql_main.o)
 .comment       0x00000000       0x31 libs/gcc/app_start.lib(ril_aux.o)
 .comment       0x00000000       0x31 libs/gcc/app_start.lib(ril_main.o)
 .comment       0x00000000       0x31 libs/gcc/app_start.lib(stdlib_func.o)
 .comment       0x00000000       0x31 libs/gcc/app_start.lib(system.o)
 .comment       0x00000000       0x31 libs/gcc/app_start.lib(taskMngt.o)
 .comment       0x00000000       0x31 libs/gcc/app_start.lib(timer.o)
 .comment       0x00000000       0x31 libs/gcc/app_start.lib(uart.o)

.ARM.attributes
                0x00000000       0x2b
 .ARM.attributes
                0x00000000       0x2b build\gcc\obj/custom/config/custom_sys_cfg.o
 .ARM.attributes
                0x0000002b       0x2b build\gcc\obj/custom/config/sys_config.o
 .ARM.attributes
                0x00000056       0x2b build\gcc\obj/ril/src/ril_atResponse.o
 .ARM.attributes
                0x00000081       0x2b build\gcc\obj/ril/src/ril_audio.o
 .ARM.attributes
                0x000000ac       0x2b build\gcc\obj/ril/src/ril_ble.o
 .ARM.attributes
                0x000000d7       0x2b build\gcc\obj/ril/src/ril_ble_clinet.o
 .ARM.attributes
                0x00000102       0x2b build\gcc\obj/ril/src/ril_bluetooth.o
 .ARM.attributes
                0x0000012d       0x2b build\gcc\obj/ril/src/ril_custom.o
 .ARM.attributes
                0x00000158       0x2b build\gcc\obj/ril/src/Ril_dtmf.o
 .ARM.attributes
                0x00000183       0x2b build\gcc\obj/ril/src/ril_gps.o
 .ARM.attributes
                0x000001ae       0x2b build\gcc\obj/ril/src/ril_http.o
 .ARM.attributes
                0x000001d9       0x2b build\gcc\obj/ril/src/ril_init.o
 .ARM.attributes
                0x00000204       0x2b build\gcc\obj/ril/src/ril_location.o
 .ARM.attributes
                0x0000022f       0x2b build\gcc\obj/ril/src/ril_mqtt.o
 .ARM.attributes
                0x0000025a       0x2b build\gcc\obj/ril/src/ril_network.o
 .ARM.attributes
                0x00000285       0x2b build\gcc\obj/ril/src/ril_ntp.o
 .ARM.attributes
                0x000002b0       0x2b build\gcc\obj/ril/src/ril_sim.o
 .ARM.attributes
                0x000002db       0x2b build\gcc\obj/ril/src/ril_system.o
 .ARM.attributes
                0x00000306       0x2b build\gcc\obj/ril/src/ril_telephony.o
 .ARM.attributes
                0x00000331       0x2b build\gcc\obj/ril/src/ril_urc.o
 .ARM.attributes
                0x0000035c       0x2b build\gcc\obj/ril/src/ril_util.o
 .ARM.attributes
                0x00000387       0x2b build\gcc\obj/custom/main.o
 .ARM.attributes
                0x000003b2       0x2b libs/gcc/app_start.lib(memory.o)
 .ARM.attributes
                0x000003dd       0x2b libs/gcc/app_start.lib(power.o)
 .ARM.attributes
                0x00000408       0x2b libs/gcc/app_start.lib(ql_func.o)
 .ARM.attributes
                0x00000433       0x2b libs/gcc/app_start.lib(ql_main.o)
 .ARM.attributes
                0x0000045e       0x2b libs/gcc/app_start.lib(ril_aux.o)
 .ARM.attributes
                0x00000489       0x2b libs/gcc/app_start.lib(ril_main.o)
 .ARM.attributes
                0x000004b4       0x2b libs/gcc/app_start.lib(stdlib_func.o)
 .ARM.attributes
                0x000004df       0x2b libs/gcc/app_start.lib(system.o)
 .ARM.attributes
                0x0000050a       0x2b libs/gcc/app_start.lib(taskMngt.o)
 .ARM.attributes
                0x00000535       0x2b libs/gcc/app_start.lib(timer.o)
 .ARM.attributes
                0x00000560       0x2b libs/gcc/app_start.lib(uart.o)
 .ARM.attributes
                0x0000058b       0x1d libs/gcc/app_start.lib(ocpu_init.o)
 .ARM.attributes
                0x000005a8       0x30 C:\Users\admin\CodeSourcery\Sourcery_CodeBench_Lite_for_ARM_EABI/arm-none-eabi/lib/thumb/libc.a(lib_a-memcpy.o)
 .ARM.attributes
                0x000005d8       0x30 C:\Users\admin\CodeSourcery\Sourcery_CodeBench_Lite_for_ARM_EABI/arm-none-eabi/lib/thumb/libc.a(lib_a-memset.o)
 .ARM.attributes
                0x00000608       0x18 C:\Users\admin\CodeSourcery\Sourcery_CodeBench_Lite_for_ARM_EABI/lib/gcc/arm-none-eabi/4.7.2/thumb/libgcc.a(_udivsi3.o)
 .ARM.attributes
                0x00000620       0x16 C:\Users\admin\CodeSourcery\Sourcery_CodeBench_Lite_for_ARM_EABI/lib/gcc/arm-none-eabi/4.7.2/thumb/libgcc.a(_dvmd_tls.o)
 .ARM.attributes
                0x00000636       0x18 C:\Users\admin\CodeSourcery\Sourcery_CodeBench_Lite_for_ARM_EABI/lib/gcc/arm-none-eabi/4.7.2/thumb/libgcc.a(_arm_addsubdf3.o)
 .ARM.attributes
                0x0000064e       0x18 C:\Users\admin\CodeSourcery\Sourcery_CodeBench_Lite_for_ARM_EABI/lib/gcc/arm-none-eabi/4.7.2/thumb/libgcc.a(_arm_muldivdf3.o)
 .ARM.attributes
                0x00000666       0x18 C:\Users\admin\CodeSourcery\Sourcery_CodeBench_Lite_for_ARM_EABI/lib/gcc/arm-none-eabi/4.7.2/thumb/libgcc.a(_arm_fixdfsi.o)
 .ARM.attributes
                0x0000067e       0x18 C:\Users\admin\CodeSourcery\Sourcery_CodeBench_Lite_for_ARM_EABI/lib/gcc/arm-none-eabi/4.7.2/thumb/libgcc.a(_arm_truncdfsf2.o)
 .ARM.attributes
                0x00000696       0x18 C:\Users\admin\CodeSourcery\Sourcery_CodeBench_Lite_for_ARM_EABI/lib/gcc/arm-none-eabi/4.7.2/thumb/libgcc.a(_arm_addsubsf3.o)
 .ARM.attributes
                0x000006ae       0x18 C:\Users\admin\CodeSourcery\Sourcery_CodeBench_Lite_for_ARM_EABI/lib/gcc/arm-none-eabi/4.7.2/thumb/libgcc.a(_arm_muldivsf3.o)
 .ARM.attributes
                0x000006c6       0x18 C:\Users\admin\CodeSourcery\Sourcery_CodeBench_Lite_for_ARM_EABI/lib/gcc/arm-none-eabi/4.7.2/thumb/libgcc.a(_arm_cmpsf2.o)
 .ARM.attributes
                0x000006de       0x18 C:\Users\admin\CodeSourcery\Sourcery_CodeBench_Lite_for_ARM_EABI/lib/gcc/arm-none-eabi/4.7.2/thumb/libgcc.a(_arm_fixsfsi.o)

.debug_frame    0x00000000       0x84
 .debug_frame   0x00000000       0x38 C:\Users\admin\CodeSourcery\Sourcery_CodeBench_Lite_for_ARM_EABI/arm-none-eabi/lib/thumb/libc.a(lib_a-memcpy.o)
 .debug_frame   0x00000038       0x2c C:\Users\admin\CodeSourcery\Sourcery_CodeBench_Lite_for_ARM_EABI/arm-none-eabi/lib/thumb/libc.a(lib_a-memset.o)
 .debug_frame   0x00000064       0x20 C:\Users\admin\CodeSourcery\Sourcery_CodeBench_Lite_for_ARM_EABI/lib/gcc/arm-none-eabi/4.7.2/thumb/libgcc.a(_udivsi3.o)
